Command line invocation:
    /Applications/Xcode.app/Contents/Developer/usr/bin/xcodebuild -project liuyao.xcodeproj -scheme liuyao -destination "platform=iOS Simulator,name=iPhone 16" build

User defaults from command line:
    IDEPackageSupportUseBuiltinSCM = YES

--- xcodebuild: WARNING: Using the first of multiple matching destinations:
{ platform:iOS Simulator, id:59EFA5B2-EAA7-470A-8FC5-26D041AE442E, OS:18.3.1, name:iPhone 16 }
{ platform:iOS Simulator, id:59EFA5B2-EAA7-470A-8FC5-26D041AE442E, OS:18.3.1, name:iPhone 16 }
Prepare packages

ComputeTargetDependencyGraph
note: Building targets in dependency order
note: Target dependency graph (1 target)
    Target 'liuyao' in project 'liuyao' (no dependencies)

GatherProvisioningInputs

CreateBuildDescription

ExecuteExternalTool /Applications/Xcode.app/Contents/Developer/Toolchains/XcodeDefault.xctoolchain/usr/bin/clang -v -E -dM -isysroot /Applications/Xcode.app/Contents/Developer/Platforms/iPhoneSimulator.platform/Developer/SDKs/iPhoneSimulator18.2.sdk -x c -c /dev/null

ExecuteExternalTool /Applications/Xcode.app/Contents/Developer/usr/bin/momc --dry-run --action generate --swift-version 5.0 --sdkroot /Applications/Xcode.app/Contents/Developer/Platforms/iPhoneSimulator.platform/Developer/SDKs/iPhoneSimulator18.2.sdk --iphonesimulator-deployment-target 16 --module liuyao /Users/zhangshaocong6/Desktop/cs/AI/liuyao/liuyao/DivinationModel.xcdatamodeld /Users/zhangshaocong6/Library/Developer/Xcode/DerivedData/liuyao-folvvhbzvbykjcfspkzmaozmsnto/Build/Intermediates.noindex/liuyao.build/Debug-iphonesimulator/liuyao.build/DerivedSources/CoreDataGenerated/DivinationModel

ExecuteExternalTool /Applications/Xcode.app/Contents/Developer/usr/bin/actool --print-asset-tag-combinations --output-format xml1 /Users/zhangshaocong6/Desktop/cs/AI/liuyao/liuyao/Preview Content/Preview Assets.xcassets /Users/zhangshaocong6/Desktop/cs/AI/liuyao/liuyao/Assets.xcassets

ExecuteExternalTool /Applications/Xcode.app/Contents/Developer/usr/bin/actool --version --output-format xml1

ExecuteExternalTool /Applications/Xcode.app/Contents/Developer/Toolchains/XcodeDefault.xctoolchain/usr/bin/swiftc --version

ExecuteExternalTool /Applications/Xcode.app/Contents/Developer/Toolchains/XcodeDefault.xctoolchain/usr/bin/ld -version_details

Build description signature: 89bf987aa2b1dbecdb8226b7c96701b2
Build description path: /Users/zhangshaocong6/Library/Developer/Xcode/DerivedData/liuyao-folvvhbzvbykjcfspkzmaozmsnto/Build/Intermediates.noindex/XCBuildData/89bf987aa2b1dbecdb8226b7c96701b2.xcbuilddata
ClangStatCache /Applications/Xcode.app/Contents/Developer/Toolchains/XcodeDefault.xctoolchain/usr/bin/clang-stat-cache /Applications/Xcode.app/Contents/Developer/Platforms/iPhoneSimulator.platform/Developer/SDKs/iPhoneSimulator18.2.sdk /Users/zhangshaocong6/Library/Developer/Xcode/DerivedData/SDKStatCaches.noindex/iphonesimulator18.2-22C146-07b28473f605e47e75261259d3ef3b5a.sdkstatcache
    cd /Users/zhangshaocong6/Desktop/cs/AI/liuyao/liuyao.xcodeproj
    /Applications/Xcode.app/Contents/Developer/Toolchains/XcodeDefault.xctoolchain/usr/bin/clang-stat-cache /Applications/Xcode.app/Contents/Developer/Platforms/iPhoneSimulator.platform/Developer/SDKs/iPhoneSimulator18.2.sdk -o /Users/zhangshaocong6/Library/Developer/Xcode/DerivedData/SDKStatCaches.noindex/iphonesimulator18.2-22C146-07b28473f605e47e75261259d3ef3b5a.sdkstatcache

ProcessInfoPlistFile /Users/zhangshaocong6/Library/Developer/Xcode/DerivedData/liuyao-folvvhbzvbykjcfspkzmaozmsnto/Build/Products/Debug-iphonesimulator/liuyao.app/Info.plist /Users/zhangshaocong6/Library/Developer/Xcode/DerivedData/liuyao-folvvhbzvbykjcfspkzmaozmsnto/Build/Intermediates.noindex/liuyao.build/Debug-iphonesimulator/liuyao.build/empty-liuyao.plist (in target 'liuyao' from project 'liuyao')
    cd /Users/zhangshaocong6/Desktop/cs/AI/liuyao
    builtin-infoPlistUtility /Users/zhangshaocong6/Library/Developer/Xcode/DerivedData/liuyao-folvvhbzvbykjcfspkzmaozmsnto/Build/Intermediates.noindex/liuyao.build/Debug-iphonesimulator/liuyao.build/empty-liuyao.plist -producttype com.apple.product-type.application -genpkginfo /Users/zhangshaocong6/Library/Developer/Xcode/DerivedData/liuyao-folvvhbzvbykjcfspkzmaozmsnto/Build/Products/Debug-iphonesimulator/liuyao.app/PkgInfo -expandbuildsettings -format binary -platform iphonesimulator -additionalcontentfile /Users/zhangshaocong6/Library/Developer/Xcode/DerivedData/liuyao-folvvhbzvbykjcfspkzmaozmsnto/Build/Intermediates.noindex/liuyao.build/Debug-iphonesimulator/liuyao.build/assetcatalog_generated_info.plist -o /Users/zhangshaocong6/Library/Developer/Xcode/DerivedData/liuyao-folvvhbzvbykjcfspkzmaozmsnto/Build/Products/Debug-iphonesimulator/liuyao.app/Info.plist

SwiftDriver liuyao normal arm64 com.apple.xcode.tools.swift.compiler (in target 'liuyao' from project 'liuyao')
    cd /Users/zhangshaocong6/Desktop/cs/AI/liuyao
    builtin-SwiftDriver -- /Applications/Xcode.app/Contents/Developer/Toolchains/XcodeDefault.xctoolchain/usr/bin/swiftc -module-name liuyao -Onone -enforce-exclusivity\=checked @/Users/zhangshaocong6/Library/Developer/Xcode/DerivedData/liuyao-folvvhbzvbykjcfspkzmaozmsnto/Build/Intermediates.noindex/liuyao.build/Debug-iphonesimulator/liuyao.build/Objects-normal/arm64/liuyao.SwiftFileList -DDEBUG -enable-bare-slash-regex -enable-experimental-feature DebugDescriptionMacro -sdk /Applications/Xcode.app/Contents/Developer/Platforms/iPhoneSimulator.platform/Developer/SDKs/iPhoneSimulator18.2.sdk -target arm64-apple-ios16-simulator -g -module-cache-path /Users/zhangshaocong6/Library/Developer/Xcode/DerivedData/ModuleCache.noindex -Xfrontend -serialize-debugging-options -profile-coverage-mapping -profile-generate -enable-testing -index-store-path /Users/zhangshaocong6/Library/Developer/Xcode/DerivedData/liuyao-folvvhbzvbykjcfspkzmaozmsnto/Index.noindex/DataStore -enable-experimental-feature OpaqueTypeErasure -Xcc -D_LIBCPP_HARDENING_MODE\=_LIBCPP_HARDENING_MODE_DEBUG -swift-version 5 -I /Users/zhangshaocong6/Library/Developer/Xcode/DerivedData/liuyao-folvvhbzvbykjcfspkzmaozmsnto/Build/Products/Debug-iphonesimulator -F /Users/zhangshaocong6/Library/Developer/Xcode/DerivedData/liuyao-folvvhbzvbykjcfspkzmaozmsnto/Build/Products/Debug-iphonesimulator -emit-localized-strings -emit-localized-strings-path /Users/zhangshaocong6/Library/Developer/Xcode/DerivedData/liuyao-folvvhbzvbykjcfspkzmaozmsnto/Build/Intermediates.noindex/liuyao.build/Debug-iphonesimulator/liuyao.build/Objects-normal/arm64 -c -j10 -enable-batch-mode -incremental -Xcc -ivfsstatcache -Xcc /Users/zhangshaocong6/Library/Developer/Xcode/DerivedData/SDKStatCaches.noindex/iphonesimulator18.2-22C146-07b28473f605e47e75261259d3ef3b5a.sdkstatcache -output-file-map /Users/zhangshaocong6/Library/Developer/Xcode/DerivedData/liuyao-folvvhbzvbykjcfspkzmaozmsnto/Build/Intermediates.noindex/liuyao.build/Debug-iphonesimulator/liuyao.build/Objects-normal/arm64/liuyao-OutputFileMap.json -use-frontend-parseable-output -save-temps -no-color-diagnostics -serialize-diagnostics -emit-dependencies -emit-module -emit-module-path /Users/zhangshaocong6/Library/Developer/Xcode/DerivedData/liuyao-folvvhbzvbykjcfspkzmaozmsnto/Build/Intermediates.noindex/liuyao.build/Debug-iphonesimulator/liuyao.build/Objects-normal/arm64/liuyao.swiftmodule -validate-clang-modules-once -clang-build-session-file /Users/zhangshaocong6/Library/Developer/Xcode/DerivedData/ModuleCache.noindex/Session.modulevalidation -Xcc -I/Users/zhangshaocong6/Library/Developer/Xcode/DerivedData/liuyao-folvvhbzvbykjcfspkzmaozmsnto/Build/Intermediates.noindex/liuyao.build/Debug-iphonesimulator/liuyao.build/swift-overrides.hmap -emit-const-values -Xfrontend -const-gather-protocols-file -Xfrontend /Users/zhangshaocong6/Library/Developer/Xcode/DerivedData/liuyao-folvvhbzvbykjcfspkzmaozmsnto/Build/Intermediates.noindex/liuyao.build/Debug-iphonesimulator/liuyao.build/Objects-normal/arm64/liuyao_const_extract_protocols.json -Xcc -iquote -Xcc /Users/zhangshaocong6/Library/Developer/Xcode/DerivedData/liuyao-folvvhbzvbykjcfspkzmaozmsnto/Build/Intermediates.noindex/liuyao.build/Debug-iphonesimulator/liuyao.build/liuyao-generated-files.hmap -Xcc -I/Users/zhangshaocong6/Library/Developer/Xcode/DerivedData/liuyao-folvvhbzvbykjcfspkzmaozmsnto/Build/Intermediates.noindex/liuyao.build/Debug-iphonesimulator/liuyao.build/liuyao-own-target-headers.hmap -Xcc -I/Users/zhangshaocong6/Library/Developer/Xcode/DerivedData/liuyao-folvvhbzvbykjcfspkzmaozmsnto/Build/Intermediates.noindex/liuyao.build/Debug-iphonesimulator/liuyao.build/liuyao-all-target-headers.hmap -Xcc -iquote -Xcc /Users/zhangshaocong6/Library/Developer/Xcode/DerivedData/liuyao-folvvhbzvbykjcfspkzmaozmsnto/Build/Intermediates.noindex/liuyao.build/Debug-iphonesimulator/liuyao.build/liuyao-project-headers.hmap -Xcc -I/Users/zhangshaocong6/Library/Developer/Xcode/DerivedData/liuyao-folvvhbzvbykjcfspkzmaozmsnto/Build/Products/Debug-iphonesimulator/include -Xcc -I/Users/zhangshaocong6/Library/Developer/Xcode/DerivedData/liuyao-folvvhbzvbykjcfspkzmaozmsnto/Build/Intermediates.noindex/liuyao.build/Debug-iphonesimulator/liuyao.build/DerivedSources-normal/arm64 -Xcc -I/Users/zhangshaocong6/Library/Developer/Xcode/DerivedData/liuyao-folvvhbzvbykjcfspkzmaozmsnto/Build/Intermediates.noindex/liuyao.build/Debug-iphonesimulator/liuyao.build/DerivedSources/arm64 -Xcc -I/Users/zhangshaocong6/Library/Developer/Xcode/DerivedData/liuyao-folvvhbzvbykjcfspkzmaozmsnto/Build/Intermediates.noindex/liuyao.build/Debug-iphonesimulator/liuyao.build/DerivedSources -Xcc -DDEBUG\=1 -emit-objc-header -emit-objc-header-path /Users/zhangshaocong6/Library/Developer/Xcode/DerivedData/liuyao-folvvhbzvbykjcfspkzmaozmsnto/Build/Intermediates.noindex/liuyao.build/Debug-iphonesimulator/liuyao.build/Objects-normal/arm64/liuyao-Swift.h -working-directory /Users/zhangshaocong6/Desktop/cs/AI/liuyao -experimental-emit-module-separately -disable-cmo

SwiftEmitModule normal arm64 Emitting\ module\ for\ liuyao (in target 'liuyao' from project 'liuyao')
    cd /Users/zhangshaocong6/Desktop/cs/AI/liuyao
    builtin-swiftTaskExecution -- /Applications/Xcode.app/Contents/Developer/Toolchains/XcodeDefault.xctoolchain/usr/bin/swift-frontend -frontend -emit-module -experimental-skip-non-inlinable-function-bodies-without-types /Users/zhangshaocong6/Desktop/cs/AI/liuyao/liuyao/AIModels.swift /Users/zhangshaocong6/Desktop/cs/AI/liuyao/liuyao/AIService.swift /Users/zhangshaocong6/Desktop/cs/AI/liuyao/liuyao/ChatMasterView.swift /Users/zhangshaocong6/Desktop/cs/AI/liuyao/liuyao/CoinTossPageView.swift /Users/zhangshaocong6/Desktop/cs/AI/liuyao/liuyao/ContentView.swift /Users/zhangshaocong6/Desktop/cs/AI/liuyao/liuyao/DataModels.swift /Users/zhangshaocong6/Desktop/cs/AI/liuyao/liuyao/DivinationPageView.swift /Users/zhangshaocong6/Desktop/cs/AI/liuyao/liuyao/DivinationResultPageView.swift /Users/zhangshaocong6/Desktop/cs/AI/liuyao/liuyao/HistoryPageView.swift /Users/zhangshaocong6/Desktop/cs/AI/liuyao/liuyao/HistoryView.swift /Users/zhangshaocong6/Desktop/cs/AI/liuyao/liuyao/LearningPageView.swift /Users/zhangshaocong6/Desktop/cs/AI/liuyao/liuyao/LearningView.swift /Users/zhangshaocong6/Desktop/cs/AI/liuyao/liuyao/liuyaoApp.swift /Users/zhangshaocong6/Desktop/cs/AI/liuyao/liuyao/LocationManager.swift /Users/zhangshaocong6/Desktop/cs/AI/liuyao/liuyao/NetworkService.swift /Users/zhangshaocong6/Desktop/cs/AI/liuyao/liuyao/SharedComponents.swift /Users/zhangshaocong6/Library/Developer/Xcode/DerivedData/liuyao-folvvhbzvbykjcfspkzmaozmsnto/Build/Intermediates.noindex/liuyao.build/Debug-iphonesimulator/liuyao.build/DerivedSources/CoreDataGenerated/DivinationModel/DivinationRecord+CoreDataClass.swift /Users/zhangshaocong6/Library/Developer/Xcode/DerivedData/liuyao-folvvhbzvbykjcfspkzmaozmsnto/Build/Intermediates.noindex/liuyao.build/Debug-iphonesimulator/liuyao.build/DerivedSources/CoreDataGenerated/DivinationModel/DivinationRecord+CoreDataProperties.swift /Users/zhangshaocong6/Library/Developer/Xcode/DerivedData/liuyao-folvvhbzvbykjcfspkzmaozmsnto/Build/Intermediates.noindex/liuyao.build/Debug-iphonesimulator/liuyao.build/DerivedSources/CoreDataGenerated/DivinationModel/Entity1+CoreDataClass.swift /Users/zhangshaocong6/Library/Developer/Xcode/DerivedData/liuyao-folvvhbzvbykjcfspkzmaozmsnto/Build/Intermediates.noindex/liuyao.build/Debug-iphonesimulator/liuyao.build/DerivedSources/CoreDataGenerated/DivinationModel/Entity1+CoreDataProperties.swift /Users/zhangshaocong6/Library/Developer/Xcode/DerivedData/liuyao-folvvhbzvbykjcfspkzmaozmsnto/Build/Intermediates.noindex/liuyao.build/Debug-iphonesimulator/liuyao.build/DerivedSources/CoreDataGenerated/DivinationModel/DivinationModel+CoreDataModel.swift /Users/zhangshaocong6/Library/Developer/Xcode/DerivedData/liuyao-folvvhbzvbykjcfspkzmaozmsnto/Build/Intermediates.noindex/liuyao.build/Debug-iphonesimulator/liuyao.build/DerivedSources/GeneratedAssetSymbols.swift -target arm64-apple-ios16-simulator -Xllvm -aarch64-use-tbi -enable-objc-interop -sdk /Applications/Xcode.app/Contents/Developer/Platforms/iPhoneSimulator.platform/Developer/SDKs/iPhoneSimulator18.2.sdk -I /Users/zhangshaocong6/Library/Developer/Xcode/DerivedData/liuyao-folvvhbzvbykjcfspkzmaozmsnto/Build/Products/Debug-iphonesimulator -F /Users/zhangshaocong6/Library/Developer/Xcode/DerivedData/liuyao-folvvhbzvbykjcfspkzmaozmsnto/Build/Products/Debug-iphonesimulator -no-color-diagnostics -enable-testing -g -debug-info-format\=dwarf -dwarf-version\=4 -module-cache-path /Users/zhangshaocong6/Library/Developer/Xcode/DerivedData/ModuleCache.noindex -profile-generate -profile-coverage-mapping -swift-version 5 -enforce-exclusivity\=checked -Onone -D DEBUG -serialize-debugging-options -const-gather-protocols-file /Users/zhangshaocong6/Library/Developer/Xcode/DerivedData/liuyao-folvvhbzvbykjcfspkzmaozmsnto/Build/Intermediates.noindex/liuyao.build/Debug-iphonesimulator/liuyao.build/Objects-normal/arm64/liuyao_const_extract_protocols.json -enable-experimental-feature DebugDescriptionMacro -enable-experimental-feature OpaqueTypeErasure -enable-bare-slash-regex -empty-abi-descriptor -validate-clang-modules-once -clang-build-session-file /Users/zhangshaocong6/Library/Developer/Xcode/DerivedData/ModuleCache.noindex/Session.modulevalidation -Xcc -working-directory -Xcc /Users/zhangshaocong6/Desktop/cs/AI/liuyao -resource-dir /Applications/Xcode.app/Contents/Developer/Toolchains/XcodeDefault.xctoolchain/usr/lib/swift -enable-anonymous-context-mangled-names -file-compilation-dir /Users/zhangshaocong6/Desktop/cs/AI/liuyao -Xcc -D_LIBCPP_HARDENING_MODE\=_LIBCPP_HARDENING_MODE_DEBUG -Xcc -ivfsstatcache -Xcc /Users/zhangshaocong6/Library/Developer/Xcode/DerivedData/SDKStatCaches.noindex/iphonesimulator18.2-22C146-07b28473f605e47e75261259d3ef3b5a.sdkstatcache -Xcc -I/Users/zhangshaocong6/Library/Developer/Xcode/DerivedData/liuyao-folvvhbzvbykjcfspkzmaozmsnto/Build/Intermediates.noindex/liuyao.build/Debug-iphonesimulator/liuyao.build/swift-overrides.hmap -Xcc -iquote -Xcc /Users/zhangshaocong6/Library/Developer/Xcode/DerivedData/liuyao-folvvhbzvbykjcfspkzmaozmsnto/Build/Intermediates.noindex/liuyao.build/Debug-iphonesimulator/liuyao.build/liuyao-generated-files.hmap -Xcc -I/Users/zhangshaocong6/Library/Developer/Xcode/DerivedData/liuyao-folvvhbzvbykjcfspkzmaozmsnto/Build/Intermediates.noindex/liuyao.build/Debug-iphonesimulator/liuyao.build/liuyao-own-target-headers.hmap -Xcc -I/Users/zhangshaocong6/Library/Developer/Xcode/DerivedData/liuyao-folvvhbzvbykjcfspkzmaozmsnto/Build/Intermediates.noindex/liuyao.build/Debug-iphonesimulator/liuyao.build/liuyao-all-target-headers.hmap -Xcc -iquote -Xcc /Users/zhangshaocong6/Library/Developer/Xcode/DerivedData/liuyao-folvvhbzvbykjcfspkzmaozmsnto/Build/Intermediates.noindex/liuyao.build/Debug-iphonesimulator/liuyao.build/liuyao-project-headers.hmap -Xcc -I/Users/zhangshaocong6/Library/Developer/Xcode/DerivedData/liuyao-folvvhbzvbykjcfspkzmaozmsnto/Build/Products/Debug-iphonesimulator/include -Xcc -I/Users/zhangshaocong6/Library/Developer/Xcode/DerivedData/liuyao-folvvhbzvbykjcfspkzmaozmsnto/Build/Intermediates.noindex/liuyao.build/Debug-iphonesimulator/liuyao.build/DerivedSources-normal/arm64 -Xcc -I/Users/zhangshaocong6/Library/Developer/Xcode/DerivedData/liuyao-folvvhbzvbykjcfspkzmaozmsnto/Build/Intermediates.noindex/liuyao.build/Debug-iphonesimulator/liuyao.build/DerivedSources/arm64 -Xcc -I/Users/zhangshaocong6/Library/Developer/Xcode/DerivedData/liuyao-folvvhbzvbykjcfspkzmaozmsnto/Build/Intermediates.noindex/liuyao.build/Debug-iphonesimulator/liuyao.build/DerivedSources -Xcc -DDEBUG\=1 -module-name liuyao -frontend-parseable-output -disable-clang-spi -target-sdk-version 18.2 -target-sdk-name iphonesimulator18.2 -external-plugin-path /Applications/Xcode.app/Contents/Developer/Platforms/iPhoneOS.platform/Developer/usr/lib/swift/host/plugins\#/Applications/Xcode.app/Contents/Developer/Platforms/iPhoneOS.platform/Developer/usr/bin/swift-plugin-server -external-plugin-path /Applications/Xcode.app/Contents/Developer/Platforms/iPhoneOS.platform/Developer/usr/local/lib/swift/host/plugins\#/Applications/Xcode.app/Contents/Developer/Platforms/iPhoneOS.platform/Developer/usr/bin/swift-plugin-server -plugin-path /Applications/Xcode.app/Contents/Developer/Toolchains/XcodeDefault.xctoolchain/usr/lib/swift/host/plugins -plugin-path /Applications/Xcode.app/Contents/Developer/Toolchains/XcodeDefault.xctoolchain/usr/local/lib/swift/host/plugins -emit-module-doc-path /Users/zhangshaocong6/Library/Developer/Xcode/DerivedData/liuyao-folvvhbzvbykjcfspkzmaozmsnto/Build/Intermediates.noindex/liuyao.build/Debug-iphonesimulator/liuyao.build/Objects-normal/arm64/liuyao.swiftdoc -emit-module-source-info-path /Users/zhangshaocong6/Library/Developer/Xcode/DerivedData/liuyao-folvvhbzvbykjcfspkzmaozmsnto/Build/Intermediates.noindex/liuyao.build/Debug-iphonesimulator/liuyao.build/Objects-normal/arm64/liuyao.swiftsourceinfo -emit-objc-header-path /Users/zhangshaocong6/Library/Developer/Xcode/DerivedData/liuyao-folvvhbzvbykjcfspkzmaozmsnto/Build/Intermediates.noindex/liuyao.build/Debug-iphonesimulator/liuyao.build/Objects-normal/arm64/liuyao-Swift.h -serialize-diagnostics-path /Users/zhangshaocong6/Library/Developer/Xcode/DerivedData/liuyao-folvvhbzvbykjcfspkzmaozmsnto/Build/Intermediates.noindex/liuyao.build/Debug-iphonesimulator/liuyao.build/Objects-normal/arm64/liuyao-master-emit-module.dia -emit-dependencies-path /Users/zhangshaocong6/Library/Developer/Xcode/DerivedData/liuyao-folvvhbzvbykjcfspkzmaozmsnto/Build/Intermediates.noindex/liuyao.build/Debug-iphonesimulator/liuyao.build/Objects-normal/arm64/liuyao-master-emit-module.d -o /Users/zhangshaocong6/Library/Developer/Xcode/DerivedData/liuyao-folvvhbzvbykjcfspkzmaozmsnto/Build/Intermediates.noindex/liuyao.build/Debug-iphonesimulator/liuyao.build/Objects-normal/arm64/liuyao.swiftmodule -emit-abi-descriptor-path /Users/zhangshaocong6/Library/Developer/Xcode/DerivedData/liuyao-folvvhbzvbykjcfspkzmaozmsnto/Build/Intermediates.noindex/liuyao.build/Debug-iphonesimulator/liuyao.build/Objects-normal/arm64/liuyao.abi.json

EmitSwiftModule normal arm64 (in target 'liuyao' from project 'liuyao')
    cd /Users/zhangshaocong6/Desktop/cs/AI/liuyao
    /Applications/Xcode.app/Contents/Developer/Toolchains/XcodeDefault.xctoolchain/usr/bin/swift-frontend -emit-module -experimental-skip-non-inlinable-function-bodies-without-types /Users/zhangshaocong6/Desktop/cs/AI/liuyao/liuyao/AIModels.swift /Users/zhangshaocong6/Desktop/cs/AI/liuyao/liuyao/AIService.swift /Users/zhangshaocong6/Desktop/cs/AI/liuyao/liuyao/ChatMasterView.swift /Users/zhangshaocong6/Desktop/cs/AI/liuyao/liuyao/CoinTossPageView.swift /Users/zhangshaocong6/Desktop/cs/AI/liuyao/liuyao/ContentView.swift /Users/zhangshaocong6/Desktop/cs/AI/liuyao/liuyao/DataModels.swift /Users/zhangshaocong6/Desktop/cs/AI/liuyao/liuyao/DivinationPageView.swift /Users/zhangshaocong6/Desktop/cs/AI/liuyao/liuyao/DivinationResultPageView.swift /Users/zhangshaocong6/Desktop/cs/AI/liuyao/liuyao/HistoryPageView.swift /Users/zhangshaocong6/Desktop/cs/AI/liuyao/liuyao/HistoryView.swift /Users/zhangshaocong6/Desktop/cs/AI/liuyao/liuyao/LearningPageView.swift /Users/zhangshaocong6/Desktop/cs/AI/liuyao/liuyao/LearningView.swift /Users/zhangshaocong6/Desktop/cs/AI/liuyao/liuyao/liuyaoApp.swift /Users/zhangshaocong6/Desktop/cs/AI/liuyao/liuyao/LocationManager.swift /Users/zhangshaocong6/Desktop/cs/AI/liuyao/liuyao/NetworkService.swift /Users/zhangshaocong6/Desktop/cs/AI/liuyao/liuyao/SharedComponents.swift /Users/zhangshaocong6/Library/Developer/Xcode/DerivedData/liuyao-folvvhbzvbykjcfspkzmaozmsnto/Build/Intermediates.noindex/liuyao.build/Debug-iphonesimulator/liuyao.build/DerivedSources/CoreDataGenerated/DivinationModel/DivinationRecord+CoreDataClass.swift /Users/zhangshaocong6/Library/Developer/Xcode/DerivedData/liuyao-folvvhbzvbykjcfspkzmaozmsnto/Build/Intermediates.noindex/liuyao.build/Debug-iphonesimulator/liuyao.build/DerivedSources/CoreDataGenerated/DivinationModel/DivinationRecord+CoreDataProperties.swift /Users/zhangshaocong6/Library/Developer/Xcode/DerivedData/liuyao-folvvhbzvbykjcfspkzmaozmsnto/Build/Intermediates.noindex/liuyao.build/Debug-iphonesimulator/liuyao.build/DerivedSources/CoreDataGenerated/DivinationModel/Entity1+CoreDataClass.swift /Users/zhangshaocong6/Library/Developer/Xcode/DerivedData/liuyao-folvvhbzvbykjcfspkzmaozmsnto/Build/Intermediates.noindex/liuyao.build/Debug-iphonesimulator/liuyao.build/DerivedSources/CoreDataGenerated/DivinationModel/Entity1+CoreDataProperties.swift /Users/zhangshaocong6/Library/Developer/Xcode/DerivedData/liuyao-folvvhbzvbykjcfspkzmaozmsnto/Build/Intermediates.noindex/liuyao.build/Debug-iphonesimulator/liuyao.build/DerivedSources/CoreDataGenerated/DivinationModel/DivinationModel+CoreDataModel.swift /Users/zhangshaocong6/Library/Developer/Xcode/DerivedData/liuyao-folvvhbzvbykjcfspkzmaozmsnto/Build/Intermediates.noindex/liuyao.build/Debug-iphonesimulator/liuyao.build/DerivedSources/GeneratedAssetSymbols.swift -target arm64-apple-ios16-simulator -Xllvm -aarch64-use-tbi -enable-objc-interop -sdk /Applications/Xcode.app/Contents/Developer/Platforms/iPhoneSimulator.platform/Developer/SDKs/iPhoneSimulator18.2.sdk -I /Users/zhangshaocong6/Library/Developer/Xcode/DerivedData/liuyao-folvvhbzvbykjcfspkzmaozmsnto/Build/Products/Debug-iphonesimulator -F /Users/zhangshaocong6/Library/Developer/Xcode/DerivedData/liuyao-folvvhbzvbykjcfspkzmaozmsnto/Build/Products/Debug-iphonesimulator -no-color-diagnostics -enable-testing -g -debug-info-format\=dwarf -dwarf-version\=4 -module-cache-path /Users/zhangshaocong6/Library/Developer/Xcode/DerivedData/ModuleCache.noindex -profile-generate -profile-coverage-mapping -swift-version 5 -enforce-exclusivity\=checked -Onone -D DEBUG -serialize-debugging-options -const-gather-protocols-file /Users/zhangshaocong6/Library/Developer/Xcode/DerivedData/liuyao-folvvhbzvbykjcfspkzmaozmsnto/Build/Intermediates.noindex/liuyao.build/Debug-iphonesimulator/liuyao.build/Objects-normal/arm64/liuyao_const_extract_protocols.json -enable-experimental-feature DebugDescriptionMacro -enable-experimental-feature OpaqueTypeErasure -enable-bare-slash-regex -empty-abi-descriptor -validate-clang-modules-once -clang-build-session-file /Users/zhangshaocong6/Library/Developer/Xcode/DerivedData/ModuleCache.noindex/Session.modulevalidation -Xcc -working-directory -Xcc /Users/zhangshaocong6/Desktop/cs/AI/liuyao -resource-dir /Applications/Xcode.app/Contents/Developer/Toolchains/XcodeDefault.xctoolchain/usr/lib/swift -enable-anonymous-context-mangled-names -file-compilation-dir /Users/zhangshaocong6/Desktop/cs/AI/liuyao -Xcc -D_LIBCPP_HARDENING_MODE\=_LIBCPP_HARDENING_MODE_DEBUG -Xcc -ivfsstatcache -Xcc /Users/zhangshaocong6/Library/Developer/Xcode/DerivedData/SDKStatCaches.noindex/iphonesimulator18.2-22C146-07b28473f605e47e75261259d3ef3b5a.sdkstatcache -Xcc -I/Users/zhangshaocong6/Library/Developer/Xcode/DerivedData/liuyao-folvvhbzvbykjcfspkzmaozmsnto/Build/Intermediates.noindex/liuyao.build/Debug-iphonesimulator/liuyao.build/swift-overrides.hmap -Xcc -iquote -Xcc /Users/zhangshaocong6/Library/Developer/Xcode/DerivedData/liuyao-folvvhbzvbykjcfspkzmaozmsnto/Build/Intermediates.noindex/liuyao.build/Debug-iphonesimulator/liuyao.build/liuyao-generated-files.hmap -Xcc -I/Users/zhangshaocong6/Library/Developer/Xcode/DerivedData/liuyao-folvvhbzvbykjcfspkzmaozmsnto/Build/Intermediates.noindex/liuyao.build/Debug-iphonesimulator/liuyao.build/liuyao-own-target-headers.hmap -Xcc -I/Users/zhangshaocong6/Library/Developer/Xcode/DerivedData/liuyao-folvvhbzvbykjcfspkzmaozmsnto/Build/Intermediates.noindex/liuyao.build/Debug-iphonesimulator/liuyao.build/liuyao-all-target-headers.hmap -Xcc -iquote -Xcc /Users/zhangshaocong6/Library/Developer/Xcode/DerivedData/liuyao-folvvhbzvbykjcfspkzmaozmsnto/Build/Intermediates.noindex/liuyao.build/Debug-iphonesimulator/liuyao.build/liuyao-project-headers.hmap -Xcc -I/Users/zhangshaocong6/Library/Developer/Xcode/DerivedData/liuyao-folvvhbzvbykjcfspkzmaozmsnto/Build/Products/Debug-iphonesimulator/include -Xcc -I/Users/zhangshaocong6/Library/Developer/Xcode/DerivedData/liuyao-folvvhbzvbykjcfspkzmaozmsnto/Build/Intermediates.noindex/liuyao.build/Debug-iphonesimulator/liuyao.build/DerivedSources-normal/arm64 -Xcc -I/Users/zhangshaocong6/Library/Developer/Xcode/DerivedData/liuyao-folvvhbzvbykjcfspkzmaozmsnto/Build/Intermediates.noindex/liuyao.build/Debug-iphonesimulator/liuyao.build/DerivedSources/arm64 -Xcc -I/Users/zhangshaocong6/Library/Developer/Xcode/DerivedData/liuyao-folvvhbzvbykjcfspkzmaozmsnto/Build/Intermediates.noindex/liuyao.build/Debug-iphonesimulator/liuyao.build/DerivedSources -Xcc -DDEBUG\=1 -module-name liuyao -frontend-parseable-output -disable-clang-spi -target-sdk-version 18.2 -target-sdk-name iphonesimulator18.2 -external-plugin-path /Applications/Xcode.app/Contents/Developer/Platforms/iPhoneOS.platform/Developer/usr/lib/swift/host/plugins\#/Applications/Xcode.app/Contents/Developer/Platforms/iPhoneOS.platform/Developer/usr/bin/swift-plugin-server -external-plugin-path /Applications/Xcode.app/Contents/Developer/Platforms/iPhoneOS.platform/Developer/usr/local/lib/swift/host/plugins\#/Applications/Xcode.app/Contents/Developer/Platforms/iPhoneOS.platform/Developer/usr/bin/swift-plugin-server -plugin-path /Applications/Xcode.app/Contents/Developer/Toolchains/XcodeDefault.xctoolchain/usr/lib/swift/host/plugins -plugin-path /Applications/Xcode.app/Contents/Developer/Toolchains/XcodeDefault.xctoolchain/usr/local/lib/swift/host/plugins -emit-module-doc-path /Users/zhangshaocong6/Library/Developer/Xcode/DerivedData/liuyao-folvvhbzvbykjcfspkzmaozmsnto/Build/Intermediates.noindex/liuyao.build/Debug-iphonesimulator/liuyao.build/Objects-normal/arm64/liuyao.swiftdoc -emit-module-source-info-path /Users/zhangshaocong6/Library/Developer/Xcode/DerivedData/liuyao-folvvhbzvbykjcfspkzmaozmsnto/Build/Intermediates.noindex/liuyao.build/Debug-iphonesimulator/liuyao.build/Objects-normal/arm64/liuyao.swiftsourceinfo -emit-objc-header-path /Users/zhangshaocong6/Library/Developer/Xcode/DerivedData/liuyao-folvvhbzvbykjcfspkzmaozmsnto/Build/Intermediates.noindex/liuyao.build/Debug-iphonesimulator/liuyao.build/Objects-normal/arm64/liuyao-Swift.h -serialize-diagnostics-path /Users/zhangshaocong6/Library/Developer/Xcode/DerivedData/liuyao-folvvhbzvbykjcfspkzmaozmsnto/Build/Intermediates.noindex/liuyao.build/Debug-iphonesimulator/liuyao.build/Objects-normal/arm64/liuyao-master-emit-module.dia -emit-dependencies-path /Users/zhangshaocong6/Library/Developer/Xcode/DerivedData/liuyao-folvvhbzvbykjcfspkzmaozmsnto/Build/Intermediates.noindex/liuyao.build/Debug-iphonesimulator/liuyao.build/Objects-normal/arm64/liuyao-master-emit-module.d -o /Users/zhangshaocong6/Library/Developer/Xcode/DerivedData/liuyao-folvvhbzvbykjcfspkzmaozmsnto/Build/Intermediates.noindex/liuyao.build/Debug-iphonesimulator/liuyao.build/Objects-normal/arm64/liuyao.swiftmodule -emit-abi-descriptor-path /Users/zhangshaocong6/Library/Developer/Xcode/DerivedData/liuyao-folvvhbzvbykjcfspkzmaozmsnto/Build/Intermediates.noindex/liuyao.build/Debug-iphonesimulator/liuyao.build/Objects-normal/arm64/liuyao.abi.json

SwiftCompile normal arm64 Compiling\ DivinationRecord+CoreDataProperties.swift /Users/zhangshaocong6/Library/Developer/Xcode/DerivedData/liuyao-folvvhbzvbykjcfspkzmaozmsnto/Build/Intermediates.noindex/liuyao.build/Debug-iphonesimulator/liuyao.build/DerivedSources/CoreDataGenerated/DivinationModel/DivinationRecord+CoreDataProperties.swift (in target 'liuyao' from project 'liuyao')
    cd /Users/zhangshaocong6/Desktop/cs/AI/liuyao
    builtin-swiftTaskExecution -- /Applications/Xcode.app/Contents/Developer/Toolchains/XcodeDefault.xctoolchain/usr/bin/swift-frontend -frontend -c /Users/zhangshaocong6/Desktop/cs/AI/liuyao/liuyao/AIModels.swift /Users/zhangshaocong6/Desktop/cs/AI/liuyao/liuyao/AIService.swift /Users/zhangshaocong6/Desktop/cs/AI/liuyao/liuyao/ChatMasterView.swift /Users/zhangshaocong6/Desktop/cs/AI/liuyao/liuyao/CoinTossPageView.swift /Users/zhangshaocong6/Desktop/cs/AI/liuyao/liuyao/ContentView.swift /Users/zhangshaocong6/Desktop/cs/AI/liuyao/liuyao/DataModels.swift /Users/zhangshaocong6/Desktop/cs/AI/liuyao/liuyao/DivinationPageView.swift /Users/zhangshaocong6/Desktop/cs/AI/liuyao/liuyao/DivinationResultPageView.swift /Users/zhangshaocong6/Desktop/cs/AI/liuyao/liuyao/HistoryPageView.swift /Users/zhangshaocong6/Desktop/cs/AI/liuyao/liuyao/HistoryView.swift /Users/zhangshaocong6/Desktop/cs/AI/liuyao/liuyao/LearningPageView.swift /Users/zhangshaocong6/Desktop/cs/AI/liuyao/liuyao/LearningView.swift /Users/zhangshaocong6/Desktop/cs/AI/liuyao/liuyao/liuyaoApp.swift /Users/zhangshaocong6/Desktop/cs/AI/liuyao/liuyao/LocationManager.swift /Users/zhangshaocong6/Desktop/cs/AI/liuyao/liuyao/NetworkService.swift /Users/zhangshaocong6/Desktop/cs/AI/liuyao/liuyao/SharedComponents.swift /Users/zhangshaocong6/Library/Developer/Xcode/DerivedData/liuyao-folvvhbzvbykjcfspkzmaozmsnto/Build/Intermediates.noindex/liuyao.build/Debug-iphonesimulator/liuyao.build/DerivedSources/CoreDataGenerated/DivinationModel/DivinationRecord+CoreDataClass.swift -primary-file /Users/zhangshaocong6/Library/Developer/Xcode/DerivedData/liuyao-folvvhbzvbykjcfspkzmaozmsnto/Build/Intermediates.noindex/liuyao.build/Debug-iphonesimulator/liuyao.build/DerivedSources/CoreDataGenerated/DivinationModel/DivinationRecord+CoreDataProperties.swift /Users/zhangshaocong6/Library/Developer/Xcode/DerivedData/liuyao-folvvhbzvbykjcfspkzmaozmsnto/Build/Intermediates.noindex/liuyao.build/Debug-iphonesimulator/liuyao.build/DerivedSources/CoreDataGenerated/DivinationModel/Entity1+CoreDataClass.swift /Users/zhangshaocong6/Library/Developer/Xcode/DerivedData/liuyao-folvvhbzvbykjcfspkzmaozmsnto/Build/Intermediates.noindex/liuyao.build/Debug-iphonesimulator/liuyao.build/DerivedSources/CoreDataGenerated/DivinationModel/Entity1+CoreDataProperties.swift /Users/zhangshaocong6/Library/Developer/Xcode/DerivedData/liuyao-folvvhbzvbykjcfspkzmaozmsnto/Build/Intermediates.noindex/liuyao.build/Debug-iphonesimulator/liuyao.build/DerivedSources/CoreDataGenerated/DivinationModel/DivinationModel+CoreDataModel.swift /Users/zhangshaocong6/Library/Developer/Xcode/DerivedData/liuyao-folvvhbzvbykjcfspkzmaozmsnto/Build/Intermediates.noindex/liuyao.build/Debug-iphonesimulator/liuyao.build/DerivedSources/GeneratedAssetSymbols.swift -emit-dependencies-path /Users/zhangshaocong6/Library/Developer/Xcode/DerivedData/liuyao-folvvhbzvbykjcfspkzmaozmsnto/Build/Intermediates.noindex/liuyao.build/Debug-iphonesimulator/liuyao.build/Objects-normal/arm64/DivinationRecord+CoreDataProperties.d -emit-const-values-path /Users/zhangshaocong6/Library/Developer/Xcode/DerivedData/liuyao-folvvhbzvbykjcfspkzmaozmsnto/Build/Intermediates.noindex/liuyao.build/Debug-iphonesimulator/liuyao.build/Objects-normal/arm64/DivinationRecord+CoreDataProperties.swiftconstvalues -emit-reference-dependencies-path /Users/zhangshaocong6/Library/Developer/Xcode/DerivedData/liuyao-folvvhbzvbykjcfspkzmaozmsnto/Build/Intermediates.noindex/liuyao.build/Debug-iphonesimulator/liuyao.build/Objects-normal/arm64/DivinationRecord+CoreDataProperties.swiftdeps -serialize-diagnostics-path /Users/zhangshaocong6/Library/Developer/Xcode/DerivedData/liuyao-folvvhbzvbykjcfspkzmaozmsnto/Build/Intermediates.noindex/liuyao.build/Debug-iphonesimulator/liuyao.build/Objects-normal/arm64/DivinationRecord+CoreDataProperties.dia -emit-localized-strings -emit-localized-strings-path /Users/zhangshaocong6/Library/Developer/Xcode/DerivedData/liuyao-folvvhbzvbykjcfspkzmaozmsnto/Build/Intermediates.noindex/liuyao.build/Debug-iphonesimulator/liuyao.build/Objects-normal/arm64 -target arm64-apple-ios16-simulator -Xllvm -aarch64-use-tbi -enable-objc-interop -sdk /Applications/Xcode.app/Contents/Developer/Platforms/iPhoneSimulator.platform/Developer/SDKs/iPhoneSimulator18.2.sdk -I /Users/zhangshaocong6/Library/Developer/Xcode/DerivedData/liuyao-folvvhbzvbykjcfspkzmaozmsnto/Build/Products/Debug-iphonesimulator -F /Users/zhangshaocong6/Library/Developer/Xcode/DerivedData/liuyao-folvvhbzvbykjcfspkzmaozmsnto/Build/Products/Debug-iphonesimulator -no-color-diagnostics -enable-testing -g -debug-info-format\=dwarf -dwarf-version\=4 -module-cache-path /Users/zhangshaocong6/Library/Developer/Xcode/DerivedData/ModuleCache.noindex -profile-generate -profile-coverage-mapping -swift-version 5 -enforce-exclusivity\=checked -Onone -D DEBUG -serialize-debugging-options -const-gather-protocols-file /Users/zhangshaocong6/Library/Developer/Xcode/DerivedData/liuyao-folvvhbzvbykjcfspkzmaozmsnto/Build/Intermediates.noindex/liuyao.build/Debug-iphonesimulator/liuyao.build/Objects-normal/arm64/liuyao_const_extract_protocols.json -enable-experimental-feature DebugDescriptionMacro -enable-experimental-feature OpaqueTypeErasure -enable-bare-slash-regex -empty-abi-descriptor -validate-clang-modules-once -clang-build-session-file /Users/zhangshaocong6/Library/Developer/Xcode/DerivedData/ModuleCache.noindex/Session.modulevalidation -Xcc -working-directory -Xcc /Users/zhangshaocong6/Desktop/cs/AI/liuyao -resource-dir /Applications/Xcode.app/Contents/Developer/Toolchains/XcodeDefault.xctoolchain/usr/lib/swift -enable-anonymous-context-mangled-names -file-compilation-dir /Users/zhangshaocong6/Desktop/cs/AI/liuyao -Xcc -D_LIBCPP_HARDENING_MODE\=_LIBCPP_HARDENING_MODE_DEBUG -Xcc -ivfsstatcache -Xcc /Users/zhangshaocong6/Library/Developer/Xcode/DerivedData/SDKStatCaches.noindex/iphonesimulator18.2-22C146-07b28473f605e47e75261259d3ef3b5a.sdkstatcache -Xcc -I/Users/zhangshaocong6/Library/Developer/Xcode/DerivedData/liuyao-folvvhbzvbykjcfspkzmaozmsnto/Build/Intermediates.noindex/liuyao.build/Debug-iphonesimulator/liuyao.build/swift-overrides.hmap -Xcc -iquote -Xcc /Users/zhangshaocong6/Library/Developer/Xcode/DerivedData/liuyao-folvvhbzvbykjcfspkzmaozmsnto/Build/Intermediates.noindex/liuyao.build/Debug-iphonesimulator/liuyao.build/liuyao-generated-files.hmap -Xcc -I/Users/zhangshaocong6/Library/Developer/Xcode/DerivedData/liuyao-folvvhbzvbykjcfspkzmaozmsnto/Build/Intermediates.noindex/liuyao.build/Debug-iphonesimulator/liuyao.build/liuyao-own-target-headers.hmap -Xcc -I/Users/zhangshaocong6/Library/Developer/Xcode/DerivedData/liuyao-folvvhbzvbykjcfspkzmaozmsnto/Build/Intermediates.noindex/liuyao.build/Debug-iphonesimulator/liuyao.build/liuyao-all-target-headers.hmap -Xcc -iquote -Xcc /Users/zhangshaocong6/Library/Developer/Xcode/DerivedData/liuyao-folvvhbzvbykjcfspkzmaozmsnto/Build/Intermediates.noindex/liuyao.build/Debug-iphonesimulator/liuyao.build/liuyao-project-headers.hmap -Xcc -I/Users/zhangshaocong6/Library/Developer/Xcode/DerivedData/liuyao-folvvhbzvbykjcfspkzmaozmsnto/Build/Products/Debug-iphonesimulator/include -Xcc -I/Users/zhangshaocong6/Library/Developer/Xcode/DerivedData/liuyao-folvvhbzvbykjcfspkzmaozmsnto/Build/Intermediates.noindex/liuyao.build/Debug-iphonesimulator/liuyao.build/DerivedSources-normal/arm64 -Xcc -I/Users/zhangshaocong6/Library/Developer/Xcode/DerivedData/liuyao-folvvhbzvbykjcfspkzmaozmsnto/Build/Intermediates.noindex/liuyao.build/Debug-iphonesimulator/liuyao.build/DerivedSources/arm64 -Xcc -I/Users/zhangshaocong6/Library/Developer/Xcode/DerivedData/liuyao-folvvhbzvbykjcfspkzmaozmsnto/Build/Intermediates.noindex/liuyao.build/Debug-iphonesimulator/liuyao.build/DerivedSources -Xcc -DDEBUG\=1 -module-name liuyao -frontend-parseable-output -disable-clang-spi -target-sdk-version 18.2 -target-sdk-name iphonesimulator18.2 -external-plugin-path /Applications/Xcode.app/Contents/Developer/Platforms/iPhoneOS.platform/Developer/usr/lib/swift/host/plugins\#/Applications/Xcode.app/Contents/Developer/Platforms/iPhoneOS.platform/Developer/usr/bin/swift-plugin-server -external-plugin-path /Applications/Xcode.app/Contents/Developer/Platforms/iPhoneOS.platform/Developer/usr/local/lib/swift/host/plugins\#/Applications/Xcode.app/Contents/Developer/Platforms/iPhoneOS.platform/Developer/usr/bin/swift-plugin-server -plugin-path /Applications/Xcode.app/Contents/Developer/Toolchains/XcodeDefault.xctoolchain/usr/lib/swift/host/plugins -plugin-path /Applications/Xcode.app/Contents/Developer/Toolchains/XcodeDefault.xctoolchain/usr/local/lib/swift/host/plugins -o /Users/zhangshaocong6/Library/Developer/Xcode/DerivedData/liuyao-folvvhbzvbykjcfspkzmaozmsnto/Build/Intermediates.noindex/liuyao.build/Debug-iphonesimulator/liuyao.build/Objects-normal/arm64/DivinationRecord+CoreDataProperties.o -index-unit-output-path /liuyao.build/Debug-iphonesimulator/liuyao.build/Objects-normal/arm64/DivinationRecord+CoreDataProperties.o -index-store-path /Users/zhangshaocong6/Library/Developer/Xcode/DerivedData/liuyao-folvvhbzvbykjcfspkzmaozmsnto/Index.noindex/DataStore -index-system-modules

SwiftCompile normal arm64 /Users/zhangshaocong6/Library/Developer/Xcode/DerivedData/liuyao-folvvhbzvbykjcfspkzmaozmsnto/Build/Intermediates.noindex/liuyao.build/Debug-iphonesimulator/liuyao.build/DerivedSources/CoreDataGenerated/DivinationModel/DivinationRecord+CoreDataProperties.swift (in target 'liuyao' from project 'liuyao')
    cd /Users/zhangshaocong6/Desktop/cs/AI/liuyao
    /Applications/Xcode.app/Contents/Developer/Toolchains/XcodeDefault.xctoolchain/usr/bin/swift-frontend -c /Users/zhangshaocong6/Desktop/cs/AI/liuyao/liuyao/AIModels.swift /Users/zhangshaocong6/Desktop/cs/AI/liuyao/liuyao/AIService.swift /Users/zhangshaocong6/Desktop/cs/AI/liuyao/liuyao/ChatMasterView.swift /Users/zhangshaocong6/Desktop/cs/AI/liuyao/liuyao/CoinTossPageView.swift /Users/zhangshaocong6/Desktop/cs/AI/liuyao/liuyao/ContentView.swift /Users/zhangshaocong6/Desktop/cs/AI/liuyao/liuyao/DataModels.swift /Users/zhangshaocong6/Desktop/cs/AI/liuyao/liuyao/DivinationPageView.swift /Users/zhangshaocong6/Desktop/cs/AI/liuyao/liuyao/DivinationResultPageView.swift /Users/zhangshaocong6/Desktop/cs/AI/liuyao/liuyao/HistoryPageView.swift /Users/zhangshaocong6/Desktop/cs/AI/liuyao/liuyao/HistoryView.swift /Users/zhangshaocong6/Desktop/cs/AI/liuyao/liuyao/LearningPageView.swift /Users/zhangshaocong6/Desktop/cs/AI/liuyao/liuyao/LearningView.swift /Users/zhangshaocong6/Desktop/cs/AI/liuyao/liuyao/liuyaoApp.swift /Users/zhangshaocong6/Desktop/cs/AI/liuyao/liuyao/LocationManager.swift /Users/zhangshaocong6/Desktop/cs/AI/liuyao/liuyao/NetworkService.swift /Users/zhangshaocong6/Desktop/cs/AI/liuyao/liuyao/SharedComponents.swift /Users/zhangshaocong6/Library/Developer/Xcode/DerivedData/liuyao-folvvhbzvbykjcfspkzmaozmsnto/Build/Intermediates.noindex/liuyao.build/Debug-iphonesimulator/liuyao.build/DerivedSources/CoreDataGenerated/DivinationModel/DivinationRecord+CoreDataClass.swift -primary-file /Users/zhangshaocong6/Library/Developer/Xcode/DerivedData/liuyao-folvvhbzvbykjcfspkzmaozmsnto/Build/Intermediates.noindex/liuyao.build/Debug-iphonesimulator/liuyao.build/DerivedSources/CoreDataGenerated/DivinationModel/DivinationRecord+CoreDataProperties.swift /Users/zhangshaocong6/Library/Developer/Xcode/DerivedData/liuyao-folvvhbzvbykjcfspkzmaozmsnto/Build/Intermediates.noindex/liuyao.build/Debug-iphonesimulator/liuyao.build/DerivedSources/CoreDataGenerated/DivinationModel/Entity1+CoreDataClass.swift /Users/zhangshaocong6/Library/Developer/Xcode/DerivedData/liuyao-folvvhbzvbykjcfspkzmaozmsnto/Build/Intermediates.noindex/liuyao.build/Debug-iphonesimulator/liuyao.build/DerivedSources/CoreDataGenerated/DivinationModel/Entity1+CoreDataProperties.swift /Users/zhangshaocong6/Library/Developer/Xcode/DerivedData/liuyao-folvvhbzvbykjcfspkzmaozmsnto/Build/Intermediates.noindex/liuyao.build/Debug-iphonesimulator/liuyao.build/DerivedSources/CoreDataGenerated/DivinationModel/DivinationModel+CoreDataModel.swift /Users/zhangshaocong6/Library/Developer/Xcode/DerivedData/liuyao-folvvhbzvbykjcfspkzmaozmsnto/Build/Intermediates.noindex/liuyao.build/Debug-iphonesimulator/liuyao.build/DerivedSources/GeneratedAssetSymbols.swift -emit-dependencies-path /Users/zhangshaocong6/Library/Developer/Xcode/DerivedData/liuyao-folvvhbzvbykjcfspkzmaozmsnto/Build/Intermediates.noindex/liuyao.build/Debug-iphonesimulator/liuyao.build/Objects-normal/arm64/DivinationRecord+CoreDataProperties.d -emit-const-values-path /Users/zhangshaocong6/Library/Developer/Xcode/DerivedData/liuyao-folvvhbzvbykjcfspkzmaozmsnto/Build/Intermediates.noindex/liuyao.build/Debug-iphonesimulator/liuyao.build/Objects-normal/arm64/DivinationRecord+CoreDataProperties.swiftconstvalues -emit-reference-dependencies-path /Users/zhangshaocong6/Library/Developer/Xcode/DerivedData/liuyao-folvvhbzvbykjcfspkzmaozmsnto/Build/Intermediates.noindex/liuyao.build/Debug-iphonesimulator/liuyao.build/Objects-normal/arm64/DivinationRecord+CoreDataProperties.swiftdeps -serialize-diagnostics-path /Users/zhangshaocong6/Library/Developer/Xcode/DerivedData/liuyao-folvvhbzvbykjcfspkzmaozmsnto/Build/Intermediates.noindex/liuyao.build/Debug-iphonesimulator/liuyao.build/Objects-normal/arm64/DivinationRecord+CoreDataProperties.dia -emit-localized-strings -emit-localized-strings-path /Users/zhangshaocong6/Library/Developer/Xcode/DerivedData/liuyao-folvvhbzvbykjcfspkzmaozmsnto/Build/Intermediates.noindex/liuyao.build/Debug-iphonesimulator/liuyao.build/Objects-normal/arm64 -target arm64-apple-ios16-simulator -Xllvm -aarch64-use-tbi -enable-objc-interop -sdk /Applications/Xcode.app/Contents/Developer/Platforms/iPhoneSimulator.platform/Developer/SDKs/iPhoneSimulator18.2.sdk -I /Users/zhangshaocong6/Library/Developer/Xcode/DerivedData/liuyao-folvvhbzvbykjcfspkzmaozmsnto/Build/Products/Debug-iphonesimulator -F /Users/zhangshaocong6/Library/Developer/Xcode/DerivedData/liuyao-folvvhbzvbykjcfspkzmaozmsnto/Build/Products/Debug-iphonesimulator -no-color-diagnostics -enable-testing -g -debug-info-format\=dwarf -dwarf-version\=4 -module-cache-path /Users/zhangshaocong6/Library/Developer/Xcode/DerivedData/ModuleCache.noindex -profile-generate -profile-coverage-mapping -swift-version 5 -enforce-exclusivity\=checked -Onone -D DEBUG -serialize-debugging-options -const-gather-protocols-file /Users/zhangshaocong6/Library/Developer/Xcode/DerivedData/liuyao-folvvhbzvbykjcfspkzmaozmsnto/Build/Intermediates.noindex/liuyao.build/Debug-iphonesimulator/liuyao.build/Objects-normal/arm64/liuyao_const_extract_protocols.json -enable-experimental-feature DebugDescriptionMacro -enable-experimental-feature OpaqueTypeErasure -enable-bare-slash-regex -empty-abi-descriptor -validate-clang-modules-once -clang-build-session-file /Users/zhangshaocong6/Library/Developer/Xcode/DerivedData/ModuleCache.noindex/Session.modulevalidation -Xcc -working-directory -Xcc /Users/zhangshaocong6/Desktop/cs/AI/liuyao -resource-dir /Applications/Xcode.app/Contents/Developer/Toolchains/XcodeDefault.xctoolchain/usr/lib/swift -enable-anonymous-context-mangled-names -file-compilation-dir /Users/zhangshaocong6/Desktop/cs/AI/liuyao -Xcc -D_LIBCPP_HARDENING_MODE\=_LIBCPP_HARDENING_MODE_DEBUG -Xcc -ivfsstatcache -Xcc /Users/zhangshaocong6/Library/Developer/Xcode/DerivedData/SDKStatCaches.noindex/iphonesimulator18.2-22C146-07b28473f605e47e75261259d3ef3b5a.sdkstatcache -Xcc -I/Users/zhangshaocong6/Library/Developer/Xcode/DerivedData/liuyao-folvvhbzvbykjcfspkzmaozmsnto/Build/Intermediates.noindex/liuyao.build/Debug-iphonesimulator/liuyao.build/swift-overrides.hmap -Xcc -iquote -Xcc /Users/zhangshaocong6/Library/Developer/Xcode/DerivedData/liuyao-folvvhbzvbykjcfspkzmaozmsnto/Build/Intermediates.noindex/liuyao.build/Debug-iphonesimulator/liuyao.build/liuyao-generated-files.hmap -Xcc -I/Users/zhangshaocong6/Library/Developer/Xcode/DerivedData/liuyao-folvvhbzvbykjcfspkzmaozmsnto/Build/Intermediates.noindex/liuyao.build/Debug-iphonesimulator/liuyao.build/liuyao-own-target-headers.hmap -Xcc -I/Users/zhangshaocong6/Library/Developer/Xcode/DerivedData/liuyao-folvvhbzvbykjcfspkzmaozmsnto/Build/Intermediates.noindex/liuyao.build/Debug-iphonesimulator/liuyao.build/liuyao-all-target-headers.hmap -Xcc -iquote -Xcc /Users/zhangshaocong6/Library/Developer/Xcode/DerivedData/liuyao-folvvhbzvbykjcfspkzmaozmsnto/Build/Intermediates.noindex/liuyao.build/Debug-iphonesimulator/liuyao.build/liuyao-project-headers.hmap -Xcc -I/Users/zhangshaocong6/Library/Developer/Xcode/DerivedData/liuyao-folvvhbzvbykjcfspkzmaozmsnto/Build/Products/Debug-iphonesimulator/include -Xcc -I/Users/zhangshaocong6/Library/Developer/Xcode/DerivedData/liuyao-folvvhbzvbykjcfspkzmaozmsnto/Build/Intermediates.noindex/liuyao.build/Debug-iphonesimulator/liuyao.build/DerivedSources-normal/arm64 -Xcc -I/Users/zhangshaocong6/Library/Developer/Xcode/DerivedData/liuyao-folvvhbzvbykjcfspkzmaozmsnto/Build/Intermediates.noindex/liuyao.build/Debug-iphonesimulator/liuyao.build/DerivedSources/arm64 -Xcc -I/Users/zhangshaocong6/Library/Developer/Xcode/DerivedData/liuyao-folvvhbzvbykjcfspkzmaozmsnto/Build/Intermediates.noindex/liuyao.build/Debug-iphonesimulator/liuyao.build/DerivedSources -Xcc -DDEBUG\=1 -module-name liuyao -frontend-parseable-output -disable-clang-spi -target-sdk-version 18.2 -target-sdk-name iphonesimulator18.2 -external-plugin-path /Applications/Xcode.app/Contents/Developer/Platforms/iPhoneOS.platform/Developer/usr/lib/swift/host/plugins\#/Applications/Xcode.app/Contents/Developer/Platforms/iPhoneOS.platform/Developer/usr/bin/swift-plugin-server -external-plugin-path /Applications/Xcode.app/Contents/Developer/Platforms/iPhoneOS.platform/Developer/usr/local/lib/swift/host/plugins\#/Applications/Xcode.app/Contents/Developer/Platforms/iPhoneOS.platform/Developer/usr/bin/swift-plugin-server -plugin-path /Applications/Xcode.app/Contents/Developer/Toolchains/XcodeDefault.xctoolchain/usr/lib/swift/host/plugins -plugin-path /Applications/Xcode.app/Contents/Developer/Toolchains/XcodeDefault.xctoolchain/usr/local/lib/swift/host/plugins -o /Users/zhangshaocong6/Library/Developer/Xcode/DerivedData/liuyao-folvvhbzvbykjcfspkzmaozmsnto/Build/Intermediates.noindex/liuyao.build/Debug-iphonesimulator/liuyao.build/Objects-normal/arm64/DivinationRecord+CoreDataProperties.o -index-unit-output-path /liuyao.build/Debug-iphonesimulator/liuyao.build/Objects-normal/arm64/DivinationRecord+CoreDataProperties.o -index-store-path /Users/zhangshaocong6/Library/Developer/Xcode/DerivedData/liuyao-folvvhbzvbykjcfspkzmaozmsnto/Index.noindex/DataStore -index-system-modules

SwiftCompile normal arm64 Compiling\ LearningPageView.swift /Users/zhangshaocong6/Desktop/cs/AI/liuyao/liuyao/LearningPageView.swift (in target 'liuyao' from project 'liuyao')
    cd /Users/zhangshaocong6/Desktop/cs/AI/liuyao
    builtin-swiftTaskExecution -- /Applications/Xcode.app/Contents/Developer/Toolchains/XcodeDefault.xctoolchain/usr/bin/swift-frontend -frontend -c /Users/zhangshaocong6/Desktop/cs/AI/liuyao/liuyao/AIModels.swift /Users/zhangshaocong6/Desktop/cs/AI/liuyao/liuyao/AIService.swift /Users/zhangshaocong6/Desktop/cs/AI/liuyao/liuyao/ChatMasterView.swift /Users/zhangshaocong6/Desktop/cs/AI/liuyao/liuyao/CoinTossPageView.swift /Users/zhangshaocong6/Desktop/cs/AI/liuyao/liuyao/ContentView.swift /Users/zhangshaocong6/Desktop/cs/AI/liuyao/liuyao/DataModels.swift /Users/zhangshaocong6/Desktop/cs/AI/liuyao/liuyao/DivinationPageView.swift /Users/zhangshaocong6/Desktop/cs/AI/liuyao/liuyao/DivinationResultPageView.swift /Users/zhangshaocong6/Desktop/cs/AI/liuyao/liuyao/HistoryPageView.swift /Users/zhangshaocong6/Desktop/cs/AI/liuyao/liuyao/HistoryView.swift -primary-file /Users/zhangshaocong6/Desktop/cs/AI/liuyao/liuyao/LearningPageView.swift /Users/zhangshaocong6/Desktop/cs/AI/liuyao/liuyao/LearningView.swift /Users/zhangshaocong6/Desktop/cs/AI/liuyao/liuyao/liuyaoApp.swift /Users/zhangshaocong6/Desktop/cs/AI/liuyao/liuyao/LocationManager.swift /Users/zhangshaocong6/Desktop/cs/AI/liuyao/liuyao/NetworkService.swift /Users/zhangshaocong6/Desktop/cs/AI/liuyao/liuyao/SharedComponents.swift /Users/zhangshaocong6/Library/Developer/Xcode/DerivedData/liuyao-folvvhbzvbykjcfspkzmaozmsnto/Build/Intermediates.noindex/liuyao.build/Debug-iphonesimulator/liuyao.build/DerivedSources/CoreDataGenerated/DivinationModel/DivinationRecord+CoreDataClass.swift /Users/zhangshaocong6/Library/Developer/Xcode/DerivedData/liuyao-folvvhbzvbykjcfspkzmaozmsnto/Build/Intermediates.noindex/liuyao.build/Debug-iphonesimulator/liuyao.build/DerivedSources/CoreDataGenerated/DivinationModel/DivinationRecord+CoreDataProperties.swift /Users/zhangshaocong6/Library/Developer/Xcode/DerivedData/liuyao-folvvhbzvbykjcfspkzmaozmsnto/Build/Intermediates.noindex/liuyao.build/Debug-iphonesimulator/liuyao.build/DerivedSources/CoreDataGenerated/DivinationModel/Entity1+CoreDataClass.swift /Users/zhangshaocong6/Library/Developer/Xcode/DerivedData/liuyao-folvvhbzvbykjcfspkzmaozmsnto/Build/Intermediates.noindex/liuyao.build/Debug-iphonesimulator/liuyao.build/DerivedSources/CoreDataGenerated/DivinationModel/Entity1+CoreDataProperties.swift /Users/zhangshaocong6/Library/Developer/Xcode/DerivedData/liuyao-folvvhbzvbykjcfspkzmaozmsnto/Build/Intermediates.noindex/liuyao.build/Debug-iphonesimulator/liuyao.build/DerivedSources/CoreDataGenerated/DivinationModel/DivinationModel+CoreDataModel.swift /Users/zhangshaocong6/Library/Developer/Xcode/DerivedData/liuyao-folvvhbzvbykjcfspkzmaozmsnto/Build/Intermediates.noindex/liuyao.build/Debug-iphonesimulator/liuyao.build/DerivedSources/GeneratedAssetSymbols.swift -emit-dependencies-path /Users/zhangshaocong6/Library/Developer/Xcode/DerivedData/liuyao-folvvhbzvbykjcfspkzmaozmsnto/Build/Intermediates.noindex/liuyao.build/Debug-iphonesimulator/liuyao.build/Objects-normal/arm64/LearningPageView.d -emit-const-values-path /Users/zhangshaocong6/Library/Developer/Xcode/DerivedData/liuyao-folvvhbzvbykjcfspkzmaozmsnto/Build/Intermediates.noindex/liuyao.build/Debug-iphonesimulator/liuyao.build/Objects-normal/arm64/LearningPageView.swiftconstvalues -emit-reference-dependencies-path /Users/zhangshaocong6/Library/Developer/Xcode/DerivedData/liuyao-folvvhbzvbykjcfspkzmaozmsnto/Build/Intermediates.noindex/liuyao.build/Debug-iphonesimulator/liuyao.build/Objects-normal/arm64/LearningPageView.swiftdeps -serialize-diagnostics-path /Users/zhangshaocong6/Library/Developer/Xcode/DerivedData/liuyao-folvvhbzvbykjcfspkzmaozmsnto/Build/Intermediates.noindex/liuyao.build/Debug-iphonesimulator/liuyao.build/Objects-normal/arm64/LearningPageView.dia -emit-localized-strings -emit-localized-strings-path /Users/zhangshaocong6/Library/Developer/Xcode/DerivedData/liuyao-folvvhbzvbykjcfspkzmaozmsnto/Build/Intermediates.noindex/liuyao.build/Debug-iphonesimulator/liuyao.build/Objects-normal/arm64 -target arm64-apple-ios16-simulator -Xllvm -aarch64-use-tbi -enable-objc-interop -sdk /Applications/Xcode.app/Contents/Developer/Platforms/iPhoneSimulator.platform/Developer/SDKs/iPhoneSimulator18.2.sdk -I /Users/zhangshaocong6/Library/Developer/Xcode/DerivedData/liuyao-folvvhbzvbykjcfspkzmaozmsnto/Build/Products/Debug-iphonesimulator -F /Users/zhangshaocong6/Library/Developer/Xcode/DerivedData/liuyao-folvvhbzvbykjcfspkzmaozmsnto/Build/Products/Debug-iphonesimulator -no-color-diagnostics -enable-testing -g -debug-info-format\=dwarf -dwarf-version\=4 -module-cache-path /Users/zhangshaocong6/Library/Developer/Xcode/DerivedData/ModuleCache.noindex -profile-generate -profile-coverage-mapping -swift-version 5 -enforce-exclusivity\=checked -Onone -D DEBUG -serialize-debugging-options -const-gather-protocols-file /Users/zhangshaocong6/Library/Developer/Xcode/DerivedData/liuyao-folvvhbzvbykjcfspkzmaozmsnto/Build/Intermediates.noindex/liuyao.build/Debug-iphonesimulator/liuyao.build/Objects-normal/arm64/liuyao_const_extract_protocols.json -enable-experimental-feature DebugDescriptionMacro -enable-experimental-feature OpaqueTypeErasure -enable-bare-slash-regex -empty-abi-descriptor -validate-clang-modules-once -clang-build-session-file /Users/zhangshaocong6/Library/Developer/Xcode/DerivedData/ModuleCache.noindex/Session.modulevalidation -Xcc -working-directory -Xcc /Users/zhangshaocong6/Desktop/cs/AI/liuyao -resource-dir /Applications/Xcode.app/Contents/Developer/Toolchains/XcodeDefault.xctoolchain/usr/lib/swift -enable-anonymous-context-mangled-names -file-compilation-dir /Users/zhangshaocong6/Desktop/cs/AI/liuyao -Xcc -D_LIBCPP_HARDENING_MODE\=_LIBCPP_HARDENING_MODE_DEBUG -Xcc -ivfsstatcache -Xcc /Users/zhangshaocong6/Library/Developer/Xcode/DerivedData/SDKStatCaches.noindex/iphonesimulator18.2-22C146-07b28473f605e47e75261259d3ef3b5a.sdkstatcache -Xcc -I/Users/zhangshaocong6/Library/Developer/Xcode/DerivedData/liuyao-folvvhbzvbykjcfspkzmaozmsnto/Build/Intermediates.noindex/liuyao.build/Debug-iphonesimulator/liuyao.build/swift-overrides.hmap -Xcc -iquote -Xcc /Users/zhangshaocong6/Library/Developer/Xcode/DerivedData/liuyao-folvvhbzvbykjcfspkzmaozmsnto/Build/Intermediates.noindex/liuyao.build/Debug-iphonesimulator/liuyao.build/liuyao-generated-files.hmap -Xcc -I/Users/zhangshaocong6/Library/Developer/Xcode/DerivedData/liuyao-folvvhbzvbykjcfspkzmaozmsnto/Build/Intermediates.noindex/liuyao.build/Debug-iphonesimulator/liuyao.build/liuyao-own-target-headers.hmap -Xcc -I/Users/zhangshaocong6/Library/Developer/Xcode/DerivedData/liuyao-folvvhbzvbykjcfspkzmaozmsnto/Build/Intermediates.noindex/liuyao.build/Debug-iphonesimulator/liuyao.build/liuyao-all-target-headers.hmap -Xcc -iquote -Xcc /Users/zhangshaocong6/Library/Developer/Xcode/DerivedData/liuyao-folvvhbzvbykjcfspkzmaozmsnto/Build/Intermediates.noindex/liuyao.build/Debug-iphonesimulator/liuyao.build/liuyao-project-headers.hmap -Xcc -I/Users/zhangshaocong6/Library/Developer/Xcode/DerivedData/liuyao-folvvhbzvbykjcfspkzmaozmsnto/Build/Products/Debug-iphonesimulator/include -Xcc -I/Users/zhangshaocong6/Library/Developer/Xcode/DerivedData/liuyao-folvvhbzvbykjcfspkzmaozmsnto/Build/Intermediates.noindex/liuyao.build/Debug-iphonesimulator/liuyao.build/DerivedSources-normal/arm64 -Xcc -I/Users/zhangshaocong6/Library/Developer/Xcode/DerivedData/liuyao-folvvhbzvbykjcfspkzmaozmsnto/Build/Intermediates.noindex/liuyao.build/Debug-iphonesimulator/liuyao.build/DerivedSources/arm64 -Xcc -I/Users/zhangshaocong6/Library/Developer/Xcode/DerivedData/liuyao-folvvhbzvbykjcfspkzmaozmsnto/Build/Intermediates.noindex/liuyao.build/Debug-iphonesimulator/liuyao.build/DerivedSources -Xcc -DDEBUG\=1 -module-name liuyao -frontend-parseable-output -disable-clang-spi -target-sdk-version 18.2 -target-sdk-name iphonesimulator18.2 -external-plugin-path /Applications/Xcode.app/Contents/Developer/Platforms/iPhoneOS.platform/Developer/usr/lib/swift/host/plugins\#/Applications/Xcode.app/Contents/Developer/Platforms/iPhoneOS.platform/Developer/usr/bin/swift-plugin-server -external-plugin-path /Applications/Xcode.app/Contents/Developer/Platforms/iPhoneOS.platform/Developer/usr/local/lib/swift/host/plugins\#/Applications/Xcode.app/Contents/Developer/Platforms/iPhoneOS.platform/Developer/usr/bin/swift-plugin-server -plugin-path /Applications/Xcode.app/Contents/Developer/Toolchains/XcodeDefault.xctoolchain/usr/lib/swift/host/plugins -plugin-path /Applications/Xcode.app/Contents/Developer/Toolchains/XcodeDefault.xctoolchain/usr/local/lib/swift/host/plugins -o /Users/zhangshaocong6/Library/Developer/Xcode/DerivedData/liuyao-folvvhbzvbykjcfspkzmaozmsnto/Build/Intermediates.noindex/liuyao.build/Debug-iphonesimulator/liuyao.build/Objects-normal/arm64/LearningPageView.o -index-unit-output-path /liuyao.build/Debug-iphonesimulator/liuyao.build/Objects-normal/arm64/LearningPageView.o -index-store-path /Users/zhangshaocong6/Library/Developer/Xcode/DerivedData/liuyao-folvvhbzvbykjcfspkzmaozmsnto/Index.noindex/DataStore -index-system-modules

SwiftCompile normal arm64 /Users/zhangshaocong6/Desktop/cs/AI/liuyao/liuyao/LearningPageView.swift (in target 'liuyao' from project 'liuyao')
    cd /Users/zhangshaocong6/Desktop/cs/AI/liuyao
    /Applications/Xcode.app/Contents/Developer/Toolchains/XcodeDefault.xctoolchain/usr/bin/swift-frontend -c /Users/zhangshaocong6/Desktop/cs/AI/liuyao/liuyao/AIModels.swift /Users/zhangshaocong6/Desktop/cs/AI/liuyao/liuyao/AIService.swift /Users/zhangshaocong6/Desktop/cs/AI/liuyao/liuyao/ChatMasterView.swift /Users/zhangshaocong6/Desktop/cs/AI/liuyao/liuyao/CoinTossPageView.swift /Users/zhangshaocong6/Desktop/cs/AI/liuyao/liuyao/ContentView.swift /Users/zhangshaocong6/Desktop/cs/AI/liuyao/liuyao/DataModels.swift /Users/zhangshaocong6/Desktop/cs/AI/liuyao/liuyao/DivinationPageView.swift /Users/zhangshaocong6/Desktop/cs/AI/liuyao/liuyao/DivinationResultPageView.swift /Users/zhangshaocong6/Desktop/cs/AI/liuyao/liuyao/HistoryPageView.swift /Users/zhangshaocong6/Desktop/cs/AI/liuyao/liuyao/HistoryView.swift -primary-file /Users/zhangshaocong6/Desktop/cs/AI/liuyao/liuyao/LearningPageView.swift /Users/zhangshaocong6/Desktop/cs/AI/liuyao/liuyao/LearningView.swift /Users/zhangshaocong6/Desktop/cs/AI/liuyao/liuyao/liuyaoApp.swift /Users/zhangshaocong6/Desktop/cs/AI/liuyao/liuyao/LocationManager.swift /Users/zhangshaocong6/Desktop/cs/AI/liuyao/liuyao/NetworkService.swift /Users/zhangshaocong6/Desktop/cs/AI/liuyao/liuyao/SharedComponents.swift /Users/zhangshaocong6/Library/Developer/Xcode/DerivedData/liuyao-folvvhbzvbykjcfspkzmaozmsnto/Build/Intermediates.noindex/liuyao.build/Debug-iphonesimulator/liuyao.build/DerivedSources/CoreDataGenerated/DivinationModel/DivinationRecord+CoreDataClass.swift /Users/zhangshaocong6/Library/Developer/Xcode/DerivedData/liuyao-folvvhbzvbykjcfspkzmaozmsnto/Build/Intermediates.noindex/liuyao.build/Debug-iphonesimulator/liuyao.build/DerivedSources/CoreDataGenerated/DivinationModel/DivinationRecord+CoreDataProperties.swift /Users/zhangshaocong6/Library/Developer/Xcode/DerivedData/liuyao-folvvhbzvbykjcfspkzmaozmsnto/Build/Intermediates.noindex/liuyao.build/Debug-iphonesimulator/liuyao.build/DerivedSources/CoreDataGenerated/DivinationModel/Entity1+CoreDataClass.swift /Users/zhangshaocong6/Library/Developer/Xcode/DerivedData/liuyao-folvvhbzvbykjcfspkzmaozmsnto/Build/Intermediates.noindex/liuyao.build/Debug-iphonesimulator/liuyao.build/DerivedSources/CoreDataGenerated/DivinationModel/Entity1+CoreDataProperties.swift /Users/zhangshaocong6/Library/Developer/Xcode/DerivedData/liuyao-folvvhbzvbykjcfspkzmaozmsnto/Build/Intermediates.noindex/liuyao.build/Debug-iphonesimulator/liuyao.build/DerivedSources/CoreDataGenerated/DivinationModel/DivinationModel+CoreDataModel.swift /Users/zhangshaocong6/Library/Developer/Xcode/DerivedData/liuyao-folvvhbzvbykjcfspkzmaozmsnto/Build/Intermediates.noindex/liuyao.build/Debug-iphonesimulator/liuyao.build/DerivedSources/GeneratedAssetSymbols.swift -emit-dependencies-path /Users/zhangshaocong6/Library/Developer/Xcode/DerivedData/liuyao-folvvhbzvbykjcfspkzmaozmsnto/Build/Intermediates.noindex/liuyao.build/Debug-iphonesimulator/liuyao.build/Objects-normal/arm64/LearningPageView.d -emit-const-values-path /Users/zhangshaocong6/Library/Developer/Xcode/DerivedData/liuyao-folvvhbzvbykjcfspkzmaozmsnto/Build/Intermediates.noindex/liuyao.build/Debug-iphonesimulator/liuyao.build/Objects-normal/arm64/LearningPageView.swiftconstvalues -emit-reference-dependencies-path /Users/zhangshaocong6/Library/Developer/Xcode/DerivedData/liuyao-folvvhbzvbykjcfspkzmaozmsnto/Build/Intermediates.noindex/liuyao.build/Debug-iphonesimulator/liuyao.build/Objects-normal/arm64/LearningPageView.swiftdeps -serialize-diagnostics-path /Users/zhangshaocong6/Library/Developer/Xcode/DerivedData/liuyao-folvvhbzvbykjcfspkzmaozmsnto/Build/Intermediates.noindex/liuyao.build/Debug-iphonesimulator/liuyao.build/Objects-normal/arm64/LearningPageView.dia -emit-localized-strings -emit-localized-strings-path /Users/zhangshaocong6/Library/Developer/Xcode/DerivedData/liuyao-folvvhbzvbykjcfspkzmaozmsnto/Build/Intermediates.noindex/liuyao.build/Debug-iphonesimulator/liuyao.build/Objects-normal/arm64 -target arm64-apple-ios16-simulator -Xllvm -aarch64-use-tbi -enable-objc-interop -sdk /Applications/Xcode.app/Contents/Developer/Platforms/iPhoneSimulator.platform/Developer/SDKs/iPhoneSimulator18.2.sdk -I /Users/zhangshaocong6/Library/Developer/Xcode/DerivedData/liuyao-folvvhbzvbykjcfspkzmaozmsnto/Build/Products/Debug-iphonesimulator -F /Users/zhangshaocong6/Library/Developer/Xcode/DerivedData/liuyao-folvvhbzvbykjcfspkzmaozmsnto/Build/Products/Debug-iphonesimulator -no-color-diagnostics -enable-testing -g -debug-info-format\=dwarf -dwarf-version\=4 -module-cache-path /Users/zhangshaocong6/Library/Developer/Xcode/DerivedData/ModuleCache.noindex -profile-generate -profile-coverage-mapping -swift-version 5 -enforce-exclusivity\=checked -Onone -D DEBUG -serialize-debugging-options -const-gather-protocols-file /Users/zhangshaocong6/Library/Developer/Xcode/DerivedData/liuyao-folvvhbzvbykjcfspkzmaozmsnto/Build/Intermediates.noindex/liuyao.build/Debug-iphonesimulator/liuyao.build/Objects-normal/arm64/liuyao_const_extract_protocols.json -enable-experimental-feature DebugDescriptionMacro -enable-experimental-feature OpaqueTypeErasure -enable-bare-slash-regex -empty-abi-descriptor -validate-clang-modules-once -clang-build-session-file /Users/zhangshaocong6/Library/Developer/Xcode/DerivedData/ModuleCache.noindex/Session.modulevalidation -Xcc -working-directory -Xcc /Users/zhangshaocong6/Desktop/cs/AI/liuyao -resource-dir /Applications/Xcode.app/Contents/Developer/Toolchains/XcodeDefault.xctoolchain/usr/lib/swift -enable-anonymous-context-mangled-names -file-compilation-dir /Users/zhangshaocong6/Desktop/cs/AI/liuyao -Xcc -D_LIBCPP_HARDENING_MODE\=_LIBCPP_HARDENING_MODE_DEBUG -Xcc -ivfsstatcache -Xcc /Users/zhangshaocong6/Library/Developer/Xcode/DerivedData/SDKStatCaches.noindex/iphonesimulator18.2-22C146-07b28473f605e47e75261259d3ef3b5a.sdkstatcache -Xcc -I/Users/zhangshaocong6/Library/Developer/Xcode/DerivedData/liuyao-folvvhbzvbykjcfspkzmaozmsnto/Build/Intermediates.noindex/liuyao.build/Debug-iphonesimulator/liuyao.build/swift-overrides.hmap -Xcc -iquote -Xcc /Users/zhangshaocong6/Library/Developer/Xcode/DerivedData/liuyao-folvvhbzvbykjcfspkzmaozmsnto/Build/Intermediates.noindex/liuyao.build/Debug-iphonesimulator/liuyao.build/liuyao-generated-files.hmap -Xcc -I/Users/zhangshaocong6/Library/Developer/Xcode/DerivedData/liuyao-folvvhbzvbykjcfspkzmaozmsnto/Build/Intermediates.noindex/liuyao.build/Debug-iphonesimulator/liuyao.build/liuyao-own-target-headers.hmap -Xcc -I/Users/zhangshaocong6/Library/Developer/Xcode/DerivedData/liuyao-folvvhbzvbykjcfspkzmaozmsnto/Build/Intermediates.noindex/liuyao.build/Debug-iphonesimulator/liuyao.build/liuyao-all-target-headers.hmap -Xcc -iquote -Xcc /Users/zhangshaocong6/Library/Developer/Xcode/DerivedData/liuyao-folvvhbzvbykjcfspkzmaozmsnto/Build/Intermediates.noindex/liuyao.build/Debug-iphonesimulator/liuyao.build/liuyao-project-headers.hmap -Xcc -I/Users/zhangshaocong6/Library/Developer/Xcode/DerivedData/liuyao-folvvhbzvbykjcfspkzmaozmsnto/Build/Products/Debug-iphonesimulator/include -Xcc -I/Users/zhangshaocong6/Library/Developer/Xcode/DerivedData/liuyao-folvvhbzvbykjcfspkzmaozmsnto/Build/Intermediates.noindex/liuyao.build/Debug-iphonesimulator/liuyao.build/DerivedSources-normal/arm64 -Xcc -I/Users/zhangshaocong6/Library/Developer/Xcode/DerivedData/liuyao-folvvhbzvbykjcfspkzmaozmsnto/Build/Intermediates.noindex/liuyao.build/Debug-iphonesimulator/liuyao.build/DerivedSources/arm64 -Xcc -I/Users/zhangshaocong6/Library/Developer/Xcode/DerivedData/liuyao-folvvhbzvbykjcfspkzmaozmsnto/Build/Intermediates.noindex/liuyao.build/Debug-iphonesimulator/liuyao.build/DerivedSources -Xcc -DDEBUG\=1 -module-name liuyao -frontend-parseable-output -disable-clang-spi -target-sdk-version 18.2 -target-sdk-name iphonesimulator18.2 -external-plugin-path /Applications/Xcode.app/Contents/Developer/Platforms/iPhoneOS.platform/Developer/usr/lib/swift/host/plugins\#/Applications/Xcode.app/Contents/Developer/Platforms/iPhoneOS.platform/Developer/usr/bin/swift-plugin-server -external-plugin-path /Applications/Xcode.app/Contents/Developer/Platforms/iPhoneOS.platform/Developer/usr/local/lib/swift/host/plugins\#/Applications/Xcode.app/Contents/Developer/Platforms/iPhoneOS.platform/Developer/usr/bin/swift-plugin-server -plugin-path /Applications/Xcode.app/Contents/Developer/Toolchains/XcodeDefault.xctoolchain/usr/lib/swift/host/plugins -plugin-path /Applications/Xcode.app/Contents/Developer/Toolchains/XcodeDefault.xctoolchain/usr/local/lib/swift/host/plugins -o /Users/zhangshaocong6/Library/Developer/Xcode/DerivedData/liuyao-folvvhbzvbykjcfspkzmaozmsnto/Build/Intermediates.noindex/liuyao.build/Debug-iphonesimulator/liuyao.build/Objects-normal/arm64/LearningPageView.o -index-unit-output-path /liuyao.build/Debug-iphonesimulator/liuyao.build/Objects-normal/arm64/LearningPageView.o -index-store-path /Users/zhangshaocong6/Library/Developer/Xcode/DerivedData/liuyao-folvvhbzvbykjcfspkzmaozmsnto/Index.noindex/DataStore -index-system-modules

SwiftCompile normal arm64 Compiling\ DivinationRecord+CoreDataClass.swift /Users/zhangshaocong6/Library/Developer/Xcode/DerivedData/liuyao-folvvhbzvbykjcfspkzmaozmsnto/Build/Intermediates.noindex/liuyao.build/Debug-iphonesimulator/liuyao.build/DerivedSources/CoreDataGenerated/DivinationModel/DivinationRecord+CoreDataClass.swift (in target 'liuyao' from project 'liuyao')
    cd /Users/zhangshaocong6/Desktop/cs/AI/liuyao
    builtin-swiftTaskExecution -- /Applications/Xcode.app/Contents/Developer/Toolchains/XcodeDefault.xctoolchain/usr/bin/swift-frontend -frontend -c /Users/zhangshaocong6/Desktop/cs/AI/liuyao/liuyao/AIModels.swift /Users/zhangshaocong6/Desktop/cs/AI/liuyao/liuyao/AIService.swift /Users/zhangshaocong6/Desktop/cs/AI/liuyao/liuyao/ChatMasterView.swift /Users/zhangshaocong6/Desktop/cs/AI/liuyao/liuyao/CoinTossPageView.swift /Users/zhangshaocong6/Desktop/cs/AI/liuyao/liuyao/ContentView.swift /Users/zhangshaocong6/Desktop/cs/AI/liuyao/liuyao/DataModels.swift /Users/zhangshaocong6/Desktop/cs/AI/liuyao/liuyao/DivinationPageView.swift /Users/zhangshaocong6/Desktop/cs/AI/liuyao/liuyao/DivinationResultPageView.swift /Users/zhangshaocong6/Desktop/cs/AI/liuyao/liuyao/HistoryPageView.swift /Users/zhangshaocong6/Desktop/cs/AI/liuyao/liuyao/HistoryView.swift /Users/zhangshaocong6/Desktop/cs/AI/liuyao/liuyao/LearningPageView.swift /Users/zhangshaocong6/Desktop/cs/AI/liuyao/liuyao/LearningView.swift /Users/zhangshaocong6/Desktop/cs/AI/liuyao/liuyao/liuyaoApp.swift /Users/zhangshaocong6/Desktop/cs/AI/liuyao/liuyao/LocationManager.swift /Users/zhangshaocong6/Desktop/cs/AI/liuyao/liuyao/NetworkService.swift /Users/zhangshaocong6/Desktop/cs/AI/liuyao/liuyao/SharedComponents.swift -primary-file /Users/zhangshaocong6/Library/Developer/Xcode/DerivedData/liuyao-folvvhbzvbykjcfspkzmaozmsnto/Build/Intermediates.noindex/liuyao.build/Debug-iphonesimulator/liuyao.build/DerivedSources/CoreDataGenerated/DivinationModel/DivinationRecord+CoreDataClass.swift /Users/zhangshaocong6/Library/Developer/Xcode/DerivedData/liuyao-folvvhbzvbykjcfspkzmaozmsnto/Build/Intermediates.noindex/liuyao.build/Debug-iphonesimulator/liuyao.build/DerivedSources/CoreDataGenerated/DivinationModel/DivinationRecord+CoreDataProperties.swift /Users/zhangshaocong6/Library/Developer/Xcode/DerivedData/liuyao-folvvhbzvbykjcfspkzmaozmsnto/Build/Intermediates.noindex/liuyao.build/Debug-iphonesimulator/liuyao.build/DerivedSources/CoreDataGenerated/DivinationModel/Entity1+CoreDataClass.swift /Users/zhangshaocong6/Library/Developer/Xcode/DerivedData/liuyao-folvvhbzvbykjcfspkzmaozmsnto/Build/Intermediates.noindex/liuyao.build/Debug-iphonesimulator/liuyao.build/DerivedSources/CoreDataGenerated/DivinationModel/Entity1+CoreDataProperties.swift /Users/zhangshaocong6/Library/Developer/Xcode/DerivedData/liuyao-folvvhbzvbykjcfspkzmaozmsnto/Build/Intermediates.noindex/liuyao.build/Debug-iphonesimulator/liuyao.build/DerivedSources/CoreDataGenerated/DivinationModel/DivinationModel+CoreDataModel.swift /Users/zhangshaocong6/Library/Developer/Xcode/DerivedData/liuyao-folvvhbzvbykjcfspkzmaozmsnto/Build/Intermediates.noindex/liuyao.build/Debug-iphonesimulator/liuyao.build/DerivedSources/GeneratedAssetSymbols.swift -emit-dependencies-path /Users/zhangshaocong6/Library/Developer/Xcode/DerivedData/liuyao-folvvhbzvbykjcfspkzmaozmsnto/Build/Intermediates.noindex/liuyao.build/Debug-iphonesimulator/liuyao.build/Objects-normal/arm64/DivinationRecord+CoreDataClass.d -emit-const-values-path /Users/zhangshaocong6/Library/Developer/Xcode/DerivedData/liuyao-folvvhbzvbykjcfspkzmaozmsnto/Build/Intermediates.noindex/liuyao.build/Debug-iphonesimulator/liuyao.build/Objects-normal/arm64/DivinationRecord+CoreDataClass.swiftconstvalues -emit-reference-dependencies-path /Users/zhangshaocong6/Library/Developer/Xcode/DerivedData/liuyao-folvvhbzvbykjcfspkzmaozmsnto/Build/Intermediates.noindex/liuyao.build/Debug-iphonesimulator/liuyao.build/Objects-normal/arm64/DivinationRecord+CoreDataClass.swiftdeps -serialize-diagnostics-path /Users/zhangshaocong6/Library/Developer/Xcode/DerivedData/liuyao-folvvhbzvbykjcfspkzmaozmsnto/Build/Intermediates.noindex/liuyao.build/Debug-iphonesimulator/liuyao.build/Objects-normal/arm64/DivinationRecord+CoreDataClass.dia -emit-localized-strings -emit-localized-strings-path /Users/zhangshaocong6/Library/Developer/Xcode/DerivedData/liuyao-folvvhbzvbykjcfspkzmaozmsnto/Build/Intermediates.noindex/liuyao.build/Debug-iphonesimulator/liuyao.build/Objects-normal/arm64 -target arm64-apple-ios16-simulator -Xllvm -aarch64-use-tbi -enable-objc-interop -sdk /Applications/Xcode.app/Contents/Developer/Platforms/iPhoneSimulator.platform/Developer/SDKs/iPhoneSimulator18.2.sdk -I /Users/zhangshaocong6/Library/Developer/Xcode/DerivedData/liuyao-folvvhbzvbykjcfspkzmaozmsnto/Build/Products/Debug-iphonesimulator -F /Users/zhangshaocong6/Library/Developer/Xcode/DerivedData/liuyao-folvvhbzvbykjcfspkzmaozmsnto/Build/Products/Debug-iphonesimulator -no-color-diagnostics -enable-testing -g -debug-info-format\=dwarf -dwarf-version\=4 -module-cache-path /Users/zhangshaocong6/Library/Developer/Xcode/DerivedData/ModuleCache.noindex -profile-generate -profile-coverage-mapping -swift-version 5 -enforce-exclusivity\=checked -Onone -D DEBUG -serialize-debugging-options -const-gather-protocols-file /Users/zhangshaocong6/Library/Developer/Xcode/DerivedData/liuyao-folvvhbzvbykjcfspkzmaozmsnto/Build/Intermediates.noindex/liuyao.build/Debug-iphonesimulator/liuyao.build/Objects-normal/arm64/liuyao_const_extract_protocols.json -enable-experimental-feature DebugDescriptionMacro -enable-experimental-feature OpaqueTypeErasure -enable-bare-slash-regex -empty-abi-descriptor -validate-clang-modules-once -clang-build-session-file /Users/zhangshaocong6/Library/Developer/Xcode/DerivedData/ModuleCache.noindex/Session.modulevalidation -Xcc -working-directory -Xcc /Users/zhangshaocong6/Desktop/cs/AI/liuyao -resource-dir /Applications/Xcode.app/Contents/Developer/Toolchains/XcodeDefault.xctoolchain/usr/lib/swift -enable-anonymous-context-mangled-names -file-compilation-dir /Users/zhangshaocong6/Desktop/cs/AI/liuyao -Xcc -D_LIBCPP_HARDENING_MODE\=_LIBCPP_HARDENING_MODE_DEBUG -Xcc -ivfsstatcache -Xcc /Users/zhangshaocong6/Library/Developer/Xcode/DerivedData/SDKStatCaches.noindex/iphonesimulator18.2-22C146-07b28473f605e47e75261259d3ef3b5a.sdkstatcache -Xcc -I/Users/zhangshaocong6/Library/Developer/Xcode/DerivedData/liuyao-folvvhbzvbykjcfspkzmaozmsnto/Build/Intermediates.noindex/liuyao.build/Debug-iphonesimulator/liuyao.build/swift-overrides.hmap -Xcc -iquote -Xcc /Users/zhangshaocong6/Library/Developer/Xcode/DerivedData/liuyao-folvvhbzvbykjcfspkzmaozmsnto/Build/Intermediates.noindex/liuyao.build/Debug-iphonesimulator/liuyao.build/liuyao-generated-files.hmap -Xcc -I/Users/zhangshaocong6/Library/Developer/Xcode/DerivedData/liuyao-folvvhbzvbykjcfspkzmaozmsnto/Build/Intermediates.noindex/liuyao.build/Debug-iphonesimulator/liuyao.build/liuyao-own-target-headers.hmap -Xcc -I/Users/zhangshaocong6/Library/Developer/Xcode/DerivedData/liuyao-folvvhbzvbykjcfspkzmaozmsnto/Build/Intermediates.noindex/liuyao.build/Debug-iphonesimulator/liuyao.build/liuyao-all-target-headers.hmap -Xcc -iquote -Xcc /Users/zhangshaocong6/Library/Developer/Xcode/DerivedData/liuyao-folvvhbzvbykjcfspkzmaozmsnto/Build/Intermediates.noindex/liuyao.build/Debug-iphonesimulator/liuyao.build/liuyao-project-headers.hmap -Xcc -I/Users/zhangshaocong6/Library/Developer/Xcode/DerivedData/liuyao-folvvhbzvbykjcfspkzmaozmsnto/Build/Products/Debug-iphonesimulator/include -Xcc -I/Users/zhangshaocong6/Library/Developer/Xcode/DerivedData/liuyao-folvvhbzvbykjcfspkzmaozmsnto/Build/Intermediates.noindex/liuyao.build/Debug-iphonesimulator/liuyao.build/DerivedSources-normal/arm64 -Xcc -I/Users/zhangshaocong6/Library/Developer/Xcode/DerivedData/liuyao-folvvhbzvbykjcfspkzmaozmsnto/Build/Intermediates.noindex/liuyao.build/Debug-iphonesimulator/liuyao.build/DerivedSources/arm64 -Xcc -I/Users/zhangshaocong6/Library/Developer/Xcode/DerivedData/liuyao-folvvhbzvbykjcfspkzmaozmsnto/Build/Intermediates.noindex/liuyao.build/Debug-iphonesimulator/liuyao.build/DerivedSources -Xcc -DDEBUG\=1 -module-name liuyao -frontend-parseable-output -disable-clang-spi -target-sdk-version 18.2 -target-sdk-name iphonesimulator18.2 -external-plugin-path /Applications/Xcode.app/Contents/Developer/Platforms/iPhoneOS.platform/Developer/usr/lib/swift/host/plugins\#/Applications/Xcode.app/Contents/Developer/Platforms/iPhoneOS.platform/Developer/usr/bin/swift-plugin-server -external-plugin-path /Applications/Xcode.app/Contents/Developer/Platforms/iPhoneOS.platform/Developer/usr/local/lib/swift/host/plugins\#/Applications/Xcode.app/Contents/Developer/Platforms/iPhoneOS.platform/Developer/usr/bin/swift-plugin-server -plugin-path /Applications/Xcode.app/Contents/Developer/Toolchains/XcodeDefault.xctoolchain/usr/lib/swift/host/plugins -plugin-path /Applications/Xcode.app/Contents/Developer/Toolchains/XcodeDefault.xctoolchain/usr/local/lib/swift/host/plugins -o /Users/zhangshaocong6/Library/Developer/Xcode/DerivedData/liuyao-folvvhbzvbykjcfspkzmaozmsnto/Build/Intermediates.noindex/liuyao.build/Debug-iphonesimulator/liuyao.build/Objects-normal/arm64/DivinationRecord+CoreDataClass.o -index-unit-output-path /liuyao.build/Debug-iphonesimulator/liuyao.build/Objects-normal/arm64/DivinationRecord+CoreDataClass.o -index-store-path /Users/zhangshaocong6/Library/Developer/Xcode/DerivedData/liuyao-folvvhbzvbykjcfspkzmaozmsnto/Index.noindex/DataStore -index-system-modules

SwiftCompile normal arm64 /Users/zhangshaocong6/Library/Developer/Xcode/DerivedData/liuyao-folvvhbzvbykjcfspkzmaozmsnto/Build/Intermediates.noindex/liuyao.build/Debug-iphonesimulator/liuyao.build/DerivedSources/CoreDataGenerated/DivinationModel/DivinationRecord+CoreDataClass.swift (in target 'liuyao' from project 'liuyao')
    cd /Users/zhangshaocong6/Desktop/cs/AI/liuyao
    /Applications/Xcode.app/Contents/Developer/Toolchains/XcodeDefault.xctoolchain/usr/bin/swift-frontend -c /Users/zhangshaocong6/Desktop/cs/AI/liuyao/liuyao/AIModels.swift /Users/zhangshaocong6/Desktop/cs/AI/liuyao/liuyao/AIService.swift /Users/zhangshaocong6/Desktop/cs/AI/liuyao/liuyao/ChatMasterView.swift /Users/zhangshaocong6/Desktop/cs/AI/liuyao/liuyao/CoinTossPageView.swift /Users/zhangshaocong6/Desktop/cs/AI/liuyao/liuyao/ContentView.swift /Users/zhangshaocong6/Desktop/cs/AI/liuyao/liuyao/DataModels.swift /Users/zhangshaocong6/Desktop/cs/AI/liuyao/liuyao/DivinationPageView.swift /Users/zhangshaocong6/Desktop/cs/AI/liuyao/liuyao/DivinationResultPageView.swift /Users/zhangshaocong6/Desktop/cs/AI/liuyao/liuyao/HistoryPageView.swift /Users/zhangshaocong6/Desktop/cs/AI/liuyao/liuyao/HistoryView.swift /Users/zhangshaocong6/Desktop/cs/AI/liuyao/liuyao/LearningPageView.swift /Users/zhangshaocong6/Desktop/cs/AI/liuyao/liuyao/LearningView.swift /Users/zhangshaocong6/Desktop/cs/AI/liuyao/liuyao/liuyaoApp.swift /Users/zhangshaocong6/Desktop/cs/AI/liuyao/liuyao/LocationManager.swift /Users/zhangshaocong6/Desktop/cs/AI/liuyao/liuyao/NetworkService.swift /Users/zhangshaocong6/Desktop/cs/AI/liuyao/liuyao/SharedComponents.swift -primary-file /Users/zhangshaocong6/Library/Developer/Xcode/DerivedData/liuyao-folvvhbzvbykjcfspkzmaozmsnto/Build/Intermediates.noindex/liuyao.build/Debug-iphonesimulator/liuyao.build/DerivedSources/CoreDataGenerated/DivinationModel/DivinationRecord+CoreDataClass.swift /Users/zhangshaocong6/Library/Developer/Xcode/DerivedData/liuyao-folvvhbzvbykjcfspkzmaozmsnto/Build/Intermediates.noindex/liuyao.build/Debug-iphonesimulator/liuyao.build/DerivedSources/CoreDataGenerated/DivinationModel/DivinationRecord+CoreDataProperties.swift /Users/zhangshaocong6/Library/Developer/Xcode/DerivedData/liuyao-folvvhbzvbykjcfspkzmaozmsnto/Build/Intermediates.noindex/liuyao.build/Debug-iphonesimulator/liuyao.build/DerivedSources/CoreDataGenerated/DivinationModel/Entity1+CoreDataClass.swift /Users/zhangshaocong6/Library/Developer/Xcode/DerivedData/liuyao-folvvhbzvbykjcfspkzmaozmsnto/Build/Intermediates.noindex/liuyao.build/Debug-iphonesimulator/liuyao.build/DerivedSources/CoreDataGenerated/DivinationModel/Entity1+CoreDataProperties.swift /Users/zhangshaocong6/Library/Developer/Xcode/DerivedData/liuyao-folvvhbzvbykjcfspkzmaozmsnto/Build/Intermediates.noindex/liuyao.build/Debug-iphonesimulator/liuyao.build/DerivedSources/CoreDataGenerated/DivinationModel/DivinationModel+CoreDataModel.swift /Users/zhangshaocong6/Library/Developer/Xcode/DerivedData/liuyao-folvvhbzvbykjcfspkzmaozmsnto/Build/Intermediates.noindex/liuyao.build/Debug-iphonesimulator/liuyao.build/DerivedSources/GeneratedAssetSymbols.swift -emit-dependencies-path /Users/zhangshaocong6/Library/Developer/Xcode/DerivedData/liuyao-folvvhbzvbykjcfspkzmaozmsnto/Build/Intermediates.noindex/liuyao.build/Debug-iphonesimulator/liuyao.build/Objects-normal/arm64/DivinationRecord+CoreDataClass.d -emit-const-values-path /Users/zhangshaocong6/Library/Developer/Xcode/DerivedData/liuyao-folvvhbzvbykjcfspkzmaozmsnto/Build/Intermediates.noindex/liuyao.build/Debug-iphonesimulator/liuyao.build/Objects-normal/arm64/DivinationRecord+CoreDataClass.swiftconstvalues -emit-reference-dependencies-path /Users/zhangshaocong6/Library/Developer/Xcode/DerivedData/liuyao-folvvhbzvbykjcfspkzmaozmsnto/Build/Intermediates.noindex/liuyao.build/Debug-iphonesimulator/liuyao.build/Objects-normal/arm64/DivinationRecord+CoreDataClass.swiftdeps -serialize-diagnostics-path /Users/zhangshaocong6/Library/Developer/Xcode/DerivedData/liuyao-folvvhbzvbykjcfspkzmaozmsnto/Build/Intermediates.noindex/liuyao.build/Debug-iphonesimulator/liuyao.build/Objects-normal/arm64/DivinationRecord+CoreDataClass.dia -emit-localized-strings -emit-localized-strings-path /Users/zhangshaocong6/Library/Developer/Xcode/DerivedData/liuyao-folvvhbzvbykjcfspkzmaozmsnto/Build/Intermediates.noindex/liuyao.build/Debug-iphonesimulator/liuyao.build/Objects-normal/arm64 -target arm64-apple-ios16-simulator -Xllvm -aarch64-use-tbi -enable-objc-interop -sdk /Applications/Xcode.app/Contents/Developer/Platforms/iPhoneSimulator.platform/Developer/SDKs/iPhoneSimulator18.2.sdk -I /Users/zhangshaocong6/Library/Developer/Xcode/DerivedData/liuyao-folvvhbzvbykjcfspkzmaozmsnto/Build/Products/Debug-iphonesimulator -F /Users/zhangshaocong6/Library/Developer/Xcode/DerivedData/liuyao-folvvhbzvbykjcfspkzmaozmsnto/Build/Products/Debug-iphonesimulator -no-color-diagnostics -enable-testing -g -debug-info-format\=dwarf -dwarf-version\=4 -module-cache-path /Users/zhangshaocong6/Library/Developer/Xcode/DerivedData/ModuleCache.noindex -profile-generate -profile-coverage-mapping -swift-version 5 -enforce-exclusivity\=checked -Onone -D DEBUG -serialize-debugging-options -const-gather-protocols-file /Users/zhangshaocong6/Library/Developer/Xcode/DerivedData/liuyao-folvvhbzvbykjcfspkzmaozmsnto/Build/Intermediates.noindex/liuyao.build/Debug-iphonesimulator/liuyao.build/Objects-normal/arm64/liuyao_const_extract_protocols.json -enable-experimental-feature DebugDescriptionMacro -enable-experimental-feature OpaqueTypeErasure -enable-bare-slash-regex -empty-abi-descriptor -validate-clang-modules-once -clang-build-session-file /Users/zhangshaocong6/Library/Developer/Xcode/DerivedData/ModuleCache.noindex/Session.modulevalidation -Xcc -working-directory -Xcc /Users/zhangshaocong6/Desktop/cs/AI/liuyao -resource-dir /Applications/Xcode.app/Contents/Developer/Toolchains/XcodeDefault.xctoolchain/usr/lib/swift -enable-anonymous-context-mangled-names -file-compilation-dir /Users/zhangshaocong6/Desktop/cs/AI/liuyao -Xcc -D_LIBCPP_HARDENING_MODE\=_LIBCPP_HARDENING_MODE_DEBUG -Xcc -ivfsstatcache -Xcc /Users/zhangshaocong6/Library/Developer/Xcode/DerivedData/SDKStatCaches.noindex/iphonesimulator18.2-22C146-07b28473f605e47e75261259d3ef3b5a.sdkstatcache -Xcc -I/Users/zhangshaocong6/Library/Developer/Xcode/DerivedData/liuyao-folvvhbzvbykjcfspkzmaozmsnto/Build/Intermediates.noindex/liuyao.build/Debug-iphonesimulator/liuyao.build/swift-overrides.hmap -Xcc -iquote -Xcc /Users/zhangshaocong6/Library/Developer/Xcode/DerivedData/liuyao-folvvhbzvbykjcfspkzmaozmsnto/Build/Intermediates.noindex/liuyao.build/Debug-iphonesimulator/liuyao.build/liuyao-generated-files.hmap -Xcc -I/Users/zhangshaocong6/Library/Developer/Xcode/DerivedData/liuyao-folvvhbzvbykjcfspkzmaozmsnto/Build/Intermediates.noindex/liuyao.build/Debug-iphonesimulator/liuyao.build/liuyao-own-target-headers.hmap -Xcc -I/Users/zhangshaocong6/Library/Developer/Xcode/DerivedData/liuyao-folvvhbzvbykjcfspkzmaozmsnto/Build/Intermediates.noindex/liuyao.build/Debug-iphonesimulator/liuyao.build/liuyao-all-target-headers.hmap -Xcc -iquote -Xcc /Users/zhangshaocong6/Library/Developer/Xcode/DerivedData/liuyao-folvvhbzvbykjcfspkzmaozmsnto/Build/Intermediates.noindex/liuyao.build/Debug-iphonesimulator/liuyao.build/liuyao-project-headers.hmap -Xcc -I/Users/zhangshaocong6/Library/Developer/Xcode/DerivedData/liuyao-folvvhbzvbykjcfspkzmaozmsnto/Build/Products/Debug-iphonesimulator/include -Xcc -I/Users/zhangshaocong6/Library/Developer/Xcode/DerivedData/liuyao-folvvhbzvbykjcfspkzmaozmsnto/Build/Intermediates.noindex/liuyao.build/Debug-iphonesimulator/liuyao.build/DerivedSources-normal/arm64 -Xcc -I/Users/zhangshaocong6/Library/Developer/Xcode/DerivedData/liuyao-folvvhbzvbykjcfspkzmaozmsnto/Build/Intermediates.noindex/liuyao.build/Debug-iphonesimulator/liuyao.build/DerivedSources/arm64 -Xcc -I/Users/zhangshaocong6/Library/Developer/Xcode/DerivedData/liuyao-folvvhbzvbykjcfspkzmaozmsnto/Build/Intermediates.noindex/liuyao.build/Debug-iphonesimulator/liuyao.build/DerivedSources -Xcc -DDEBUG\=1 -module-name liuyao -frontend-parseable-output -disable-clang-spi -target-sdk-version 18.2 -target-sdk-name iphonesimulator18.2 -external-plugin-path /Applications/Xcode.app/Contents/Developer/Platforms/iPhoneOS.platform/Developer/usr/lib/swift/host/plugins\#/Applications/Xcode.app/Contents/Developer/Platforms/iPhoneOS.platform/Developer/usr/bin/swift-plugin-server -external-plugin-path /Applications/Xcode.app/Contents/Developer/Platforms/iPhoneOS.platform/Developer/usr/local/lib/swift/host/plugins\#/Applications/Xcode.app/Contents/Developer/Platforms/iPhoneOS.platform/Developer/usr/bin/swift-plugin-server -plugin-path /Applications/Xcode.app/Contents/Developer/Toolchains/XcodeDefault.xctoolchain/usr/lib/swift/host/plugins -plugin-path /Applications/Xcode.app/Contents/Developer/Toolchains/XcodeDefault.xctoolchain/usr/local/lib/swift/host/plugins -o /Users/zhangshaocong6/Library/Developer/Xcode/DerivedData/liuyao-folvvhbzvbykjcfspkzmaozmsnto/Build/Intermediates.noindex/liuyao.build/Debug-iphonesimulator/liuyao.build/Objects-normal/arm64/DivinationRecord+CoreDataClass.o -index-unit-output-path /liuyao.build/Debug-iphonesimulator/liuyao.build/Objects-normal/arm64/DivinationRecord+CoreDataClass.o -index-store-path /Users/zhangshaocong6/Library/Developer/Xcode/DerivedData/liuyao-folvvhbzvbykjcfspkzmaozmsnto/Index.noindex/DataStore -index-system-modules

SwiftCompile normal arm64 Compiling\ LearningView.swift /Users/zhangshaocong6/Desktop/cs/AI/liuyao/liuyao/LearningView.swift (in target 'liuyao' from project 'liuyao')
    cd /Users/zhangshaocong6/Desktop/cs/AI/liuyao
    builtin-swiftTaskExecution -- /Applications/Xcode.app/Contents/Developer/Toolchains/XcodeDefault.xctoolchain/usr/bin/swift-frontend -frontend -c /Users/zhangshaocong6/Desktop/cs/AI/liuyao/liuyao/AIModels.swift /Users/zhangshaocong6/Desktop/cs/AI/liuyao/liuyao/AIService.swift /Users/zhangshaocong6/Desktop/cs/AI/liuyao/liuyao/ChatMasterView.swift /Users/zhangshaocong6/Desktop/cs/AI/liuyao/liuyao/CoinTossPageView.swift /Users/zhangshaocong6/Desktop/cs/AI/liuyao/liuyao/ContentView.swift /Users/zhangshaocong6/Desktop/cs/AI/liuyao/liuyao/DataModels.swift /Users/zhangshaocong6/Desktop/cs/AI/liuyao/liuyao/DivinationPageView.swift /Users/zhangshaocong6/Desktop/cs/AI/liuyao/liuyao/DivinationResultPageView.swift /Users/zhangshaocong6/Desktop/cs/AI/liuyao/liuyao/HistoryPageView.swift /Users/zhangshaocong6/Desktop/cs/AI/liuyao/liuyao/HistoryView.swift /Users/zhangshaocong6/Desktop/cs/AI/liuyao/liuyao/LearningPageView.swift -primary-file /Users/zhangshaocong6/Desktop/cs/AI/liuyao/liuyao/LearningView.swift /Users/zhangshaocong6/Desktop/cs/AI/liuyao/liuyao/liuyaoApp.swift /Users/zhangshaocong6/Desktop/cs/AI/liuyao/liuyao/LocationManager.swift /Users/zhangshaocong6/Desktop/cs/AI/liuyao/liuyao/NetworkService.swift /Users/zhangshaocong6/Desktop/cs/AI/liuyao/liuyao/SharedComponents.swift /Users/zhangshaocong6/Library/Developer/Xcode/DerivedData/liuyao-folvvhbzvbykjcfspkzmaozmsnto/Build/Intermediates.noindex/liuyao.build/Debug-iphonesimulator/liuyao.build/DerivedSources/CoreDataGenerated/DivinationModel/DivinationRecord+CoreDataClass.swift /Users/zhangshaocong6/Library/Developer/Xcode/DerivedData/liuyao-folvvhbzvbykjcfspkzmaozmsnto/Build/Intermediates.noindex/liuyao.build/Debug-iphonesimulator/liuyao.build/DerivedSources/CoreDataGenerated/DivinationModel/DivinationRecord+CoreDataProperties.swift /Users/zhangshaocong6/Library/Developer/Xcode/DerivedData/liuyao-folvvhbzvbykjcfspkzmaozmsnto/Build/Intermediates.noindex/liuyao.build/Debug-iphonesimulator/liuyao.build/DerivedSources/CoreDataGenerated/DivinationModel/Entity1+CoreDataClass.swift /Users/zhangshaocong6/Library/Developer/Xcode/DerivedData/liuyao-folvvhbzvbykjcfspkzmaozmsnto/Build/Intermediates.noindex/liuyao.build/Debug-iphonesimulator/liuyao.build/DerivedSources/CoreDataGenerated/DivinationModel/Entity1+CoreDataProperties.swift /Users/zhangshaocong6/Library/Developer/Xcode/DerivedData/liuyao-folvvhbzvbykjcfspkzmaozmsnto/Build/Intermediates.noindex/liuyao.build/Debug-iphonesimulator/liuyao.build/DerivedSources/CoreDataGenerated/DivinationModel/DivinationModel+CoreDataModel.swift /Users/zhangshaocong6/Library/Developer/Xcode/DerivedData/liuyao-folvvhbzvbykjcfspkzmaozmsnto/Build/Intermediates.noindex/liuyao.build/Debug-iphonesimulator/liuyao.build/DerivedSources/GeneratedAssetSymbols.swift -emit-dependencies-path /Users/zhangshaocong6/Library/Developer/Xcode/DerivedData/liuyao-folvvhbzvbykjcfspkzmaozmsnto/Build/Intermediates.noindex/liuyao.build/Debug-iphonesimulator/liuyao.build/Objects-normal/arm64/LearningView.d -emit-const-values-path /Users/zhangshaocong6/Library/Developer/Xcode/DerivedData/liuyao-folvvhbzvbykjcfspkzmaozmsnto/Build/Intermediates.noindex/liuyao.build/Debug-iphonesimulator/liuyao.build/Objects-normal/arm64/LearningView.swiftconstvalues -emit-reference-dependencies-path /Users/zhangshaocong6/Library/Developer/Xcode/DerivedData/liuyao-folvvhbzvbykjcfspkzmaozmsnto/Build/Intermediates.noindex/liuyao.build/Debug-iphonesimulator/liuyao.build/Objects-normal/arm64/LearningView.swiftdeps -serialize-diagnostics-path /Users/zhangshaocong6/Library/Developer/Xcode/DerivedData/liuyao-folvvhbzvbykjcfspkzmaozmsnto/Build/Intermediates.noindex/liuyao.build/Debug-iphonesimulator/liuyao.build/Objects-normal/arm64/LearningView.dia -emit-localized-strings -emit-localized-strings-path /Users/zhangshaocong6/Library/Developer/Xcode/DerivedData/liuyao-folvvhbzvbykjcfspkzmaozmsnto/Build/Intermediates.noindex/liuyao.build/Debug-iphonesimulator/liuyao.build/Objects-normal/arm64 -target arm64-apple-ios16-simulator -Xllvm -aarch64-use-tbi -enable-objc-interop -sdk /Applications/Xcode.app/Contents/Developer/Platforms/iPhoneSimulator.platform/Developer/SDKs/iPhoneSimulator18.2.sdk -I /Users/zhangshaocong6/Library/Developer/Xcode/DerivedData/liuyao-folvvhbzvbykjcfspkzmaozmsnto/Build/Products/Debug-iphonesimulator -F /Users/zhangshaocong6/Library/Developer/Xcode/DerivedData/liuyao-folvvhbzvbykjcfspkzmaozmsnto/Build/Products/Debug-iphonesimulator -no-color-diagnostics -enable-testing -g -debug-info-format\=dwarf -dwarf-version\=4 -module-cache-path /Users/zhangshaocong6/Library/Developer/Xcode/DerivedData/ModuleCache.noindex -profile-generate -profile-coverage-mapping -swift-version 5 -enforce-exclusivity\=checked -Onone -D DEBUG -serialize-debugging-options -const-gather-protocols-file /Users/zhangshaocong6/Library/Developer/Xcode/DerivedData/liuyao-folvvhbzvbykjcfspkzmaozmsnto/Build/Intermediates.noindex/liuyao.build/Debug-iphonesimulator/liuyao.build/Objects-normal/arm64/liuyao_const_extract_protocols.json -enable-experimental-feature DebugDescriptionMacro -enable-experimental-feature OpaqueTypeErasure -enable-bare-slash-regex -empty-abi-descriptor -validate-clang-modules-once -clang-build-session-file /Users/zhangshaocong6/Library/Developer/Xcode/DerivedData/ModuleCache.noindex/Session.modulevalidation -Xcc -working-directory -Xcc /Users/zhangshaocong6/Desktop/cs/AI/liuyao -resource-dir /Applications/Xcode.app/Contents/Developer/Toolchains/XcodeDefault.xctoolchain/usr/lib/swift -enable-anonymous-context-mangled-names -file-compilation-dir /Users/zhangshaocong6/Desktop/cs/AI/liuyao -Xcc -D_LIBCPP_HARDENING_MODE\=_LIBCPP_HARDENING_MODE_DEBUG -Xcc -ivfsstatcache -Xcc /Users/zhangshaocong6/Library/Developer/Xcode/DerivedData/SDKStatCaches.noindex/iphonesimulator18.2-22C146-07b28473f605e47e75261259d3ef3b5a.sdkstatcache -Xcc -I/Users/zhangshaocong6/Library/Developer/Xcode/DerivedData/liuyao-folvvhbzvbykjcfspkzmaozmsnto/Build/Intermediates.noindex/liuyao.build/Debug-iphonesimulator/liuyao.build/swift-overrides.hmap -Xcc -iquote -Xcc /Users/zhangshaocong6/Library/Developer/Xcode/DerivedData/liuyao-folvvhbzvbykjcfspkzmaozmsnto/Build/Intermediates.noindex/liuyao.build/Debug-iphonesimulator/liuyao.build/liuyao-generated-files.hmap -Xcc -I/Users/zhangshaocong6/Library/Developer/Xcode/DerivedData/liuyao-folvvhbzvbykjcfspkzmaozmsnto/Build/Intermediates.noindex/liuyao.build/Debug-iphonesimulator/liuyao.build/liuyao-own-target-headers.hmap -Xcc -I/Users/zhangshaocong6/Library/Developer/Xcode/DerivedData/liuyao-folvvhbzvbykjcfspkzmaozmsnto/Build/Intermediates.noindex/liuyao.build/Debug-iphonesimulator/liuyao.build/liuyao-all-target-headers.hmap -Xcc -iquote -Xcc /Users/zhangshaocong6/Library/Developer/Xcode/DerivedData/liuyao-folvvhbzvbykjcfspkzmaozmsnto/Build/Intermediates.noindex/liuyao.build/Debug-iphonesimulator/liuyao.build/liuyao-project-headers.hmap -Xcc -I/Users/zhangshaocong6/Library/Developer/Xcode/DerivedData/liuyao-folvvhbzvbykjcfspkzmaozmsnto/Build/Products/Debug-iphonesimulator/include -Xcc -I/Users/zhangshaocong6/Library/Developer/Xcode/DerivedData/liuyao-folvvhbzvbykjcfspkzmaozmsnto/Build/Intermediates.noindex/liuyao.build/Debug-iphonesimulator/liuyao.build/DerivedSources-normal/arm64 -Xcc -I/Users/zhangshaocong6/Library/Developer/Xcode/DerivedData/liuyao-folvvhbzvbykjcfspkzmaozmsnto/Build/Intermediates.noindex/liuyao.build/Debug-iphonesimulator/liuyao.build/DerivedSources/arm64 -Xcc -I/Users/zhangshaocong6/Library/Developer/Xcode/DerivedData/liuyao-folvvhbzvbykjcfspkzmaozmsnto/Build/Intermediates.noindex/liuyao.build/Debug-iphonesimulator/liuyao.build/DerivedSources -Xcc -DDEBUG\=1 -module-name liuyao -frontend-parseable-output -disable-clang-spi -target-sdk-version 18.2 -target-sdk-name iphonesimulator18.2 -external-plugin-path /Applications/Xcode.app/Contents/Developer/Platforms/iPhoneOS.platform/Developer/usr/lib/swift/host/plugins\#/Applications/Xcode.app/Contents/Developer/Platforms/iPhoneOS.platform/Developer/usr/bin/swift-plugin-server -external-plugin-path /Applications/Xcode.app/Contents/Developer/Platforms/iPhoneOS.platform/Developer/usr/local/lib/swift/host/plugins\#/Applications/Xcode.app/Contents/Developer/Platforms/iPhoneOS.platform/Developer/usr/bin/swift-plugin-server -plugin-path /Applications/Xcode.app/Contents/Developer/Toolchains/XcodeDefault.xctoolchain/usr/lib/swift/host/plugins -plugin-path /Applications/Xcode.app/Contents/Developer/Toolchains/XcodeDefault.xctoolchain/usr/local/lib/swift/host/plugins -o /Users/zhangshaocong6/Library/Developer/Xcode/DerivedData/liuyao-folvvhbzvbykjcfspkzmaozmsnto/Build/Intermediates.noindex/liuyao.build/Debug-iphonesimulator/liuyao.build/Objects-normal/arm64/LearningView.o -index-unit-output-path /liuyao.build/Debug-iphonesimulator/liuyao.build/Objects-normal/arm64/LearningView.o -index-store-path /Users/zhangshaocong6/Library/Developer/Xcode/DerivedData/liuyao-folvvhbzvbykjcfspkzmaozmsnto/Index.noindex/DataStore -index-system-modules

SwiftCompile normal arm64 /Users/zhangshaocong6/Desktop/cs/AI/liuyao/liuyao/LearningView.swift (in target 'liuyao' from project 'liuyao')
    cd /Users/zhangshaocong6/Desktop/cs/AI/liuyao
    /Applications/Xcode.app/Contents/Developer/Toolchains/XcodeDefault.xctoolchain/usr/bin/swift-frontend -c /Users/zhangshaocong6/Desktop/cs/AI/liuyao/liuyao/AIModels.swift /Users/zhangshaocong6/Desktop/cs/AI/liuyao/liuyao/AIService.swift /Users/zhangshaocong6/Desktop/cs/AI/liuyao/liuyao/ChatMasterView.swift /Users/zhangshaocong6/Desktop/cs/AI/liuyao/liuyao/CoinTossPageView.swift /Users/zhangshaocong6/Desktop/cs/AI/liuyao/liuyao/ContentView.swift /Users/zhangshaocong6/Desktop/cs/AI/liuyao/liuyao/DataModels.swift /Users/zhangshaocong6/Desktop/cs/AI/liuyao/liuyao/DivinationPageView.swift /Users/zhangshaocong6/Desktop/cs/AI/liuyao/liuyao/DivinationResultPageView.swift /Users/zhangshaocong6/Desktop/cs/AI/liuyao/liuyao/HistoryPageView.swift /Users/zhangshaocong6/Desktop/cs/AI/liuyao/liuyao/HistoryView.swift /Users/zhangshaocong6/Desktop/cs/AI/liuyao/liuyao/LearningPageView.swift -primary-file /Users/zhangshaocong6/Desktop/cs/AI/liuyao/liuyao/LearningView.swift /Users/zhangshaocong6/Desktop/cs/AI/liuyao/liuyao/liuyaoApp.swift /Users/zhangshaocong6/Desktop/cs/AI/liuyao/liuyao/LocationManager.swift /Users/zhangshaocong6/Desktop/cs/AI/liuyao/liuyao/NetworkService.swift /Users/zhangshaocong6/Desktop/cs/AI/liuyao/liuyao/SharedComponents.swift /Users/zhangshaocong6/Library/Developer/Xcode/DerivedData/liuyao-folvvhbzvbykjcfspkzmaozmsnto/Build/Intermediates.noindex/liuyao.build/Debug-iphonesimulator/liuyao.build/DerivedSources/CoreDataGenerated/DivinationModel/DivinationRecord+CoreDataClass.swift /Users/zhangshaocong6/Library/Developer/Xcode/DerivedData/liuyao-folvvhbzvbykjcfspkzmaozmsnto/Build/Intermediates.noindex/liuyao.build/Debug-iphonesimulator/liuyao.build/DerivedSources/CoreDataGenerated/DivinationModel/DivinationRecord+CoreDataProperties.swift /Users/zhangshaocong6/Library/Developer/Xcode/DerivedData/liuyao-folvvhbzvbykjcfspkzmaozmsnto/Build/Intermediates.noindex/liuyao.build/Debug-iphonesimulator/liuyao.build/DerivedSources/CoreDataGenerated/DivinationModel/Entity1+CoreDataClass.swift /Users/zhangshaocong6/Library/Developer/Xcode/DerivedData/liuyao-folvvhbzvbykjcfspkzmaozmsnto/Build/Intermediates.noindex/liuyao.build/Debug-iphonesimulator/liuyao.build/DerivedSources/CoreDataGenerated/DivinationModel/Entity1+CoreDataProperties.swift /Users/zhangshaocong6/Library/Developer/Xcode/DerivedData/liuyao-folvvhbzvbykjcfspkzmaozmsnto/Build/Intermediates.noindex/liuyao.build/Debug-iphonesimulator/liuyao.build/DerivedSources/CoreDataGenerated/DivinationModel/DivinationModel+CoreDataModel.swift /Users/zhangshaocong6/Library/Developer/Xcode/DerivedData/liuyao-folvvhbzvbykjcfspkzmaozmsnto/Build/Intermediates.noindex/liuyao.build/Debug-iphonesimulator/liuyao.build/DerivedSources/GeneratedAssetSymbols.swift -emit-dependencies-path /Users/zhangshaocong6/Library/Developer/Xcode/DerivedData/liuyao-folvvhbzvbykjcfspkzmaozmsnto/Build/Intermediates.noindex/liuyao.build/Debug-iphonesimulator/liuyao.build/Objects-normal/arm64/LearningView.d -emit-const-values-path /Users/zhangshaocong6/Library/Developer/Xcode/DerivedData/liuyao-folvvhbzvbykjcfspkzmaozmsnto/Build/Intermediates.noindex/liuyao.build/Debug-iphonesimulator/liuyao.build/Objects-normal/arm64/LearningView.swiftconstvalues -emit-reference-dependencies-path /Users/zhangshaocong6/Library/Developer/Xcode/DerivedData/liuyao-folvvhbzvbykjcfspkzmaozmsnto/Build/Intermediates.noindex/liuyao.build/Debug-iphonesimulator/liuyao.build/Objects-normal/arm64/LearningView.swiftdeps -serialize-diagnostics-path /Users/zhangshaocong6/Library/Developer/Xcode/DerivedData/liuyao-folvvhbzvbykjcfspkzmaozmsnto/Build/Intermediates.noindex/liuyao.build/Debug-iphonesimulator/liuyao.build/Objects-normal/arm64/LearningView.dia -emit-localized-strings -emit-localized-strings-path /Users/zhangshaocong6/Library/Developer/Xcode/DerivedData/liuyao-folvvhbzvbykjcfspkzmaozmsnto/Build/Intermediates.noindex/liuyao.build/Debug-iphonesimulator/liuyao.build/Objects-normal/arm64 -target arm64-apple-ios16-simulator -Xllvm -aarch64-use-tbi -enable-objc-interop -sdk /Applications/Xcode.app/Contents/Developer/Platforms/iPhoneSimulator.platform/Developer/SDKs/iPhoneSimulator18.2.sdk -I /Users/zhangshaocong6/Library/Developer/Xcode/DerivedData/liuyao-folvvhbzvbykjcfspkzmaozmsnto/Build/Products/Debug-iphonesimulator -F /Users/zhangshaocong6/Library/Developer/Xcode/DerivedData/liuyao-folvvhbzvbykjcfspkzmaozmsnto/Build/Products/Debug-iphonesimulator -no-color-diagnostics -enable-testing -g -debug-info-format\=dwarf -dwarf-version\=4 -module-cache-path /Users/zhangshaocong6/Library/Developer/Xcode/DerivedData/ModuleCache.noindex -profile-generate -profile-coverage-mapping -swift-version 5 -enforce-exclusivity\=checked -Onone -D DEBUG -serialize-debugging-options -const-gather-protocols-file /Users/zhangshaocong6/Library/Developer/Xcode/DerivedData/liuyao-folvvhbzvbykjcfspkzmaozmsnto/Build/Intermediates.noindex/liuyao.build/Debug-iphonesimulator/liuyao.build/Objects-normal/arm64/liuyao_const_extract_protocols.json -enable-experimental-feature DebugDescriptionMacro -enable-experimental-feature OpaqueTypeErasure -enable-bare-slash-regex -empty-abi-descriptor -validate-clang-modules-once -clang-build-session-file /Users/zhangshaocong6/Library/Developer/Xcode/DerivedData/ModuleCache.noindex/Session.modulevalidation -Xcc -working-directory -Xcc /Users/zhangshaocong6/Desktop/cs/AI/liuyao -resource-dir /Applications/Xcode.app/Contents/Developer/Toolchains/XcodeDefault.xctoolchain/usr/lib/swift -enable-anonymous-context-mangled-names -file-compilation-dir /Users/zhangshaocong6/Desktop/cs/AI/liuyao -Xcc -D_LIBCPP_HARDENING_MODE\=_LIBCPP_HARDENING_MODE_DEBUG -Xcc -ivfsstatcache -Xcc /Users/zhangshaocong6/Library/Developer/Xcode/DerivedData/SDKStatCaches.noindex/iphonesimulator18.2-22C146-07b28473f605e47e75261259d3ef3b5a.sdkstatcache -Xcc -I/Users/zhangshaocong6/Library/Developer/Xcode/DerivedData/liuyao-folvvhbzvbykjcfspkzmaozmsnto/Build/Intermediates.noindex/liuyao.build/Debug-iphonesimulator/liuyao.build/swift-overrides.hmap -Xcc -iquote -Xcc /Users/zhangshaocong6/Library/Developer/Xcode/DerivedData/liuyao-folvvhbzvbykjcfspkzmaozmsnto/Build/Intermediates.noindex/liuyao.build/Debug-iphonesimulator/liuyao.build/liuyao-generated-files.hmap -Xcc -I/Users/zhangshaocong6/Library/Developer/Xcode/DerivedData/liuyao-folvvhbzvbykjcfspkzmaozmsnto/Build/Intermediates.noindex/liuyao.build/Debug-iphonesimulator/liuyao.build/liuyao-own-target-headers.hmap -Xcc -I/Users/zhangshaocong6/Library/Developer/Xcode/DerivedData/liuyao-folvvhbzvbykjcfspkzmaozmsnto/Build/Intermediates.noindex/liuyao.build/Debug-iphonesimulator/liuyao.build/liuyao-all-target-headers.hmap -Xcc -iquote -Xcc /Users/zhangshaocong6/Library/Developer/Xcode/DerivedData/liuyao-folvvhbzvbykjcfspkzmaozmsnto/Build/Intermediates.noindex/liuyao.build/Debug-iphonesimulator/liuyao.build/liuyao-project-headers.hmap -Xcc -I/Users/zhangshaocong6/Library/Developer/Xcode/DerivedData/liuyao-folvvhbzvbykjcfspkzmaozmsnto/Build/Products/Debug-iphonesimulator/include -Xcc -I/Users/zhangshaocong6/Library/Developer/Xcode/DerivedData/liuyao-folvvhbzvbykjcfspkzmaozmsnto/Build/Intermediates.noindex/liuyao.build/Debug-iphonesimulator/liuyao.build/DerivedSources-normal/arm64 -Xcc -I/Users/zhangshaocong6/Library/Developer/Xcode/DerivedData/liuyao-folvvhbzvbykjcfspkzmaozmsnto/Build/Intermediates.noindex/liuyao.build/Debug-iphonesimulator/liuyao.build/DerivedSources/arm64 -Xcc -I/Users/zhangshaocong6/Library/Developer/Xcode/DerivedData/liuyao-folvvhbzvbykjcfspkzmaozmsnto/Build/Intermediates.noindex/liuyao.build/Debug-iphonesimulator/liuyao.build/DerivedSources -Xcc -DDEBUG\=1 -module-name liuyao -frontend-parseable-output -disable-clang-spi -target-sdk-version 18.2 -target-sdk-name iphonesimulator18.2 -external-plugin-path /Applications/Xcode.app/Contents/Developer/Platforms/iPhoneOS.platform/Developer/usr/lib/swift/host/plugins\#/Applications/Xcode.app/Contents/Developer/Platforms/iPhoneOS.platform/Developer/usr/bin/swift-plugin-server -external-plugin-path /Applications/Xcode.app/Contents/Developer/Platforms/iPhoneOS.platform/Developer/usr/local/lib/swift/host/plugins\#/Applications/Xcode.app/Contents/Developer/Platforms/iPhoneOS.platform/Developer/usr/bin/swift-plugin-server -plugin-path /Applications/Xcode.app/Contents/Developer/Toolchains/XcodeDefault.xctoolchain/usr/lib/swift/host/plugins -plugin-path /Applications/Xcode.app/Contents/Developer/Toolchains/XcodeDefault.xctoolchain/usr/local/lib/swift/host/plugins -o /Users/zhangshaocong6/Library/Developer/Xcode/DerivedData/liuyao-folvvhbzvbykjcfspkzmaozmsnto/Build/Intermediates.noindex/liuyao.build/Debug-iphonesimulator/liuyao.build/Objects-normal/arm64/LearningView.o -index-unit-output-path /liuyao.build/Debug-iphonesimulator/liuyao.build/Objects-normal/arm64/LearningView.o -index-store-path /Users/zhangshaocong6/Library/Developer/Xcode/DerivedData/liuyao-folvvhbzvbykjcfspkzmaozmsnto/Index.noindex/DataStore -index-system-modules

SwiftCompile normal arm64 Compiling\ HistoryView.swift /Users/zhangshaocong6/Desktop/cs/AI/liuyao/liuyao/HistoryView.swift (in target 'liuyao' from project 'liuyao')
    cd /Users/zhangshaocong6/Desktop/cs/AI/liuyao
    builtin-swiftTaskExecution -- /Applications/Xcode.app/Contents/Developer/Toolchains/XcodeDefault.xctoolchain/usr/bin/swift-frontend -frontend -c /Users/zhangshaocong6/Desktop/cs/AI/liuyao/liuyao/AIModels.swift /Users/zhangshaocong6/Desktop/cs/AI/liuyao/liuyao/AIService.swift /Users/zhangshaocong6/Desktop/cs/AI/liuyao/liuyao/ChatMasterView.swift /Users/zhangshaocong6/Desktop/cs/AI/liuyao/liuyao/CoinTossPageView.swift /Users/zhangshaocong6/Desktop/cs/AI/liuyao/liuyao/ContentView.swift /Users/zhangshaocong6/Desktop/cs/AI/liuyao/liuyao/DataModels.swift /Users/zhangshaocong6/Desktop/cs/AI/liuyao/liuyao/DivinationPageView.swift /Users/zhangshaocong6/Desktop/cs/AI/liuyao/liuyao/DivinationResultPageView.swift /Users/zhangshaocong6/Desktop/cs/AI/liuyao/liuyao/HistoryPageView.swift -primary-file /Users/zhangshaocong6/Desktop/cs/AI/liuyao/liuyao/HistoryView.swift /Users/zhangshaocong6/Desktop/cs/AI/liuyao/liuyao/LearningPageView.swift /Users/zhangshaocong6/Desktop/cs/AI/liuyao/liuyao/LearningView.swift /Users/zhangshaocong6/Desktop/cs/AI/liuyao/liuyao/liuyaoApp.swift /Users/zhangshaocong6/Desktop/cs/AI/liuyao/liuyao/LocationManager.swift /Users/zhangshaocong6/Desktop/cs/AI/liuyao/liuyao/NetworkService.swift /Users/zhangshaocong6/Desktop/cs/AI/liuyao/liuyao/SharedComponents.swift /Users/zhangshaocong6/Library/Developer/Xcode/DerivedData/liuyao-folvvhbzvbykjcfspkzmaozmsnto/Build/Intermediates.noindex/liuyao.build/Debug-iphonesimulator/liuyao.build/DerivedSources/CoreDataGenerated/DivinationModel/DivinationRecord+CoreDataClass.swift /Users/zhangshaocong6/Library/Developer/Xcode/DerivedData/liuyao-folvvhbzvbykjcfspkzmaozmsnto/Build/Intermediates.noindex/liuyao.build/Debug-iphonesimulator/liuyao.build/DerivedSources/CoreDataGenerated/DivinationModel/DivinationRecord+CoreDataProperties.swift /Users/zhangshaocong6/Library/Developer/Xcode/DerivedData/liuyao-folvvhbzvbykjcfspkzmaozmsnto/Build/Intermediates.noindex/liuyao.build/Debug-iphonesimulator/liuyao.build/DerivedSources/CoreDataGenerated/DivinationModel/Entity1+CoreDataClass.swift /Users/zhangshaocong6/Library/Developer/Xcode/DerivedData/liuyao-folvvhbzvbykjcfspkzmaozmsnto/Build/Intermediates.noindex/liuyao.build/Debug-iphonesimulator/liuyao.build/DerivedSources/CoreDataGenerated/DivinationModel/Entity1+CoreDataProperties.swift /Users/zhangshaocong6/Library/Developer/Xcode/DerivedData/liuyao-folvvhbzvbykjcfspkzmaozmsnto/Build/Intermediates.noindex/liuyao.build/Debug-iphonesimulator/liuyao.build/DerivedSources/CoreDataGenerated/DivinationModel/DivinationModel+CoreDataModel.swift /Users/zhangshaocong6/Library/Developer/Xcode/DerivedData/liuyao-folvvhbzvbykjcfspkzmaozmsnto/Build/Intermediates.noindex/liuyao.build/Debug-iphonesimulator/liuyao.build/DerivedSources/GeneratedAssetSymbols.swift -emit-dependencies-path /Users/zhangshaocong6/Library/Developer/Xcode/DerivedData/liuyao-folvvhbzvbykjcfspkzmaozmsnto/Build/Intermediates.noindex/liuyao.build/Debug-iphonesimulator/liuyao.build/Objects-normal/arm64/HistoryView.d -emit-const-values-path /Users/zhangshaocong6/Library/Developer/Xcode/DerivedData/liuyao-folvvhbzvbykjcfspkzmaozmsnto/Build/Intermediates.noindex/liuyao.build/Debug-iphonesimulator/liuyao.build/Objects-normal/arm64/HistoryView.swiftconstvalues -emit-reference-dependencies-path /Users/zhangshaocong6/Library/Developer/Xcode/DerivedData/liuyao-folvvhbzvbykjcfspkzmaozmsnto/Build/Intermediates.noindex/liuyao.build/Debug-iphonesimulator/liuyao.build/Objects-normal/arm64/HistoryView.swiftdeps -serialize-diagnostics-path /Users/zhangshaocong6/Library/Developer/Xcode/DerivedData/liuyao-folvvhbzvbykjcfspkzmaozmsnto/Build/Intermediates.noindex/liuyao.build/Debug-iphonesimulator/liuyao.build/Objects-normal/arm64/HistoryView.dia -emit-localized-strings -emit-localized-strings-path /Users/zhangshaocong6/Library/Developer/Xcode/DerivedData/liuyao-folvvhbzvbykjcfspkzmaozmsnto/Build/Intermediates.noindex/liuyao.build/Debug-iphonesimulator/liuyao.build/Objects-normal/arm64 -target arm64-apple-ios16-simulator -Xllvm -aarch64-use-tbi -enable-objc-interop -sdk /Applications/Xcode.app/Contents/Developer/Platforms/iPhoneSimulator.platform/Developer/SDKs/iPhoneSimulator18.2.sdk -I /Users/zhangshaocong6/Library/Developer/Xcode/DerivedData/liuyao-folvvhbzvbykjcfspkzmaozmsnto/Build/Products/Debug-iphonesimulator -F /Users/zhangshaocong6/Library/Developer/Xcode/DerivedData/liuyao-folvvhbzvbykjcfspkzmaozmsnto/Build/Products/Debug-iphonesimulator -no-color-diagnostics -enable-testing -g -debug-info-format\=dwarf -dwarf-version\=4 -module-cache-path /Users/zhangshaocong6/Library/Developer/Xcode/DerivedData/ModuleCache.noindex -profile-generate -profile-coverage-mapping -swift-version 5 -enforce-exclusivity\=checked -Onone -D DEBUG -serialize-debugging-options -const-gather-protocols-file /Users/zhangshaocong6/Library/Developer/Xcode/DerivedData/liuyao-folvvhbzvbykjcfspkzmaozmsnto/Build/Intermediates.noindex/liuyao.build/Debug-iphonesimulator/liuyao.build/Objects-normal/arm64/liuyao_const_extract_protocols.json -enable-experimental-feature DebugDescriptionMacro -enable-experimental-feature OpaqueTypeErasure -enable-bare-slash-regex -empty-abi-descriptor -validate-clang-modules-once -clang-build-session-file /Users/zhangshaocong6/Library/Developer/Xcode/DerivedData/ModuleCache.noindex/Session.modulevalidation -Xcc -working-directory -Xcc /Users/zhangshaocong6/Desktop/cs/AI/liuyao -resource-dir /Applications/Xcode.app/Contents/Developer/Toolchains/XcodeDefault.xctoolchain/usr/lib/swift -enable-anonymous-context-mangled-names -file-compilation-dir /Users/zhangshaocong6/Desktop/cs/AI/liuyao -Xcc -D_LIBCPP_HARDENING_MODE\=_LIBCPP_HARDENING_MODE_DEBUG -Xcc -ivfsstatcache -Xcc /Users/zhangshaocong6/Library/Developer/Xcode/DerivedData/SDKStatCaches.noindex/iphonesimulator18.2-22C146-07b28473f605e47e75261259d3ef3b5a.sdkstatcache -Xcc -I/Users/zhangshaocong6/Library/Developer/Xcode/DerivedData/liuyao-folvvhbzvbykjcfspkzmaozmsnto/Build/Intermediates.noindex/liuyao.build/Debug-iphonesimulator/liuyao.build/swift-overrides.hmap -Xcc -iquote -Xcc /Users/zhangshaocong6/Library/Developer/Xcode/DerivedData/liuyao-folvvhbzvbykjcfspkzmaozmsnto/Build/Intermediates.noindex/liuyao.build/Debug-iphonesimulator/liuyao.build/liuyao-generated-files.hmap -Xcc -I/Users/zhangshaocong6/Library/Developer/Xcode/DerivedData/liuyao-folvvhbzvbykjcfspkzmaozmsnto/Build/Intermediates.noindex/liuyao.build/Debug-iphonesimulator/liuyao.build/liuyao-own-target-headers.hmap -Xcc -I/Users/zhangshaocong6/Library/Developer/Xcode/DerivedData/liuyao-folvvhbzvbykjcfspkzmaozmsnto/Build/Intermediates.noindex/liuyao.build/Debug-iphonesimulator/liuyao.build/liuyao-all-target-headers.hmap -Xcc -iquote -Xcc /Users/zhangshaocong6/Library/Developer/Xcode/DerivedData/liuyao-folvvhbzvbykjcfspkzmaozmsnto/Build/Intermediates.noindex/liuyao.build/Debug-iphonesimulator/liuyao.build/liuyao-project-headers.hmap -Xcc -I/Users/zhangshaocong6/Library/Developer/Xcode/DerivedData/liuyao-folvvhbzvbykjcfspkzmaozmsnto/Build/Products/Debug-iphonesimulator/include -Xcc -I/Users/zhangshaocong6/Library/Developer/Xcode/DerivedData/liuyao-folvvhbzvbykjcfspkzmaozmsnto/Build/Intermediates.noindex/liuyao.build/Debug-iphonesimulator/liuyao.build/DerivedSources-normal/arm64 -Xcc -I/Users/zhangshaocong6/Library/Developer/Xcode/DerivedData/liuyao-folvvhbzvbykjcfspkzmaozmsnto/Build/Intermediates.noindex/liuyao.build/Debug-iphonesimulator/liuyao.build/DerivedSources/arm64 -Xcc -I/Users/zhangshaocong6/Library/Developer/Xcode/DerivedData/liuyao-folvvhbzvbykjcfspkzmaozmsnto/Build/Intermediates.noindex/liuyao.build/Debug-iphonesimulator/liuyao.build/DerivedSources -Xcc -DDEBUG\=1 -module-name liuyao -frontend-parseable-output -disable-clang-spi -target-sdk-version 18.2 -target-sdk-name iphonesimulator18.2 -external-plugin-path /Applications/Xcode.app/Contents/Developer/Platforms/iPhoneOS.platform/Developer/usr/lib/swift/host/plugins\#/Applications/Xcode.app/Contents/Developer/Platforms/iPhoneOS.platform/Developer/usr/bin/swift-plugin-server -external-plugin-path /Applications/Xcode.app/Contents/Developer/Platforms/iPhoneOS.platform/Developer/usr/local/lib/swift/host/plugins\#/Applications/Xcode.app/Contents/Developer/Platforms/iPhoneOS.platform/Developer/usr/bin/swift-plugin-server -plugin-path /Applications/Xcode.app/Contents/Developer/Toolchains/XcodeDefault.xctoolchain/usr/lib/swift/host/plugins -plugin-path /Applications/Xcode.app/Contents/Developer/Toolchains/XcodeDefault.xctoolchain/usr/local/lib/swift/host/plugins -o /Users/zhangshaocong6/Library/Developer/Xcode/DerivedData/liuyao-folvvhbzvbykjcfspkzmaozmsnto/Build/Intermediates.noindex/liuyao.build/Debug-iphonesimulator/liuyao.build/Objects-normal/arm64/HistoryView.o -index-unit-output-path /liuyao.build/Debug-iphonesimulator/liuyao.build/Objects-normal/arm64/HistoryView.o -index-store-path /Users/zhangshaocong6/Library/Developer/Xcode/DerivedData/liuyao-folvvhbzvbykjcfspkzmaozmsnto/Index.noindex/DataStore -index-system-modules
SwiftCompile normal arm64 /Users/zhangshaocong6/Desktop/cs/AI/liuyao/liuyao/HistoryView.swift (in target 'liuyao' from project 'liuyao')
    cd /Users/zhangshaocong6/Desktop/cs/AI/liuyao
    /Applications/Xcode.app/Contents/Developer/Toolchains/XcodeDefault.xctoolchain/usr/bin/swift-frontend -c /Users/zhangshaocong6/Desktop/cs/AI/liuyao/liuyao/AIModels.swift /Users/zhangshaocong6/Desktop/cs/AI/liuyao/liuyao/AIService.swift /Users/zhangshaocong6/Desktop/cs/AI/liuyao/liuyao/ChatMasterView.swift /Users/zhangshaocong6/Desktop/cs/AI/liuyao/liuyao/CoinTossPageView.swift /Users/zhangshaocong6/Desktop/cs/AI/liuyao/liuyao/ContentView.swift /Users/zhangshaocong6/Desktop/cs/AI/liuyao/liuyao/DataModels.swift /Users/zhangshaocong6/Desktop/cs/AI/liuyao/liuyao/DivinationPageView.swift /Users/zhangshaocong6/Desktop/cs/AI/liuyao/liuyao/DivinationResultPageView.swift /Users/zhangshaocong6/Desktop/cs/AI/liuyao/liuyao/HistoryPageView.swift -primary-file /Users/zhangshaocong6/Desktop/cs/AI/liuyao/liuyao/HistoryView.swift /Users/zhangshaocong6/Desktop/cs/AI/liuyao/liuyao/LearningPageView.swift /Users/zhangshaocong6/Desktop/cs/AI/liuyao/liuyao/LearningView.swift /Users/zhangshaocong6/Desktop/cs/AI/liuyao/liuyao/liuyaoApp.swift /Users/zhangshaocong6/Desktop/cs/AI/liuyao/liuyao/LocationManager.swift /Users/zhangshaocong6/Desktop/cs/AI/liuyao/liuyao/NetworkService.swift /Users/zhangshaocong6/Desktop/cs/AI/liuyao/liuyao/SharedComponents.swift /Users/zhangshaocong6/Library/Developer/Xcode/DerivedData/liuyao-folvvhbzvbykjcfspkzmaozmsnto/Build/Intermediates.noindex/liuyao.build/Debug-iphonesimulator/liuyao.build/DerivedSources/CoreDataGenerated/DivinationModel/DivinationRecord+CoreDataClass.swift /Users/zhangshaocong6/Library/Developer/Xcode/DerivedData/liuyao-folvvhbzvbykjcfspkzmaozmsnto/Build/Intermediates.noindex/liuyao.build/Debug-iphonesimulator/liuyao.build/DerivedSources/CoreDataGenerated/DivinationModel/DivinationRecord+CoreDataProperties.swift /Users/zhangshaocong6/Library/Developer/Xcode/DerivedData/liuyao-folvvhbzvbykjcfspkzmaozmsnto/Build/Intermediates.noindex/liuyao.build/Debug-iphonesimulator/liuyao.build/DerivedSources/CoreDataGenerated/DivinationModel/Entity1+CoreDataClass.swift /Users/zhangshaocong6/Library/Developer/Xcode/DerivedData/liuyao-folvvhbzvbykjcfspkzmaozmsnto/Build/Intermediates.noindex/liuyao.build/Debug-iphonesimulator/liuyao.build/DerivedSources/CoreDataGenerated/DivinationModel/Entity1+CoreDataProperties.swift /Users/zhangshaocong6/Library/Developer/Xcode/DerivedData/liuyao-folvvhbzvbykjcfspkzmaozmsnto/Build/Intermediates.noindex/liuyao.build/Debug-iphonesimulator/liuyao.build/DerivedSources/CoreDataGenerated/DivinationModel/DivinationModel+CoreDataModel.swift /Users/zhangshaocong6/Library/Developer/Xcode/DerivedData/liuyao-folvvhbzvbykjcfspkzmaozmsnto/Build/Intermediates.noindex/liuyao.build/Debug-iphonesimulator/liuyao.build/DerivedSources/GeneratedAssetSymbols.swift -emit-dependencies-path /Users/zhangshaocong6/Library/Developer/Xcode/DerivedData/liuyao-folvvhbzvbykjcfspkzmaozmsnto/Build/Intermediates.noindex/liuyao.build/Debug-iphonesimulator/liuyao.build/Objects-normal/arm64/HistoryView.d -emit-const-values-path /Users/zhangshaocong6/Library/Developer/Xcode/DerivedData/liuyao-folvvhbzvbykjcfspkzmaozmsnto/Build/Intermediates.noindex/liuyao.build/Debug-iphonesimulator/liuyao.build/Objects-normal/arm64/HistoryView.swiftconstvalues -emit-reference-dependencies-path /Users/zhangshaocong6/Library/Developer/Xcode/DerivedData/liuyao-folvvhbzvbykjcfspkzmaozmsnto/Build/Intermediates.noindex/liuyao.build/Debug-iphonesimulator/liuyao.build/Objects-normal/arm64/HistoryView.swiftdeps -serialize-diagnostics-path /Users/zhangshaocong6/Library/Developer/Xcode/DerivedData/liuyao-folvvhbzvbykjcfspkzmaozmsnto/Build/Intermediates.noindex/liuyao.build/Debug-iphonesimulator/liuyao.build/Objects-normal/arm64/HistoryView.dia -emit-localized-strings -emit-localized-strings-path /Users/zhangshaocong6/Library/Developer/Xcode/DerivedData/liuyao-folvvhbzvbykjcfspkzmaozmsnto/Build/Intermediates.noindex/liuyao.build/Debug-iphonesimulator/liuyao.build/Objects-normal/arm64 -target arm64-apple-ios16-simulator -Xllvm -aarch64-use-tbi -enable-objc-interop -sdk /Applications/Xcode.app/Contents/Developer/Platforms/iPhoneSimulator.platform/Developer/SDKs/iPhoneSimulator18.2.sdk -I /Users/zhangshaocong6/Library/Developer/Xcode/DerivedData/liuyao-folvvhbzvbykjcfspkzmaozmsnto/Build/Products/Debug-iphonesimulator -F /Users/zhangshaocong6/Library/Developer/Xcode/DerivedData/liuyao-folvvhbzvbykjcfspkzmaozmsnto/Build/Products/Debug-iphonesimulator -no-color-diagnostics -enable-testing -g -debug-info-format\=dwarf -dwarf-version\=4 -module-cache-path /Users/zhangshaocong6/Library/Developer/Xcode/DerivedData/ModuleCache.noindex -profile-generate -profile-coverage-mapping -swift-version 5 -enforce-exclusivity\=checked -Onone -D DEBUG -serialize-debugging-options -const-gather-protocols-file /Users/zhangshaocong6/Library/Developer/Xcode/DerivedData/liuyao-folvvhbzvbykjcfspkzmaozmsnto/Build/Intermediates.noindex/liuyao.build/Debug-iphonesimulator/liuyao.build/Objects-normal/arm64/liuyao_const_extract_protocols.json -enable-experimental-feature DebugDescriptionMacro -enable-experimental-feature OpaqueTypeErasure -enable-bare-slash-regex -empty-abi-descriptor -validate-clang-modules-once -clang-build-session-file /Users/zhangshaocong6/Library/Developer/Xcode/DerivedData/ModuleCache.noindex/Session.modulevalidation -Xcc -working-directory -Xcc /Users/zhangshaocong6/Desktop/cs/AI/liuyao -resource-dir /Applications/Xcode.app/Contents/Developer/Toolchains/XcodeDefault.xctoolchain/usr/lib/swift -enable-anonymous-context-mangled-names -file-compilation-dir /Users/zhangshaocong6/Desktop/cs/AI/liuyao -Xcc -D_LIBCPP_HARDENING_MODE\=_LIBCPP_HARDENING_MODE_DEBUG -Xcc -ivfsstatcache -Xcc /Users/zhangshaocong6/Library/Developer/Xcode/DerivedData/SDKStatCaches.noindex/iphonesimulator18.2-22C146-07b28473f605e47e75261259d3ef3b5a.sdkstatcache -Xcc -I/Users/zhangshaocong6/Library/Developer/Xcode/DerivedData/liuyao-folvvhbzvbykjcfspkzmaozmsnto/Build/Intermediates.noindex/liuyao.build/Debug-iphonesimulator/liuyao.build/swift-overrides.hmap -Xcc -iquote -Xcc /Users/zhangshaocong6/Library/Developer/Xcode/DerivedData/liuyao-folvvhbzvbykjcfspkzmaozmsnto/Build/Intermediates.noindex/liuyao.build/Debug-iphonesimulator/liuyao.build/liuyao-generated-files.hmap -Xcc -I/Users/zhangshaocong6/Library/Developer/Xcode/DerivedData/liuyao-folvvhbzvbykjcfspkzmaozmsnto/Build/Intermediates.noindex/liuyao.build/Debug-iphonesimulator/liuyao.build/liuyao-own-target-headers.hmap -Xcc -I/Users/zhangshaocong6/Library/Developer/Xcode/DerivedData/liuyao-folvvhbzvbykjcfspkzmaozmsnto/Build/Intermediates.noindex/liuyao.build/Debug-iphonesimulator/liuyao.build/liuyao-all-target-headers.hmap -Xcc -iquote -Xcc /Users/zhangshaocong6/Library/Developer/Xcode/DerivedData/liuyao-folvvhbzvbykjcfspkzmaozmsnto/Build/Intermediates.noindex/liuyao.build/Debug-iphonesimulator/liuyao.build/liuyao-project-headers.hmap -Xcc -I/Users/zhangshaocong6/Library/Developer/Xcode/DerivedData/liuyao-folvvhbzvbykjcfspkzmaozmsnto/Build/Products/Debug-iphonesimulator/include -Xcc -I/Users/zhangshaocong6/Library/Developer/Xcode/DerivedData/liuyao-folvvhbzvbykjcfspkzmaozmsnto/Build/Intermediates.noindex/liuyao.build/Debug-iphonesimulator/liuyao.build/DerivedSources-normal/arm64 -Xcc -I/Users/zhangshaocong6/Library/Developer/Xcode/DerivedData/liuyao-folvvhbzvbykjcfspkzmaozmsnto/Build/Intermediates.noindex/liuyao.build/Debug-iphonesimulator/liuyao.build/DerivedSources/arm64 -Xcc -I/Users/zhangshaocong6/Library/Developer/Xcode/DerivedData/liuyao-folvvhbzvbykjcfspkzmaozmsnto/Build/Intermediates.noindex/liuyao.build/Debug-iphonesimulator/liuyao.build/DerivedSources -Xcc -DDEBUG\=1 -module-name liuyao -frontend-parseable-output -disable-clang-spi -target-sdk-version 18.2 -target-sdk-name iphonesimulator18.2 -external-plugin-path /Applications/Xcode.app/Contents/Developer/Platforms/iPhoneOS.platform/Developer/usr/lib/swift/host/plugins\#/Applications/Xcode.app/Contents/Developer/Platforms/iPhoneOS.platform/Developer/usr/bin/swift-plugin-server -external-plugin-path /Applications/Xcode.app/Contents/Developer/Platforms/iPhoneOS.platform/Developer/usr/local/lib/swift/host/plugins\#/Applications/Xcode.app/Contents/Developer/Platforms/iPhoneOS.platform/Developer/usr/bin/swift-plugin-server -plugin-path /Applications/Xcode.app/Contents/Developer/Toolchains/XcodeDefault.xctoolchain/usr/lib/swift/host/plugins -plugin-path /Applications/Xcode.app/Contents/Developer/Toolchains/XcodeDefault.xctoolchain/usr/local/lib/swift/host/plugins -o /Users/zhangshaocong6/Library/Developer/Xcode/DerivedData/liuyao-folvvhbzvbykjcfspkzmaozmsnto/Build/Intermediates.noindex/liuyao.build/Debug-iphonesimulator/liuyao.build/Objects-normal/arm64/HistoryView.o -index-unit-output-path /liuyao.build/Debug-iphonesimulator/liuyao.build/Objects-normal/arm64/HistoryView.o -index-store-path /Users/zhangshaocong6/Library/Developer/Xcode/DerivedData/liuyao-folvvhbzvbykjcfspkzmaozmsnto/Index.noindex/DataStore -index-system-modules

SwiftCompile normal arm64 Compiling\ HistoryPageView.swift /Users/zhangshaocong6/Desktop/cs/AI/liuyao/liuyao/HistoryPageView.swift (in target 'liuyao' from project 'liuyao')
    cd /Users/zhangshaocong6/Desktop/cs/AI/liuyao
    builtin-swiftTaskExecution -- /Applications/Xcode.app/Contents/Developer/Toolchains/XcodeDefault.xctoolchain/usr/bin/swift-frontend -frontend -c /Users/zhangshaocong6/Desktop/cs/AI/liuyao/liuyao/AIModels.swift /Users/zhangshaocong6/Desktop/cs/AI/liuyao/liuyao/AIService.swift /Users/zhangshaocong6/Desktop/cs/AI/liuyao/liuyao/ChatMasterView.swift /Users/zhangshaocong6/Desktop/cs/AI/liuyao/liuyao/CoinTossPageView.swift /Users/zhangshaocong6/Desktop/cs/AI/liuyao/liuyao/ContentView.swift /Users/zhangshaocong6/Desktop/cs/AI/liuyao/liuyao/DataModels.swift /Users/zhangshaocong6/Desktop/cs/AI/liuyao/liuyao/DivinationPageView.swift /Users/zhangshaocong6/Desktop/cs/AI/liuyao/liuyao/DivinationResultPageView.swift -primary-file /Users/zhangshaocong6/Desktop/cs/AI/liuyao/liuyao/HistoryPageView.swift /Users/zhangshaocong6/Desktop/cs/AI/liuyao/liuyao/HistoryView.swift /Users/zhangshaocong6/Desktop/cs/AI/liuyao/liuyao/LearningPageView.swift /Users/zhangshaocong6/Desktop/cs/AI/liuyao/liuyao/LearningView.swift /Users/zhangshaocong6/Desktop/cs/AI/liuyao/liuyao/liuyaoApp.swift /Users/zhangshaocong6/Desktop/cs/AI/liuyao/liuyao/LocationManager.swift /Users/zhangshaocong6/Desktop/cs/AI/liuyao/liuyao/NetworkService.swift /Users/zhangshaocong6/Desktop/cs/AI/liuyao/liuyao/SharedComponents.swift /Users/zhangshaocong6/Library/Developer/Xcode/DerivedData/liuyao-folvvhbzvbykjcfspkzmaozmsnto/Build/Intermediates.noindex/liuyao.build/Debug-iphonesimulator/liuyao.build/DerivedSources/CoreDataGenerated/DivinationModel/DivinationRecord+CoreDataClass.swift /Users/zhangshaocong6/Library/Developer/Xcode/DerivedData/liuyao-folvvhbzvbykjcfspkzmaozmsnto/Build/Intermediates.noindex/liuyao.build/Debug-iphonesimulator/liuyao.build/DerivedSources/CoreDataGenerated/DivinationModel/DivinationRecord+CoreDataProperties.swift /Users/zhangshaocong6/Library/Developer/Xcode/DerivedData/liuyao-folvvhbzvbykjcfspkzmaozmsnto/Build/Intermediates.noindex/liuyao.build/Debug-iphonesimulator/liuyao.build/DerivedSources/CoreDataGenerated/DivinationModel/Entity1+CoreDataClass.swift /Users/zhangshaocong6/Library/Developer/Xcode/DerivedData/liuyao-folvvhbzvbykjcfspkzmaozmsnto/Build/Intermediates.noindex/liuyao.build/Debug-iphonesimulator/liuyao.build/DerivedSources/CoreDataGenerated/DivinationModel/Entity1+CoreDataProperties.swift /Users/zhangshaocong6/Library/Developer/Xcode/DerivedData/liuyao-folvvhbzvbykjcfspkzmaozmsnto/Build/Intermediates.noindex/liuyao.build/Debug-iphonesimulator/liuyao.build/DerivedSources/CoreDataGenerated/DivinationModel/DivinationModel+CoreDataModel.swift /Users/zhangshaocong6/Library/Developer/Xcode/DerivedData/liuyao-folvvhbzvbykjcfspkzmaozmsnto/Build/Intermediates.noindex/liuyao.build/Debug-iphonesimulator/liuyao.build/DerivedSources/GeneratedAssetSymbols.swift -emit-dependencies-path /Users/zhangshaocong6/Library/Developer/Xcode/DerivedData/liuyao-folvvhbzvbykjcfspkzmaozmsnto/Build/Intermediates.noindex/liuyao.build/Debug-iphonesimulator/liuyao.build/Objects-normal/arm64/HistoryPageView.d -emit-const-values-path /Users/zhangshaocong6/Library/Developer/Xcode/DerivedData/liuyao-folvvhbzvbykjcfspkzmaozmsnto/Build/Intermediates.noindex/liuyao.build/Debug-iphonesimulator/liuyao.build/Objects-normal/arm64/HistoryPageView.swiftconstvalues -emit-reference-dependencies-path /Users/zhangshaocong6/Library/Developer/Xcode/DerivedData/liuyao-folvvhbzvbykjcfspkzmaozmsnto/Build/Intermediates.noindex/liuyao.build/Debug-iphonesimulator/liuyao.build/Objects-normal/arm64/HistoryPageView.swiftdeps -serialize-diagnostics-path /Users/zhangshaocong6/Library/Developer/Xcode/DerivedData/liuyao-folvvhbzvbykjcfspkzmaozmsnto/Build/Intermediates.noindex/liuyao.build/Debug-iphonesimulator/liuyao.build/Objects-normal/arm64/HistoryPageView.dia -emit-localized-strings -emit-localized-strings-path /Users/zhangshaocong6/Library/Developer/Xcode/DerivedData/liuyao-folvvhbzvbykjcfspkzmaozmsnto/Build/Intermediates.noindex/liuyao.build/Debug-iphonesimulator/liuyao.build/Objects-normal/arm64 -target arm64-apple-ios16-simulator -Xllvm -aarch64-use-tbi -enable-objc-interop -sdk /Applications/Xcode.app/Contents/Developer/Platforms/iPhoneSimulator.platform/Developer/SDKs/iPhoneSimulator18.2.sdk -I /Users/zhangshaocong6/Library/Developer/Xcode/DerivedData/liuyao-folvvhbzvbykjcfspkzmaozmsnto/Build/Products/Debug-iphonesimulator -F /Users/zhangshaocong6/Library/Developer/Xcode/DerivedData/liuyao-folvvhbzvbykjcfspkzmaozmsnto/Build/Products/Debug-iphonesimulator -no-color-diagnostics -enable-testing -g -debug-info-format\=dwarf -dwarf-version\=4 -module-cache-path /Users/zhangshaocong6/Library/Developer/Xcode/DerivedData/ModuleCache.noindex -profile-generate -profile-coverage-mapping -swift-version 5 -enforce-exclusivity\=checked -Onone -D DEBUG -serialize-debugging-options -const-gather-protocols-file /Users/zhangshaocong6/Library/Developer/Xcode/DerivedData/liuyao-folvvhbzvbykjcfspkzmaozmsnto/Build/Intermediates.noindex/liuyao.build/Debug-iphonesimulator/liuyao.build/Objects-normal/arm64/liuyao_const_extract_protocols.json -enable-experimental-feature DebugDescriptionMacro -enable-experimental-feature OpaqueTypeErasure -enable-bare-slash-regex -empty-abi-descriptor -validate-clang-modules-once -clang-build-session-file /Users/zhangshaocong6/Library/Developer/Xcode/DerivedData/ModuleCache.noindex/Session.modulevalidation -Xcc -working-directory -Xcc /Users/zhangshaocong6/Desktop/cs/AI/liuyao -resource-dir /Applications/Xcode.app/Contents/Developer/Toolchains/XcodeDefault.xctoolchain/usr/lib/swift -enable-anonymous-context-mangled-names -file-compilation-dir /Users/zhangshaocong6/Desktop/cs/AI/liuyao -Xcc -D_LIBCPP_HARDENING_MODE\=_LIBCPP_HARDENING_MODE_DEBUG -Xcc -ivfsstatcache -Xcc /Users/zhangshaocong6/Library/Developer/Xcode/DerivedData/SDKStatCaches.noindex/iphonesimulator18.2-22C146-07b28473f605e47e75261259d3ef3b5a.sdkstatcache -Xcc -I/Users/zhangshaocong6/Library/Developer/Xcode/DerivedData/liuyao-folvvhbzvbykjcfspkzmaozmsnto/Build/Intermediates.noindex/liuyao.build/Debug-iphonesimulator/liuyao.build/swift-overrides.hmap -Xcc -iquote -Xcc /Users/zhangshaocong6/Library/Developer/Xcode/DerivedData/liuyao-folvvhbzvbykjcfspkzmaozmsnto/Build/Intermediates.noindex/liuyao.build/Debug-iphonesimulator/liuyao.build/liuyao-generated-files.hmap -Xcc -I/Users/zhangshaocong6/Library/Developer/Xcode/DerivedData/liuyao-folvvhbzvbykjcfspkzmaozmsnto/Build/Intermediates.noindex/liuyao.build/Debug-iphonesimulator/liuyao.build/liuyao-own-target-headers.hmap -Xcc -I/Users/zhangshaocong6/Library/Developer/Xcode/DerivedData/liuyao-folvvhbzvbykjcfspkzmaozmsnto/Build/Intermediates.noindex/liuyao.build/Debug-iphonesimulator/liuyao.build/liuyao-all-target-headers.hmap -Xcc -iquote -Xcc /Users/zhangshaocong6/Library/Developer/Xcode/DerivedData/liuyao-folvvhbzvbykjcfspkzmaozmsnto/Build/Intermediates.noindex/liuyao.build/Debug-iphonesimulator/liuyao.build/liuyao-project-headers.hmap -Xcc -I/Users/zhangshaocong6/Library/Developer/Xcode/DerivedData/liuyao-folvvhbzvbykjcfspkzmaozmsnto/Build/Products/Debug-iphonesimulator/include -Xcc -I/Users/zhangshaocong6/Library/Developer/Xcode/DerivedData/liuyao-folvvhbzvbykjcfspkzmaozmsnto/Build/Intermediates.noindex/liuyao.build/Debug-iphonesimulator/liuyao.build/DerivedSources-normal/arm64 -Xcc -I/Users/zhangshaocong6/Library/Developer/Xcode/DerivedData/liuyao-folvvhbzvbykjcfspkzmaozmsnto/Build/Intermediates.noindex/liuyao.build/Debug-iphonesimulator/liuyao.build/DerivedSources/arm64 -Xcc -I/Users/zhangshaocong6/Library/Developer/Xcode/DerivedData/liuyao-folvvhbzvbykjcfspkzmaozmsnto/Build/Intermediates.noindex/liuyao.build/Debug-iphonesimulator/liuyao.build/DerivedSources -Xcc -DDEBUG\=1 -module-name liuyao -frontend-parseable-output -disable-clang-spi -target-sdk-version 18.2 -target-sdk-name iphonesimulator18.2 -external-plugin-path /Applications/Xcode.app/Contents/Developer/Platforms/iPhoneOS.platform/Developer/usr/lib/swift/host/plugins\#/Applications/Xcode.app/Contents/Developer/Platforms/iPhoneOS.platform/Developer/usr/bin/swift-plugin-server -external-plugin-path /Applications/Xcode.app/Contents/Developer/Platforms/iPhoneOS.platform/Developer/usr/local/lib/swift/host/plugins\#/Applications/Xcode.app/Contents/Developer/Platforms/iPhoneOS.platform/Developer/usr/bin/swift-plugin-server -plugin-path /Applications/Xcode.app/Contents/Developer/Toolchains/XcodeDefault.xctoolchain/usr/lib/swift/host/plugins -plugin-path /Applications/Xcode.app/Contents/Developer/Toolchains/XcodeDefault.xctoolchain/usr/local/lib/swift/host/plugins -o /Users/zhangshaocong6/Library/Developer/Xcode/DerivedData/liuyao-folvvhbzvbykjcfspkzmaozmsnto/Build/Intermediates.noindex/liuyao.build/Debug-iphonesimulator/liuyao.build/Objects-normal/arm64/HistoryPageView.o -index-unit-output-path /liuyao.build/Debug-iphonesimulator/liuyao.build/Objects-normal/arm64/HistoryPageView.o -index-store-path /Users/zhangshaocong6/Library/Developer/Xcode/DerivedData/liuyao-folvvhbzvbykjcfspkzmaozmsnto/Index.noindex/DataStore -index-system-modules

SwiftCompile normal arm64 /Users/zhangshaocong6/Desktop/cs/AI/liuyao/liuyao/HistoryPageView.swift (in target 'liuyao' from project 'liuyao')
    cd /Users/zhangshaocong6/Desktop/cs/AI/liuyao
    /Applications/Xcode.app/Contents/Developer/Toolchains/XcodeDefault.xctoolchain/usr/bin/swift-frontend -c /Users/zhangshaocong6/Desktop/cs/AI/liuyao/liuyao/AIModels.swift /Users/zhangshaocong6/Desktop/cs/AI/liuyao/liuyao/AIService.swift /Users/zhangshaocong6/Desktop/cs/AI/liuyao/liuyao/ChatMasterView.swift /Users/zhangshaocong6/Desktop/cs/AI/liuyao/liuyao/CoinTossPageView.swift /Users/zhangshaocong6/Desktop/cs/AI/liuyao/liuyao/ContentView.swift /Users/zhangshaocong6/Desktop/cs/AI/liuyao/liuyao/DataModels.swift /Users/zhangshaocong6/Desktop/cs/AI/liuyao/liuyao/DivinationPageView.swift /Users/zhangshaocong6/Desktop/cs/AI/liuyao/liuyao/DivinationResultPageView.swift -primary-file /Users/zhangshaocong6/Desktop/cs/AI/liuyao/liuyao/HistoryPageView.swift /Users/zhangshaocong6/Desktop/cs/AI/liuyao/liuyao/HistoryView.swift /Users/zhangshaocong6/Desktop/cs/AI/liuyao/liuyao/LearningPageView.swift /Users/zhangshaocong6/Desktop/cs/AI/liuyao/liuyao/LearningView.swift /Users/zhangshaocong6/Desktop/cs/AI/liuyao/liuyao/liuyaoApp.swift /Users/zhangshaocong6/Desktop/cs/AI/liuyao/liuyao/LocationManager.swift /Users/zhangshaocong6/Desktop/cs/AI/liuyao/liuyao/NetworkService.swift /Users/zhangshaocong6/Desktop/cs/AI/liuyao/liuyao/SharedComponents.swift /Users/zhangshaocong6/Library/Developer/Xcode/DerivedData/liuyao-folvvhbzvbykjcfspkzmaozmsnto/Build/Intermediates.noindex/liuyao.build/Debug-iphonesimulator/liuyao.build/DerivedSources/CoreDataGenerated/DivinationModel/DivinationRecord+CoreDataClass.swift /Users/zhangshaocong6/Library/Developer/Xcode/DerivedData/liuyao-folvvhbzvbykjcfspkzmaozmsnto/Build/Intermediates.noindex/liuyao.build/Debug-iphonesimulator/liuyao.build/DerivedSources/CoreDataGenerated/DivinationModel/DivinationRecord+CoreDataProperties.swift /Users/zhangshaocong6/Library/Developer/Xcode/DerivedData/liuyao-folvvhbzvbykjcfspkzmaozmsnto/Build/Intermediates.noindex/liuyao.build/Debug-iphonesimulator/liuyao.build/DerivedSources/CoreDataGenerated/DivinationModel/Entity1+CoreDataClass.swift /Users/zhangshaocong6/Library/Developer/Xcode/DerivedData/liuyao-folvvhbzvbykjcfspkzmaozmsnto/Build/Intermediates.noindex/liuyao.build/Debug-iphonesimulator/liuyao.build/DerivedSources/CoreDataGenerated/DivinationModel/Entity1+CoreDataProperties.swift /Users/zhangshaocong6/Library/Developer/Xcode/DerivedData/liuyao-folvvhbzvbykjcfspkzmaozmsnto/Build/Intermediates.noindex/liuyao.build/Debug-iphonesimulator/liuyao.build/DerivedSources/CoreDataGenerated/DivinationModel/DivinationModel+CoreDataModel.swift /Users/zhangshaocong6/Library/Developer/Xcode/DerivedData/liuyao-folvvhbzvbykjcfspkzmaozmsnto/Build/Intermediates.noindex/liuyao.build/Debug-iphonesimulator/liuyao.build/DerivedSources/GeneratedAssetSymbols.swift -emit-dependencies-path /Users/zhangshaocong6/Library/Developer/Xcode/DerivedData/liuyao-folvvhbzvbykjcfspkzmaozmsnto/Build/Intermediates.noindex/liuyao.build/Debug-iphonesimulator/liuyao.build/Objects-normal/arm64/HistoryPageView.d -emit-const-values-path /Users/zhangshaocong6/Library/Developer/Xcode/DerivedData/liuyao-folvvhbzvbykjcfspkzmaozmsnto/Build/Intermediates.noindex/liuyao.build/Debug-iphonesimulator/liuyao.build/Objects-normal/arm64/HistoryPageView.swiftconstvalues -emit-reference-dependencies-path /Users/zhangshaocong6/Library/Developer/Xcode/DerivedData/liuyao-folvvhbzvbykjcfspkzmaozmsnto/Build/Intermediates.noindex/liuyao.build/Debug-iphonesimulator/liuyao.build/Objects-normal/arm64/HistoryPageView.swiftdeps -serialize-diagnostics-path /Users/zhangshaocong6/Library/Developer/Xcode/DerivedData/liuyao-folvvhbzvbykjcfspkzmaozmsnto/Build/Intermediates.noindex/liuyao.build/Debug-iphonesimulator/liuyao.build/Objects-normal/arm64/HistoryPageView.dia -emit-localized-strings -emit-localized-strings-path /Users/zhangshaocong6/Library/Developer/Xcode/DerivedData/liuyao-folvvhbzvbykjcfspkzmaozmsnto/Build/Intermediates.noindex/liuyao.build/Debug-iphonesimulator/liuyao.build/Objects-normal/arm64 -target arm64-apple-ios16-simulator -Xllvm -aarch64-use-tbi -enable-objc-interop -sdk /Applications/Xcode.app/Contents/Developer/Platforms/iPhoneSimulator.platform/Developer/SDKs/iPhoneSimulator18.2.sdk -I /Users/zhangshaocong6/Library/Developer/Xcode/DerivedData/liuyao-folvvhbzvbykjcfspkzmaozmsnto/Build/Products/Debug-iphonesimulator -F /Users/zhangshaocong6/Library/Developer/Xcode/DerivedData/liuyao-folvvhbzvbykjcfspkzmaozmsnto/Build/Products/Debug-iphonesimulator -no-color-diagnostics -enable-testing -g -debug-info-format\=dwarf -dwarf-version\=4 -module-cache-path /Users/zhangshaocong6/Library/Developer/Xcode/DerivedData/ModuleCache.noindex -profile-generate -profile-coverage-mapping -swift-version 5 -enforce-exclusivity\=checked -Onone -D DEBUG -serialize-debugging-options -const-gather-protocols-file /Users/zhangshaocong6/Library/Developer/Xcode/DerivedData/liuyao-folvvhbzvbykjcfspkzmaozmsnto/Build/Intermediates.noindex/liuyao.build/Debug-iphonesimulator/liuyao.build/Objects-normal/arm64/liuyao_const_extract_protocols.json -enable-experimental-feature DebugDescriptionMacro -enable-experimental-feature OpaqueTypeErasure -enable-bare-slash-regex -empty-abi-descriptor -validate-clang-modules-once -clang-build-session-file /Users/zhangshaocong6/Library/Developer/Xcode/DerivedData/ModuleCache.noindex/Session.modulevalidation -Xcc -working-directory -Xcc /Users/zhangshaocong6/Desktop/cs/AI/liuyao -resource-dir /Applications/Xcode.app/Contents/Developer/Toolchains/XcodeDefault.xctoolchain/usr/lib/swift -enable-anonymous-context-mangled-names -file-compilation-dir /Users/zhangshaocong6/Desktop/cs/AI/liuyao -Xcc -D_LIBCPP_HARDENING_MODE\=_LIBCPP_HARDENING_MODE_DEBUG -Xcc -ivfsstatcache -Xcc /Users/zhangshaocong6/Library/Developer/Xcode/DerivedData/SDKStatCaches.noindex/iphonesimulator18.2-22C146-07b28473f605e47e75261259d3ef3b5a.sdkstatcache -Xcc -I/Users/zhangshaocong6/Library/Developer/Xcode/DerivedData/liuyao-folvvhbzvbykjcfspkzmaozmsnto/Build/Intermediates.noindex/liuyao.build/Debug-iphonesimulator/liuyao.build/swift-overrides.hmap -Xcc -iquote -Xcc /Users/zhangshaocong6/Library/Developer/Xcode/DerivedData/liuyao-folvvhbzvbykjcfspkzmaozmsnto/Build/Intermediates.noindex/liuyao.build/Debug-iphonesimulator/liuyao.build/liuyao-generated-files.hmap -Xcc -I/Users/zhangshaocong6/Library/Developer/Xcode/DerivedData/liuyao-folvvhbzvbykjcfspkzmaozmsnto/Build/Intermediates.noindex/liuyao.build/Debug-iphonesimulator/liuyao.build/liuyao-own-target-headers.hmap -Xcc -I/Users/zhangshaocong6/Library/Developer/Xcode/DerivedData/liuyao-folvvhbzvbykjcfspkzmaozmsnto/Build/Intermediates.noindex/liuyao.build/Debug-iphonesimulator/liuyao.build/liuyao-all-target-headers.hmap -Xcc -iquote -Xcc /Users/zhangshaocong6/Library/Developer/Xcode/DerivedData/liuyao-folvvhbzvbykjcfspkzmaozmsnto/Build/Intermediates.noindex/liuyao.build/Debug-iphonesimulator/liuyao.build/liuyao-project-headers.hmap -Xcc -I/Users/zhangshaocong6/Library/Developer/Xcode/DerivedData/liuyao-folvvhbzvbykjcfspkzmaozmsnto/Build/Products/Debug-iphonesimulator/include -Xcc -I/Users/zhangshaocong6/Library/Developer/Xcode/DerivedData/liuyao-folvvhbzvbykjcfspkzmaozmsnto/Build/Intermediates.noindex/liuyao.build/Debug-iphonesimulator/liuyao.build/DerivedSources-normal/arm64 -Xcc -I/Users/zhangshaocong6/Library/Developer/Xcode/DerivedData/liuyao-folvvhbzvbykjcfspkzmaozmsnto/Build/Intermediates.noindex/liuyao.build/Debug-iphonesimulator/liuyao.build/DerivedSources/arm64 -Xcc -I/Users/zhangshaocong6/Library/Developer/Xcode/DerivedData/liuyao-folvvhbzvbykjcfspkzmaozmsnto/Build/Intermediates.noindex/liuyao.build/Debug-iphonesimulator/liuyao.build/DerivedSources -Xcc -DDEBUG\=1 -module-name liuyao -frontend-parseable-output -disable-clang-spi -target-sdk-version 18.2 -target-sdk-name iphonesimulator18.2 -external-plugin-path /Applications/Xcode.app/Contents/Developer/Platforms/iPhoneOS.platform/Developer/usr/lib/swift/host/plugins\#/Applications/Xcode.app/Contents/Developer/Platforms/iPhoneOS.platform/Developer/usr/bin/swift-plugin-server -external-plugin-path /Applications/Xcode.app/Contents/Developer/Platforms/iPhoneOS.platform/Developer/usr/local/lib/swift/host/plugins\#/Applications/Xcode.app/Contents/Developer/Platforms/iPhoneOS.platform/Developer/usr/bin/swift-plugin-server -plugin-path /Applications/Xcode.app/Contents/Developer/Toolchains/XcodeDefault.xctoolchain/usr/lib/swift/host/plugins -plugin-path /Applications/Xcode.app/Contents/Developer/Toolchains/XcodeDefault.xctoolchain/usr/local/lib/swift/host/plugins -o /Users/zhangshaocong6/Library/Developer/Xcode/DerivedData/liuyao-folvvhbzvbykjcfspkzmaozmsnto/Build/Intermediates.noindex/liuyao.build/Debug-iphonesimulator/liuyao.build/Objects-normal/arm64/HistoryPageView.o -index-unit-output-path /liuyao.build/Debug-iphonesimulator/liuyao.build/Objects-normal/arm64/HistoryPageView.o -index-store-path /Users/zhangshaocong6/Library/Developer/Xcode/DerivedData/liuyao-folvvhbzvbykjcfspkzmaozmsnto/Index.noindex/DataStore -index-system-modules

SwiftCompile normal arm64 Compiling\ ContentView.swift /Users/zhangshaocong6/Desktop/cs/AI/liuyao/liuyao/ContentView.swift (in target 'liuyao' from project 'liuyao')
    cd /Users/zhangshaocong6/Desktop/cs/AI/liuyao
    builtin-swiftTaskExecution -- /Applications/Xcode.app/Contents/Developer/Toolchains/XcodeDefault.xctoolchain/usr/bin/swift-frontend -frontend -c /Users/zhangshaocong6/Desktop/cs/AI/liuyao/liuyao/AIModels.swift /Users/zhangshaocong6/Desktop/cs/AI/liuyao/liuyao/AIService.swift /Users/zhangshaocong6/Desktop/cs/AI/liuyao/liuyao/ChatMasterView.swift /Users/zhangshaocong6/Desktop/cs/AI/liuyao/liuyao/CoinTossPageView.swift -primary-file /Users/zhangshaocong6/Desktop/cs/AI/liuyao/liuyao/ContentView.swift /Users/zhangshaocong6/Desktop/cs/AI/liuyao/liuyao/DataModels.swift /Users/zhangshaocong6/Desktop/cs/AI/liuyao/liuyao/DivinationPageView.swift /Users/zhangshaocong6/Desktop/cs/AI/liuyao/liuyao/DivinationResultPageView.swift /Users/zhangshaocong6/Desktop/cs/AI/liuyao/liuyao/HistoryPageView.swift /Users/zhangshaocong6/Desktop/cs/AI/liuyao/liuyao/HistoryView.swift /Users/zhangshaocong6/Desktop/cs/AI/liuyao/liuyao/LearningPageView.swift /Users/zhangshaocong6/Desktop/cs/AI/liuyao/liuyao/LearningView.swift /Users/zhangshaocong6/Desktop/cs/AI/liuyao/liuyao/liuyaoApp.swift /Users/zhangshaocong6/Desktop/cs/AI/liuyao/liuyao/LocationManager.swift /Users/zhangshaocong6/Desktop/cs/AI/liuyao/liuyao/NetworkService.swift /Users/zhangshaocong6/Desktop/cs/AI/liuyao/liuyao/SharedComponents.swift /Users/zhangshaocong6/Library/Developer/Xcode/DerivedData/liuyao-folvvhbzvbykjcfspkzmaozmsnto/Build/Intermediates.noindex/liuyao.build/Debug-iphonesimulator/liuyao.build/DerivedSources/CoreDataGenerated/DivinationModel/DivinationRecord+CoreDataClass.swift /Users/zhangshaocong6/Library/Developer/Xcode/DerivedData/liuyao-folvvhbzvbykjcfspkzmaozmsnto/Build/Intermediates.noindex/liuyao.build/Debug-iphonesimulator/liuyao.build/DerivedSources/CoreDataGenerated/DivinationModel/DivinationRecord+CoreDataProperties.swift /Users/zhangshaocong6/Library/Developer/Xcode/DerivedData/liuyao-folvvhbzvbykjcfspkzmaozmsnto/Build/Intermediates.noindex/liuyao.build/Debug-iphonesimulator/liuyao.build/DerivedSources/CoreDataGenerated/DivinationModel/Entity1+CoreDataClass.swift /Users/zhangshaocong6/Library/Developer/Xcode/DerivedData/liuyao-folvvhbzvbykjcfspkzmaozmsnto/Build/Intermediates.noindex/liuyao.build/Debug-iphonesimulator/liuyao.build/DerivedSources/CoreDataGenerated/DivinationModel/Entity1+CoreDataProperties.swift /Users/zhangshaocong6/Library/Developer/Xcode/DerivedData/liuyao-folvvhbzvbykjcfspkzmaozmsnto/Build/Intermediates.noindex/liuyao.build/Debug-iphonesimulator/liuyao.build/DerivedSources/CoreDataGenerated/DivinationModel/DivinationModel+CoreDataModel.swift /Users/zhangshaocong6/Library/Developer/Xcode/DerivedData/liuyao-folvvhbzvbykjcfspkzmaozmsnto/Build/Intermediates.noindex/liuyao.build/Debug-iphonesimulator/liuyao.build/DerivedSources/GeneratedAssetSymbols.swift -emit-dependencies-path /Users/zhangshaocong6/Library/Developer/Xcode/DerivedData/liuyao-folvvhbzvbykjcfspkzmaozmsnto/Build/Intermediates.noindex/liuyao.build/Debug-iphonesimulator/liuyao.build/Objects-normal/arm64/ContentView.d -emit-const-values-path /Users/zhangshaocong6/Library/Developer/Xcode/DerivedData/liuyao-folvvhbzvbykjcfspkzmaozmsnto/Build/Intermediates.noindex/liuyao.build/Debug-iphonesimulator/liuyao.build/Objects-normal/arm64/ContentView.swiftconstvalues -emit-reference-dependencies-path /Users/zhangshaocong6/Library/Developer/Xcode/DerivedData/liuyao-folvvhbzvbykjcfspkzmaozmsnto/Build/Intermediates.noindex/liuyao.build/Debug-iphonesimulator/liuyao.build/Objects-normal/arm64/ContentView.swiftdeps -serialize-diagnostics-path /Users/zhangshaocong6/Library/Developer/Xcode/DerivedData/liuyao-folvvhbzvbykjcfspkzmaozmsnto/Build/Intermediates.noindex/liuyao.build/Debug-iphonesimulator/liuyao.build/Objects-normal/arm64/ContentView.dia -emit-localized-strings -emit-localized-strings-path /Users/zhangshaocong6/Library/Developer/Xcode/DerivedData/liuyao-folvvhbzvbykjcfspkzmaozmsnto/Build/Intermediates.noindex/liuyao.build/Debug-iphonesimulator/liuyao.build/Objects-normal/arm64 -target arm64-apple-ios16-simulator -Xllvm -aarch64-use-tbi -enable-objc-interop -sdk /Applications/Xcode.app/Contents/Developer/Platforms/iPhoneSimulator.platform/Developer/SDKs/iPhoneSimulator18.2.sdk -I /Users/zhangshaocong6/Library/Developer/Xcode/DerivedData/liuyao-folvvhbzvbykjcfspkzmaozmsnto/Build/Products/Debug-iphonesimulator -F /Users/zhangshaocong6/Library/Developer/Xcode/DerivedData/liuyao-folvvhbzvbykjcfspkzmaozmsnto/Build/Products/Debug-iphonesimulator -no-color-diagnostics -enable-testing -g -debug-info-format\=dwarf -dwarf-version\=4 -module-cache-path /Users/zhangshaocong6/Library/Developer/Xcode/DerivedData/ModuleCache.noindex -profile-generate -profile-coverage-mapping -swift-version 5 -enforce-exclusivity\=checked -Onone -D DEBUG -serialize-debugging-options -const-gather-protocols-file /Users/zhangshaocong6/Library/Developer/Xcode/DerivedData/liuyao-folvvhbzvbykjcfspkzmaozmsnto/Build/Intermediates.noindex/liuyao.build/Debug-iphonesimulator/liuyao.build/Objects-normal/arm64/liuyao_const_extract_protocols.json -enable-experimental-feature DebugDescriptionMacro -enable-experimental-feature OpaqueTypeErasure -enable-bare-slash-regex -empty-abi-descriptor -validate-clang-modules-once -clang-build-session-file /Users/zhangshaocong6/Library/Developer/Xcode/DerivedData/ModuleCache.noindex/Session.modulevalidation -Xcc -working-directory -Xcc /Users/zhangshaocong6/Desktop/cs/AI/liuyao -resource-dir /Applications/Xcode.app/Contents/Developer/Toolchains/XcodeDefault.xctoolchain/usr/lib/swift -enable-anonymous-context-mangled-names -file-compilation-dir /Users/zhangshaocong6/Desktop/cs/AI/liuyao -Xcc -D_LIBCPP_HARDENING_MODE\=_LIBCPP_HARDENING_MODE_DEBUG -Xcc -ivfsstatcache -Xcc /Users/zhangshaocong6/Library/Developer/Xcode/DerivedData/SDKStatCaches.noindex/iphonesimulator18.2-22C146-07b28473f605e47e75261259d3ef3b5a.sdkstatcache -Xcc -I/Users/zhangshaocong6/Library/Developer/Xcode/DerivedData/liuyao-folvvhbzvbykjcfspkzmaozmsnto/Build/Intermediates.noindex/liuyao.build/Debug-iphonesimulator/liuyao.build/swift-overrides.hmap -Xcc -iquote -Xcc /Users/zhangshaocong6/Library/Developer/Xcode/DerivedData/liuyao-folvvhbzvbykjcfspkzmaozmsnto/Build/Intermediates.noindex/liuyao.build/Debug-iphonesimulator/liuyao.build/liuyao-generated-files.hmap -Xcc -I/Users/zhangshaocong6/Library/Developer/Xcode/DerivedData/liuyao-folvvhbzvbykjcfspkzmaozmsnto/Build/Intermediates.noindex/liuyao.build/Debug-iphonesimulator/liuyao.build/liuyao-own-target-headers.hmap -Xcc -I/Users/zhangshaocong6/Library/Developer/Xcode/DerivedData/liuyao-folvvhbzvbykjcfspkzmaozmsnto/Build/Intermediates.noindex/liuyao.build/Debug-iphonesimulator/liuyao.build/liuyao-all-target-headers.hmap -Xcc -iquote -Xcc /Users/zhangshaocong6/Library/Developer/Xcode/DerivedData/liuyao-folvvhbzvbykjcfspkzmaozmsnto/Build/Intermediates.noindex/liuyao.build/Debug-iphonesimulator/liuyao.build/liuyao-project-headers.hmap -Xcc -I/Users/zhangshaocong6/Library/Developer/Xcode/DerivedData/liuyao-folvvhbzvbykjcfspkzmaozmsnto/Build/Products/Debug-iphonesimulator/include -Xcc -I/Users/zhangshaocong6/Library/Developer/Xcode/DerivedData/liuyao-folvvhbzvbykjcfspkzmaozmsnto/Build/Intermediates.noindex/liuyao.build/Debug-iphonesimulator/liuyao.build/DerivedSources-normal/arm64 -Xcc -I/Users/zhangshaocong6/Library/Developer/Xcode/DerivedData/liuyao-folvvhbzvbykjcfspkzmaozmsnto/Build/Intermediates.noindex/liuyao.build/Debug-iphonesimulator/liuyao.build/DerivedSources/arm64 -Xcc -I/Users/zhangshaocong6/Library/Developer/Xcode/DerivedData/liuyao-folvvhbzvbykjcfspkzmaozmsnto/Build/Intermediates.noindex/liuyao.build/Debug-iphonesimulator/liuyao.build/DerivedSources -Xcc -DDEBUG\=1 -module-name liuyao -frontend-parseable-output -disable-clang-spi -target-sdk-version 18.2 -target-sdk-name iphonesimulator18.2 -external-plugin-path /Applications/Xcode.app/Contents/Developer/Platforms/iPhoneOS.platform/Developer/usr/lib/swift/host/plugins\#/Applications/Xcode.app/Contents/Developer/Platforms/iPhoneOS.platform/Developer/usr/bin/swift-plugin-server -external-plugin-path /Applications/Xcode.app/Contents/Developer/Platforms/iPhoneOS.platform/Developer/usr/local/lib/swift/host/plugins\#/Applications/Xcode.app/Contents/Developer/Platforms/iPhoneOS.platform/Developer/usr/bin/swift-plugin-server -plugin-path /Applications/Xcode.app/Contents/Developer/Toolchains/XcodeDefault.xctoolchain/usr/lib/swift/host/plugins -plugin-path /Applications/Xcode.app/Contents/Developer/Toolchains/XcodeDefault.xctoolchain/usr/local/lib/swift/host/plugins -o /Users/zhangshaocong6/Library/Developer/Xcode/DerivedData/liuyao-folvvhbzvbykjcfspkzmaozmsnto/Build/Intermediates.noindex/liuyao.build/Debug-iphonesimulator/liuyao.build/Objects-normal/arm64/ContentView.o -index-unit-output-path /liuyao.build/Debug-iphonesimulator/liuyao.build/Objects-normal/arm64/ContentView.o -index-store-path /Users/zhangshaocong6/Library/Developer/Xcode/DerivedData/liuyao-folvvhbzvbykjcfspkzmaozmsnto/Index.noindex/DataStore -index-system-modules

SwiftCompile normal arm64 /Users/zhangshaocong6/Desktop/cs/AI/liuyao/liuyao/ContentView.swift (in target 'liuyao' from project 'liuyao')
    cd /Users/zhangshaocong6/Desktop/cs/AI/liuyao
    /Applications/Xcode.app/Contents/Developer/Toolchains/XcodeDefault.xctoolchain/usr/bin/swift-frontend -c /Users/zhangshaocong6/Desktop/cs/AI/liuyao/liuyao/AIModels.swift /Users/zhangshaocong6/Desktop/cs/AI/liuyao/liuyao/AIService.swift /Users/zhangshaocong6/Desktop/cs/AI/liuyao/liuyao/ChatMasterView.swift /Users/zhangshaocong6/Desktop/cs/AI/liuyao/liuyao/CoinTossPageView.swift -primary-file /Users/zhangshaocong6/Desktop/cs/AI/liuyao/liuyao/ContentView.swift /Users/zhangshaocong6/Desktop/cs/AI/liuyao/liuyao/DataModels.swift /Users/zhangshaocong6/Desktop/cs/AI/liuyao/liuyao/DivinationPageView.swift /Users/zhangshaocong6/Desktop/cs/AI/liuyao/liuyao/DivinationResultPageView.swift /Users/zhangshaocong6/Desktop/cs/AI/liuyao/liuyao/HistoryPageView.swift /Users/zhangshaocong6/Desktop/cs/AI/liuyao/liuyao/HistoryView.swift /Users/zhangshaocong6/Desktop/cs/AI/liuyao/liuyao/LearningPageView.swift /Users/zhangshaocong6/Desktop/cs/AI/liuyao/liuyao/LearningView.swift /Users/zhangshaocong6/Desktop/cs/AI/liuyao/liuyao/liuyaoApp.swift /Users/zhangshaocong6/Desktop/cs/AI/liuyao/liuyao/LocationManager.swift /Users/zhangshaocong6/Desktop/cs/AI/liuyao/liuyao/NetworkService.swift /Users/zhangshaocong6/Desktop/cs/AI/liuyao/liuyao/SharedComponents.swift /Users/zhangshaocong6/Library/Developer/Xcode/DerivedData/liuyao-folvvhbzvbykjcfspkzmaozmsnto/Build/Intermediates.noindex/liuyao.build/Debug-iphonesimulator/liuyao.build/DerivedSources/CoreDataGenerated/DivinationModel/DivinationRecord+CoreDataClass.swift /Users/zhangshaocong6/Library/Developer/Xcode/DerivedData/liuyao-folvvhbzvbykjcfspkzmaozmsnto/Build/Intermediates.noindex/liuyao.build/Debug-iphonesimulator/liuyao.build/DerivedSources/CoreDataGenerated/DivinationModel/DivinationRecord+CoreDataProperties.swift /Users/zhangshaocong6/Library/Developer/Xcode/DerivedData/liuyao-folvvhbzvbykjcfspkzmaozmsnto/Build/Intermediates.noindex/liuyao.build/Debug-iphonesimulator/liuyao.build/DerivedSources/CoreDataGenerated/DivinationModel/Entity1+CoreDataClass.swift /Users/zhangshaocong6/Library/Developer/Xcode/DerivedData/liuyao-folvvhbzvbykjcfspkzmaozmsnto/Build/Intermediates.noindex/liuyao.build/Debug-iphonesimulator/liuyao.build/DerivedSources/CoreDataGenerated/DivinationModel/Entity1+CoreDataProperties.swift /Users/zhangshaocong6/Library/Developer/Xcode/DerivedData/liuyao-folvvhbzvbykjcfspkzmaozmsnto/Build/Intermediates.noindex/liuyao.build/Debug-iphonesimulator/liuyao.build/DerivedSources/CoreDataGenerated/DivinationModel/DivinationModel+CoreDataModel.swift /Users/zhangshaocong6/Library/Developer/Xcode/DerivedData/liuyao-folvvhbzvbykjcfspkzmaozmsnto/Build/Intermediates.noindex/liuyao.build/Debug-iphonesimulator/liuyao.build/DerivedSources/GeneratedAssetSymbols.swift -emit-dependencies-path /Users/zhangshaocong6/Library/Developer/Xcode/DerivedData/liuyao-folvvhbzvbykjcfspkzmaozmsnto/Build/Intermediates.noindex/liuyao.build/Debug-iphonesimulator/liuyao.build/Objects-normal/arm64/ContentView.d -emit-const-values-path /Users/zhangshaocong6/Library/Developer/Xcode/DerivedData/liuyao-folvvhbzvbykjcfspkzmaozmsnto/Build/Intermediates.noindex/liuyao.build/Debug-iphonesimulator/liuyao.build/Objects-normal/arm64/ContentView.swiftconstvalues -emit-reference-dependencies-path /Users/zhangshaocong6/Library/Developer/Xcode/DerivedData/liuyao-folvvhbzvbykjcfspkzmaozmsnto/Build/Intermediates.noindex/liuyao.build/Debug-iphonesimulator/liuyao.build/Objects-normal/arm64/ContentView.swiftdeps -serialize-diagnostics-path /Users/zhangshaocong6/Library/Developer/Xcode/DerivedData/liuyao-folvvhbzvbykjcfspkzmaozmsnto/Build/Intermediates.noindex/liuyao.build/Debug-iphonesimulator/liuyao.build/Objects-normal/arm64/ContentView.dia -emit-localized-strings -emit-localized-strings-path /Users/zhangshaocong6/Library/Developer/Xcode/DerivedData/liuyao-folvvhbzvbykjcfspkzmaozmsnto/Build/Intermediates.noindex/liuyao.build/Debug-iphonesimulator/liuyao.build/Objects-normal/arm64 -target arm64-apple-ios16-simulator -Xllvm -aarch64-use-tbi -enable-objc-interop -sdk /Applications/Xcode.app/Contents/Developer/Platforms/iPhoneSimulator.platform/Developer/SDKs/iPhoneSimulator18.2.sdk -I /Users/zhangshaocong6/Library/Developer/Xcode/DerivedData/liuyao-folvvhbzvbykjcfspkzmaozmsnto/Build/Products/Debug-iphonesimulator -F /Users/zhangshaocong6/Library/Developer/Xcode/DerivedData/liuyao-folvvhbzvbykjcfspkzmaozmsnto/Build/Products/Debug-iphonesimulator -no-color-diagnostics -enable-testing -g -debug-info-format\=dwarf -dwarf-version\=4 -module-cache-path /Users/zhangshaocong6/Library/Developer/Xcode/DerivedData/ModuleCache.noindex -profile-generate -profile-coverage-mapping -swift-version 5 -enforce-exclusivity\=checked -Onone -D DEBUG -serialize-debugging-options -const-gather-protocols-file /Users/zhangshaocong6/Library/Developer/Xcode/DerivedData/liuyao-folvvhbzvbykjcfspkzmaozmsnto/Build/Intermediates.noindex/liuyao.build/Debug-iphonesimulator/liuyao.build/Objects-normal/arm64/liuyao_const_extract_protocols.json -enable-experimental-feature DebugDescriptionMacro -enable-experimental-feature OpaqueTypeErasure -enable-bare-slash-regex -empty-abi-descriptor -validate-clang-modules-once -clang-build-session-file /Users/zhangshaocong6/Library/Developer/Xcode/DerivedData/ModuleCache.noindex/Session.modulevalidation -Xcc -working-directory -Xcc /Users/zhangshaocong6/Desktop/cs/AI/liuyao -resource-dir /Applications/Xcode.app/Contents/Developer/Toolchains/XcodeDefault.xctoolchain/usr/lib/swift -enable-anonymous-context-mangled-names -file-compilation-dir /Users/zhangshaocong6/Desktop/cs/AI/liuyao -Xcc -D_LIBCPP_HARDENING_MODE\=_LIBCPP_HARDENING_MODE_DEBUG -Xcc -ivfsstatcache -Xcc /Users/zhangshaocong6/Library/Developer/Xcode/DerivedData/SDKStatCaches.noindex/iphonesimulator18.2-22C146-07b28473f605e47e75261259d3ef3b5a.sdkstatcache -Xcc -I/Users/zhangshaocong6/Library/Developer/Xcode/DerivedData/liuyao-folvvhbzvbykjcfspkzmaozmsnto/Build/Intermediates.noindex/liuyao.build/Debug-iphonesimulator/liuyao.build/swift-overrides.hmap -Xcc -iquote -Xcc /Users/zhangshaocong6/Library/Developer/Xcode/DerivedData/liuyao-folvvhbzvbykjcfspkzmaozmsnto/Build/Intermediates.noindex/liuyao.build/Debug-iphonesimulator/liuyao.build/liuyao-generated-files.hmap -Xcc -I/Users/zhangshaocong6/Library/Developer/Xcode/DerivedData/liuyao-folvvhbzvbykjcfspkzmaozmsnto/Build/Intermediates.noindex/liuyao.build/Debug-iphonesimulator/liuyao.build/liuyao-own-target-headers.hmap -Xcc -I/Users/zhangshaocong6/Library/Developer/Xcode/DerivedData/liuyao-folvvhbzvbykjcfspkzmaozmsnto/Build/Intermediates.noindex/liuyao.build/Debug-iphonesimulator/liuyao.build/liuyao-all-target-headers.hmap -Xcc -iquote -Xcc /Users/zhangshaocong6/Library/Developer/Xcode/DerivedData/liuyao-folvvhbzvbykjcfspkzmaozmsnto/Build/Intermediates.noindex/liuyao.build/Debug-iphonesimulator/liuyao.build/liuyao-project-headers.hmap -Xcc -I/Users/zhangshaocong6/Library/Developer/Xcode/DerivedData/liuyao-folvvhbzvbykjcfspkzmaozmsnto/Build/Products/Debug-iphonesimulator/include -Xcc -I/Users/zhangshaocong6/Library/Developer/Xcode/DerivedData/liuyao-folvvhbzvbykjcfspkzmaozmsnto/Build/Intermediates.noindex/liuyao.build/Debug-iphonesimulator/liuyao.build/DerivedSources-normal/arm64 -Xcc -I/Users/zhangshaocong6/Library/Developer/Xcode/DerivedData/liuyao-folvvhbzvbykjcfspkzmaozmsnto/Build/Intermediates.noindex/liuyao.build/Debug-iphonesimulator/liuyao.build/DerivedSources/arm64 -Xcc -I/Users/zhangshaocong6/Library/Developer/Xcode/DerivedData/liuyao-folvvhbzvbykjcfspkzmaozmsnto/Build/Intermediates.noindex/liuyao.build/Debug-iphonesimulator/liuyao.build/DerivedSources -Xcc -DDEBUG\=1 -module-name liuyao -frontend-parseable-output -disable-clang-spi -target-sdk-version 18.2 -target-sdk-name iphonesimulator18.2 -external-plugin-path /Applications/Xcode.app/Contents/Developer/Platforms/iPhoneOS.platform/Developer/usr/lib/swift/host/plugins\#/Applications/Xcode.app/Contents/Developer/Platforms/iPhoneOS.platform/Developer/usr/bin/swift-plugin-server -external-plugin-path /Applications/Xcode.app/Contents/Developer/Platforms/iPhoneOS.platform/Developer/usr/local/lib/swift/host/plugins\#/Applications/Xcode.app/Contents/Developer/Platforms/iPhoneOS.platform/Developer/usr/bin/swift-plugin-server -plugin-path /Applications/Xcode.app/Contents/Developer/Toolchains/XcodeDefault.xctoolchain/usr/lib/swift/host/plugins -plugin-path /Applications/Xcode.app/Contents/Developer/Toolchains/XcodeDefault.xctoolchain/usr/local/lib/swift/host/plugins -o /Users/zhangshaocong6/Library/Developer/Xcode/DerivedData/liuyao-folvvhbzvbykjcfspkzmaozmsnto/Build/Intermediates.noindex/liuyao.build/Debug-iphonesimulator/liuyao.build/Objects-normal/arm64/ContentView.o -index-unit-output-path /liuyao.build/Debug-iphonesimulator/liuyao.build/Objects-normal/arm64/ContentView.o -index-store-path /Users/zhangshaocong6/Library/Developer/Xcode/DerivedData/liuyao-folvvhbzvbykjcfspkzmaozmsnto/Index.noindex/DataStore -index-system-modules

SwiftCompile normal arm64 Compiling\ CoinTossPageView.swift /Users/zhangshaocong6/Desktop/cs/AI/liuyao/liuyao/CoinTossPageView.swift (in target 'liuyao' from project 'liuyao')
    cd /Users/zhangshaocong6/Desktop/cs/AI/liuyao
    builtin-swiftTaskExecution -- /Applications/Xcode.app/Contents/Developer/Toolchains/XcodeDefault.xctoolchain/usr/bin/swift-frontend -frontend -c /Users/zhangshaocong6/Desktop/cs/AI/liuyao/liuyao/AIModels.swift /Users/zhangshaocong6/Desktop/cs/AI/liuyao/liuyao/AIService.swift /Users/zhangshaocong6/Desktop/cs/AI/liuyao/liuyao/ChatMasterView.swift -primary-file /Users/zhangshaocong6/Desktop/cs/AI/liuyao/liuyao/CoinTossPageView.swift /Users/zhangshaocong6/Desktop/cs/AI/liuyao/liuyao/ContentView.swift /Users/zhangshaocong6/Desktop/cs/AI/liuyao/liuyao/DataModels.swift /Users/zhangshaocong6/Desktop/cs/AI/liuyao/liuyao/DivinationPageView.swift /Users/zhangshaocong6/Desktop/cs/AI/liuyao/liuyao/DivinationResultPageView.swift /Users/zhangshaocong6/Desktop/cs/AI/liuyao/liuyao/HistoryPageView.swift /Users/zhangshaocong6/Desktop/cs/AI/liuyao/liuyao/HistoryView.swift /Users/zhangshaocong6/Desktop/cs/AI/liuyao/liuyao/LearningPageView.swift /Users/zhangshaocong6/Desktop/cs/AI/liuyao/liuyao/LearningView.swift /Users/zhangshaocong6/Desktop/cs/AI/liuyao/liuyao/liuyaoApp.swift /Users/zhangshaocong6/Desktop/cs/AI/liuyao/liuyao/LocationManager.swift /Users/zhangshaocong6/Desktop/cs/AI/liuyao/liuyao/NetworkService.swift /Users/zhangshaocong6/Desktop/cs/AI/liuyao/liuyao/SharedComponents.swift /Users/zhangshaocong6/Library/Developer/Xcode/DerivedData/liuyao-folvvhbzvbykjcfspkzmaozmsnto/Build/Intermediates.noindex/liuyao.build/Debug-iphonesimulator/liuyao.build/DerivedSources/CoreDataGenerated/DivinationModel/DivinationRecord+CoreDataClass.swift /Users/zhangshaocong6/Library/Developer/Xcode/DerivedData/liuyao-folvvhbzvbykjcfspkzmaozmsnto/Build/Intermediates.noindex/liuyao.build/Debug-iphonesimulator/liuyao.build/DerivedSources/CoreDataGenerated/DivinationModel/DivinationRecord+CoreDataProperties.swift /Users/zhangshaocong6/Library/Developer/Xcode/DerivedData/liuyao-folvvhbzvbykjcfspkzmaozmsnto/Build/Intermediates.noindex/liuyao.build/Debug-iphonesimulator/liuyao.build/DerivedSources/CoreDataGenerated/DivinationModel/Entity1+CoreDataClass.swift /Users/zhangshaocong6/Library/Developer/Xcode/DerivedData/liuyao-folvvhbzvbykjcfspkzmaozmsnto/Build/Intermediates.noindex/liuyao.build/Debug-iphonesimulator/liuyao.build/DerivedSources/CoreDataGenerated/DivinationModel/Entity1+CoreDataProperties.swift /Users/zhangshaocong6/Library/Developer/Xcode/DerivedData/liuyao-folvvhbzvbykjcfspkzmaozmsnto/Build/Intermediates.noindex/liuyao.build/Debug-iphonesimulator/liuyao.build/DerivedSources/CoreDataGenerated/DivinationModel/DivinationModel+CoreDataModel.swift /Users/zhangshaocong6/Library/Developer/Xcode/DerivedData/liuyao-folvvhbzvbykjcfspkzmaozmsnto/Build/Intermediates.noindex/liuyao.build/Debug-iphonesimulator/liuyao.build/DerivedSources/GeneratedAssetSymbols.swift -emit-dependencies-path /Users/zhangshaocong6/Library/Developer/Xcode/DerivedData/liuyao-folvvhbzvbykjcfspkzmaozmsnto/Build/Intermediates.noindex/liuyao.build/Debug-iphonesimulator/liuyao.build/Objects-normal/arm64/CoinTossPageView.d -emit-const-values-path /Users/zhangshaocong6/Library/Developer/Xcode/DerivedData/liuyao-folvvhbzvbykjcfspkzmaozmsnto/Build/Intermediates.noindex/liuyao.build/Debug-iphonesimulator/liuyao.build/Objects-normal/arm64/CoinTossPageView.swiftconstvalues -emit-reference-dependencies-path /Users/zhangshaocong6/Library/Developer/Xcode/DerivedData/liuyao-folvvhbzvbykjcfspkzmaozmsnto/Build/Intermediates.noindex/liuyao.build/Debug-iphonesimulator/liuyao.build/Objects-normal/arm64/CoinTossPageView.swiftdeps -serialize-diagnostics-path /Users/zhangshaocong6/Library/Developer/Xcode/DerivedData/liuyao-folvvhbzvbykjcfspkzmaozmsnto/Build/Intermediates.noindex/liuyao.build/Debug-iphonesimulator/liuyao.build/Objects-normal/arm64/CoinTossPageView.dia -emit-localized-strings -emit-localized-strings-path /Users/zhangshaocong6/Library/Developer/Xcode/DerivedData/liuyao-folvvhbzvbykjcfspkzmaozmsnto/Build/Intermediates.noindex/liuyao.build/Debug-iphonesimulator/liuyao.build/Objects-normal/arm64 -target arm64-apple-ios16-simulator -Xllvm -aarch64-use-tbi -enable-objc-interop -sdk /Applications/Xcode.app/Contents/Developer/Platforms/iPhoneSimulator.platform/Developer/SDKs/iPhoneSimulator18.2.sdk -I /Users/zhangshaocong6/Library/Developer/Xcode/DerivedData/liuyao-folvvhbzvbykjcfspkzmaozmsnto/Build/Products/Debug-iphonesimulator -F /Users/zhangshaocong6/Library/Developer/Xcode/DerivedData/liuyao-folvvhbzvbykjcfspkzmaozmsnto/Build/Products/Debug-iphonesimulator -no-color-diagnostics -enable-testing -g -debug-info-format\=dwarf -dwarf-version\=4 -module-cache-path /Users/zhangshaocong6/Library/Developer/Xcode/DerivedData/ModuleCache.noindex -profile-generate -profile-coverage-mapping -swift-version 5 -enforce-exclusivity\=checked -Onone -D DEBUG -serialize-debugging-options -const-gather-protocols-file /Users/zhangshaocong6/Library/Developer/Xcode/DerivedData/liuyao-folvvhbzvbykjcfspkzmaozmsnto/Build/Intermediates.noindex/liuyao.build/Debug-iphonesimulator/liuyao.build/Objects-normal/arm64/liuyao_const_extract_protocols.json -enable-experimental-feature DebugDescriptionMacro -enable-experimental-feature OpaqueTypeErasure -enable-bare-slash-regex -empty-abi-descriptor -validate-clang-modules-once -clang-build-session-file /Users/zhangshaocong6/Library/Developer/Xcode/DerivedData/ModuleCache.noindex/Session.modulevalidation -Xcc -working-directory -Xcc /Users/zhangshaocong6/Desktop/cs/AI/liuyao -resource-dir /Applications/Xcode.app/Contents/Developer/Toolchains/XcodeDefault.xctoolchain/usr/lib/swift -enable-anonymous-context-mangled-names -file-compilation-dir /Users/zhangshaocong6/Desktop/cs/AI/liuyao -Xcc -D_LIBCPP_HARDENING_MODE\=_LIBCPP_HARDENING_MODE_DEBUG -Xcc -ivfsstatcache -Xcc /Users/zhangshaocong6/Library/Developer/Xcode/DerivedData/SDKStatCaches.noindex/iphonesimulator18.2-22C146-07b28473f605e47e75261259d3ef3b5a.sdkstatcache -Xcc -I/Users/zhangshaocong6/Library/Developer/Xcode/DerivedData/liuyao-folvvhbzvbykjcfspkzmaozmsnto/Build/Intermediates.noindex/liuyao.build/Debug-iphonesimulator/liuyao.build/swift-overrides.hmap -Xcc -iquote -Xcc /Users/zhangshaocong6/Library/Developer/Xcode/DerivedData/liuyao-folvvhbzvbykjcfspkzmaozmsnto/Build/Intermediates.noindex/liuyao.build/Debug-iphonesimulator/liuyao.build/liuyao-generated-files.hmap -Xcc -I/Users/zhangshaocong6/Library/Developer/Xcode/DerivedData/liuyao-folvvhbzvbykjcfspkzmaozmsnto/Build/Intermediates.noindex/liuyao.build/Debug-iphonesimulator/liuyao.build/liuyao-own-target-headers.hmap -Xcc -I/Users/zhangshaocong6/Library/Developer/Xcode/DerivedData/liuyao-folvvhbzvbykjcfspkzmaozmsnto/Build/Intermediates.noindex/liuyao.build/Debug-iphonesimulator/liuyao.build/liuyao-all-target-headers.hmap -Xcc -iquote -Xcc /Users/zhangshaocong6/Library/Developer/Xcode/DerivedData/liuyao-folvvhbzvbykjcfspkzmaozmsnto/Build/Intermediates.noindex/liuyao.build/Debug-iphonesimulator/liuyao.build/liuyao-project-headers.hmap -Xcc -I/Users/zhangshaocong6/Library/Developer/Xcode/DerivedData/liuyao-folvvhbzvbykjcfspkzmaozmsnto/Build/Products/Debug-iphonesimulator/include -Xcc -I/Users/zhangshaocong6/Library/Developer/Xcode/DerivedData/liuyao-folvvhbzvbykjcfspkzmaozmsnto/Build/Intermediates.noindex/liuyao.build/Debug-iphonesimulator/liuyao.build/DerivedSources-normal/arm64 -Xcc -I/Users/zhangshaocong6/Library/Developer/Xcode/DerivedData/liuyao-folvvhbzvbykjcfspkzmaozmsnto/Build/Intermediates.noindex/liuyao.build/Debug-iphonesimulator/liuyao.build/DerivedSources/arm64 -Xcc -I/Users/zhangshaocong6/Library/Developer/Xcode/DerivedData/liuyao-folvvhbzvbykjcfspkzmaozmsnto/Build/Intermediates.noindex/liuyao.build/Debug-iphonesimulator/liuyao.build/DerivedSources -Xcc -DDEBUG\=1 -module-name liuyao -frontend-parseable-output -disable-clang-spi -target-sdk-version 18.2 -target-sdk-name iphonesimulator18.2 -external-plugin-path /Applications/Xcode.app/Contents/Developer/Platforms/iPhoneOS.platform/Developer/usr/lib/swift/host/plugins\#/Applications/Xcode.app/Contents/Developer/Platforms/iPhoneOS.platform/Developer/usr/bin/swift-plugin-server -external-plugin-path /Applications/Xcode.app/Contents/Developer/Platforms/iPhoneOS.platform/Developer/usr/local/lib/swift/host/plugins\#/Applications/Xcode.app/Contents/Developer/Platforms/iPhoneOS.platform/Developer/usr/bin/swift-plugin-server -plugin-path /Applications/Xcode.app/Contents/Developer/Toolchains/XcodeDefault.xctoolchain/usr/lib/swift/host/plugins -plugin-path /Applications/Xcode.app/Contents/Developer/Toolchains/XcodeDefault.xctoolchain/usr/local/lib/swift/host/plugins -o /Users/zhangshaocong6/Library/Developer/Xcode/DerivedData/liuyao-folvvhbzvbykjcfspkzmaozmsnto/Build/Intermediates.noindex/liuyao.build/Debug-iphonesimulator/liuyao.build/Objects-normal/arm64/CoinTossPageView.o -index-unit-output-path /liuyao.build/Debug-iphonesimulator/liuyao.build/Objects-normal/arm64/CoinTossPageView.o -index-store-path /Users/zhangshaocong6/Library/Developer/Xcode/DerivedData/liuyao-folvvhbzvbykjcfspkzmaozmsnto/Index.noindex/DataStore -index-system-modules

SwiftCompile normal arm64 /Users/zhangshaocong6/Desktop/cs/AI/liuyao/liuyao/CoinTossPageView.swift (in target 'liuyao' from project 'liuyao')
    cd /Users/zhangshaocong6/Desktop/cs/AI/liuyao
    /Applications/Xcode.app/Contents/Developer/Toolchains/XcodeDefault.xctoolchain/usr/bin/swift-frontend -c /Users/zhangshaocong6/Desktop/cs/AI/liuyao/liuyao/AIModels.swift /Users/zhangshaocong6/Desktop/cs/AI/liuyao/liuyao/AIService.swift /Users/zhangshaocong6/Desktop/cs/AI/liuyao/liuyao/ChatMasterView.swift -primary-file /Users/zhangshaocong6/Desktop/cs/AI/liuyao/liuyao/CoinTossPageView.swift /Users/zhangshaocong6/Desktop/cs/AI/liuyao/liuyao/ContentView.swift /Users/zhangshaocong6/Desktop/cs/AI/liuyao/liuyao/DataModels.swift /Users/zhangshaocong6/Desktop/cs/AI/liuyao/liuyao/DivinationPageView.swift /Users/zhangshaocong6/Desktop/cs/AI/liuyao/liuyao/DivinationResultPageView.swift /Users/zhangshaocong6/Desktop/cs/AI/liuyao/liuyao/HistoryPageView.swift /Users/zhangshaocong6/Desktop/cs/AI/liuyao/liuyao/HistoryView.swift /Users/zhangshaocong6/Desktop/cs/AI/liuyao/liuyao/LearningPageView.swift /Users/zhangshaocong6/Desktop/cs/AI/liuyao/liuyao/LearningView.swift /Users/zhangshaocong6/Desktop/cs/AI/liuyao/liuyao/liuyaoApp.swift /Users/zhangshaocong6/Desktop/cs/AI/liuyao/liuyao/LocationManager.swift /Users/zhangshaocong6/Desktop/cs/AI/liuyao/liuyao/NetworkService.swift /Users/zhangshaocong6/Desktop/cs/AI/liuyao/liuyao/SharedComponents.swift /Users/zhangshaocong6/Library/Developer/Xcode/DerivedData/liuyao-folvvhbzvbykjcfspkzmaozmsnto/Build/Intermediates.noindex/liuyao.build/Debug-iphonesimulator/liuyao.build/DerivedSources/CoreDataGenerated/DivinationModel/DivinationRecord+CoreDataClass.swift /Users/zhangshaocong6/Library/Developer/Xcode/DerivedData/liuyao-folvvhbzvbykjcfspkzmaozmsnto/Build/Intermediates.noindex/liuyao.build/Debug-iphonesimulator/liuyao.build/DerivedSources/CoreDataGenerated/DivinationModel/DivinationRecord+CoreDataProperties.swift /Users/zhangshaocong6/Library/Developer/Xcode/DerivedData/liuyao-folvvhbzvbykjcfspkzmaozmsnto/Build/Intermediates.noindex/liuyao.build/Debug-iphonesimulator/liuyao.build/DerivedSources/CoreDataGenerated/DivinationModel/Entity1+CoreDataClass.swift /Users/zhangshaocong6/Library/Developer/Xcode/DerivedData/liuyao-folvvhbzvbykjcfspkzmaozmsnto/Build/Intermediates.noindex/liuyao.build/Debug-iphonesimulator/liuyao.build/DerivedSources/CoreDataGenerated/DivinationModel/Entity1+CoreDataProperties.swift /Users/zhangshaocong6/Library/Developer/Xcode/DerivedData/liuyao-folvvhbzvbykjcfspkzmaozmsnto/Build/Intermediates.noindex/liuyao.build/Debug-iphonesimulator/liuyao.build/DerivedSources/CoreDataGenerated/DivinationModel/DivinationModel+CoreDataModel.swift /Users/zhangshaocong6/Library/Developer/Xcode/DerivedData/liuyao-folvvhbzvbykjcfspkzmaozmsnto/Build/Intermediates.noindex/liuyao.build/Debug-iphonesimulator/liuyao.build/DerivedSources/GeneratedAssetSymbols.swift -emit-dependencies-path /Users/zhangshaocong6/Library/Developer/Xcode/DerivedData/liuyao-folvvhbzvbykjcfspkzmaozmsnto/Build/Intermediates.noindex/liuyao.build/Debug-iphonesimulator/liuyao.build/Objects-normal/arm64/CoinTossPageView.d -emit-const-values-path /Users/zhangshaocong6/Library/Developer/Xcode/DerivedData/liuyao-folvvhbzvbykjcfspkzmaozmsnto/Build/Intermediates.noindex/liuyao.build/Debug-iphonesimulator/liuyao.build/Objects-normal/arm64/CoinTossPageView.swiftconstvalues -emit-reference-dependencies-path /Users/zhangshaocong6/Library/Developer/Xcode/DerivedData/liuyao-folvvhbzvbykjcfspkzmaozmsnto/Build/Intermediates.noindex/liuyao.build/Debug-iphonesimulator/liuyao.build/Objects-normal/arm64/CoinTossPageView.swiftdeps -serialize-diagnostics-path /Users/zhangshaocong6/Library/Developer/Xcode/DerivedData/liuyao-folvvhbzvbykjcfspkzmaozmsnto/Build/Intermediates.noindex/liuyao.build/Debug-iphonesimulator/liuyao.build/Objects-normal/arm64/CoinTossPageView.dia -emit-localized-strings -emit-localized-strings-path /Users/zhangshaocong6/Library/Developer/Xcode/DerivedData/liuyao-folvvhbzvbykjcfspkzmaozmsnto/Build/Intermediates.noindex/liuyao.build/Debug-iphonesimulator/liuyao.build/Objects-normal/arm64 -target arm64-apple-ios16-simulator -Xllvm -aarch64-use-tbi -enable-objc-interop -sdk /Applications/Xcode.app/Contents/Developer/Platforms/iPhoneSimulator.platform/Developer/SDKs/iPhoneSimulator18.2.sdk -I /Users/zhangshaocong6/Library/Developer/Xcode/DerivedData/liuyao-folvvhbzvbykjcfspkzmaozmsnto/Build/Products/Debug-iphonesimulator -F /Users/zhangshaocong6/Library/Developer/Xcode/DerivedData/liuyao-folvvhbzvbykjcfspkzmaozmsnto/Build/Products/Debug-iphonesimulator -no-color-diagnostics -enable-testing -g -debug-info-format\=dwarf -dwarf-version\=4 -module-cache-path /Users/zhangshaocong6/Library/Developer/Xcode/DerivedData/ModuleCache.noindex -profile-generate -profile-coverage-mapping -swift-version 5 -enforce-exclusivity\=checked -Onone -D DEBUG -serialize-debugging-options -const-gather-protocols-file /Users/zhangshaocong6/Library/Developer/Xcode/DerivedData/liuyao-folvvhbzvbykjcfspkzmaozmsnto/Build/Intermediates.noindex/liuyao.build/Debug-iphonesimulator/liuyao.build/Objects-normal/arm64/liuyao_const_extract_protocols.json -enable-experimental-feature DebugDescriptionMacro -enable-experimental-feature OpaqueTypeErasure -enable-bare-slash-regex -empty-abi-descriptor -validate-clang-modules-once -clang-build-session-file /Users/zhangshaocong6/Library/Developer/Xcode/DerivedData/ModuleCache.noindex/Session.modulevalidation -Xcc -working-directory -Xcc /Users/zhangshaocong6/Desktop/cs/AI/liuyao -resource-dir /Applications/Xcode.app/Contents/Developer/Toolchains/XcodeDefault.xctoolchain/usr/lib/swift -enable-anonymous-context-mangled-names -file-compilation-dir /Users/zhangshaocong6/Desktop/cs/AI/liuyao -Xcc -D_LIBCPP_HARDENING_MODE\=_LIBCPP_HARDENING_MODE_DEBUG -Xcc -ivfsstatcache -Xcc /Users/zhangshaocong6/Library/Developer/Xcode/DerivedData/SDKStatCaches.noindex/iphonesimulator18.2-22C146-07b28473f605e47e75261259d3ef3b5a.sdkstatcache -Xcc -I/Users/zhangshaocong6/Library/Developer/Xcode/DerivedData/liuyao-folvvhbzvbykjcfspkzmaozmsnto/Build/Intermediates.noindex/liuyao.build/Debug-iphonesimulator/liuyao.build/swift-overrides.hmap -Xcc -iquote -Xcc /Users/zhangshaocong6/Library/Developer/Xcode/DerivedData/liuyao-folvvhbzvbykjcfspkzmaozmsnto/Build/Intermediates.noindex/liuyao.build/Debug-iphonesimulator/liuyao.build/liuyao-generated-files.hmap -Xcc -I/Users/zhangshaocong6/Library/Developer/Xcode/DerivedData/liuyao-folvvhbzvbykjcfspkzmaozmsnto/Build/Intermediates.noindex/liuyao.build/Debug-iphonesimulator/liuyao.build/liuyao-own-target-headers.hmap -Xcc -I/Users/zhangshaocong6/Library/Developer/Xcode/DerivedData/liuyao-folvvhbzvbykjcfspkzmaozmsnto/Build/Intermediates.noindex/liuyao.build/Debug-iphonesimulator/liuyao.build/liuyao-all-target-headers.hmap -Xcc -iquote -Xcc /Users/zhangshaocong6/Library/Developer/Xcode/DerivedData/liuyao-folvvhbzvbykjcfspkzmaozmsnto/Build/Intermediates.noindex/liuyao.build/Debug-iphonesimulator/liuyao.build/liuyao-project-headers.hmap -Xcc -I/Users/zhangshaocong6/Library/Developer/Xcode/DerivedData/liuyao-folvvhbzvbykjcfspkzmaozmsnto/Build/Products/Debug-iphonesimulator/include -Xcc -I/Users/zhangshaocong6/Library/Developer/Xcode/DerivedData/liuyao-folvvhbzvbykjcfspkzmaozmsnto/Build/Intermediates.noindex/liuyao.build/Debug-iphonesimulator/liuyao.build/DerivedSources-normal/arm64 -Xcc -I/Users/zhangshaocong6/Library/Developer/Xcode/DerivedData/liuyao-folvvhbzvbykjcfspkzmaozmsnto/Build/Intermediates.noindex/liuyao.build/Debug-iphonesimulator/liuyao.build/DerivedSources/arm64 -Xcc -I/Users/zhangshaocong6/Library/Developer/Xcode/DerivedData/liuyao-folvvhbzvbykjcfspkzmaozmsnto/Build/Intermediates.noindex/liuyao.build/Debug-iphonesimulator/liuyao.build/DerivedSources -Xcc -DDEBUG\=1 -module-name liuyao -frontend-parseable-output -disable-clang-spi -target-sdk-version 18.2 -target-sdk-name iphonesimulator18.2 -external-plugin-path /Applications/Xcode.app/Contents/Developer/Platforms/iPhoneOS.platform/Developer/usr/lib/swift/host/plugins\#/Applications/Xcode.app/Contents/Developer/Platforms/iPhoneOS.platform/Developer/usr/bin/swift-plugin-server -external-plugin-path /Applications/Xcode.app/Contents/Developer/Platforms/iPhoneOS.platform/Developer/usr/local/lib/swift/host/plugins\#/Applications/Xcode.app/Contents/Developer/Platforms/iPhoneOS.platform/Developer/usr/bin/swift-plugin-server -plugin-path /Applications/Xcode.app/Contents/Developer/Toolchains/XcodeDefault.xctoolchain/usr/lib/swift/host/plugins -plugin-path /Applications/Xcode.app/Contents/Developer/Toolchains/XcodeDefault.xctoolchain/usr/local/lib/swift/host/plugins -o /Users/zhangshaocong6/Library/Developer/Xcode/DerivedData/liuyao-folvvhbzvbykjcfspkzmaozmsnto/Build/Intermediates.noindex/liuyao.build/Debug-iphonesimulator/liuyao.build/Objects-normal/arm64/CoinTossPageView.o -index-unit-output-path /liuyao.build/Debug-iphonesimulator/liuyao.build/Objects-normal/arm64/CoinTossPageView.o -index-store-path /Users/zhangshaocong6/Library/Developer/Xcode/DerivedData/liuyao-folvvhbzvbykjcfspkzmaozmsnto/Index.noindex/DataStore -index-system-modules

SwiftCompile normal arm64 Compiling\ ChatMasterView.swift /Users/zhangshaocong6/Desktop/cs/AI/liuyao/liuyao/ChatMasterView.swift (in target 'liuyao' from project 'liuyao')
    cd /Users/zhangshaocong6/Desktop/cs/AI/liuyao
    builtin-swiftTaskExecution -- /Applications/Xcode.app/Contents/Developer/Toolchains/XcodeDefault.xctoolchain/usr/bin/swift-frontend -frontend -c /Users/zhangshaocong6/Desktop/cs/AI/liuyao/liuyao/AIModels.swift /Users/zhangshaocong6/Desktop/cs/AI/liuyao/liuyao/AIService.swift -primary-file /Users/zhangshaocong6/Desktop/cs/AI/liuyao/liuyao/ChatMasterView.swift /Users/zhangshaocong6/Desktop/cs/AI/liuyao/liuyao/CoinTossPageView.swift /Users/zhangshaocong6/Desktop/cs/AI/liuyao/liuyao/ContentView.swift /Users/zhangshaocong6/Desktop/cs/AI/liuyao/liuyao/DataModels.swift /Users/zhangshaocong6/Desktop/cs/AI/liuyao/liuyao/DivinationPageView.swift /Users/zhangshaocong6/Desktop/cs/AI/liuyao/liuyao/DivinationResultPageView.swift /Users/zhangshaocong6/Desktop/cs/AI/liuyao/liuyao/HistoryPageView.swift /Users/zhangshaocong6/Desktop/cs/AI/liuyao/liuyao/HistoryView.swift /Users/zhangshaocong6/Desktop/cs/AI/liuyao/liuyao/LearningPageView.swift /Users/zhangshaocong6/Desktop/cs/AI/liuyao/liuyao/LearningView.swift /Users/zhangshaocong6/Desktop/cs/AI/liuyao/liuyao/liuyaoApp.swift /Users/zhangshaocong6/Desktop/cs/AI/liuyao/liuyao/LocationManager.swift /Users/zhangshaocong6/Desktop/cs/AI/liuyao/liuyao/NetworkService.swift /Users/zhangshaocong6/Desktop/cs/AI/liuyao/liuyao/SharedComponents.swift /Users/zhangshaocong6/Library/Developer/Xcode/DerivedData/liuyao-folvvhbzvbykjcfspkzmaozmsnto/Build/Intermediates.noindex/liuyao.build/Debug-iphonesimulator/liuyao.build/DerivedSources/CoreDataGenerated/DivinationModel/DivinationRecord+CoreDataClass.swift /Users/zhangshaocong6/Library/Developer/Xcode/DerivedData/liuyao-folvvhbzvbykjcfspkzmaozmsnto/Build/Intermediates.noindex/liuyao.build/Debug-iphonesimulator/liuyao.build/DerivedSources/CoreDataGenerated/DivinationModel/DivinationRecord+CoreDataProperties.swift /Users/zhangshaocong6/Library/Developer/Xcode/DerivedData/liuyao-folvvhbzvbykjcfspkzmaozmsnto/Build/Intermediates.noindex/liuyao.build/Debug-iphonesimulator/liuyao.build/DerivedSources/CoreDataGenerated/DivinationModel/Entity1+CoreDataClass.swift /Users/zhangshaocong6/Library/Developer/Xcode/DerivedData/liuyao-folvvhbzvbykjcfspkzmaozmsnto/Build/Intermediates.noindex/liuyao.build/Debug-iphonesimulator/liuyao.build/DerivedSources/CoreDataGenerated/DivinationModel/Entity1+CoreDataProperties.swift /Users/zhangshaocong6/Library/Developer/Xcode/DerivedData/liuyao-folvvhbzvbykjcfspkzmaozmsnto/Build/Intermediates.noindex/liuyao.build/Debug-iphonesimulator/liuyao.build/DerivedSources/CoreDataGenerated/DivinationModel/DivinationModel+CoreDataModel.swift /Users/zhangshaocong6/Library/Developer/Xcode/DerivedData/liuyao-folvvhbzvbykjcfspkzmaozmsnto/Build/Intermediates.noindex/liuyao.build/Debug-iphonesimulator/liuyao.build/DerivedSources/GeneratedAssetSymbols.swift -emit-dependencies-path /Users/zhangshaocong6/Library/Developer/Xcode/DerivedData/liuyao-folvvhbzvbykjcfspkzmaozmsnto/Build/Intermediates.noindex/liuyao.build/Debug-iphonesimulator/liuyao.build/Objects-normal/arm64/ChatMasterView.d -emit-const-values-path /Users/zhangshaocong6/Library/Developer/Xcode/DerivedData/liuyao-folvvhbzvbykjcfspkzmaozmsnto/Build/Intermediates.noindex/liuyao.build/Debug-iphonesimulator/liuyao.build/Objects-normal/arm64/ChatMasterView.swiftconstvalues -emit-reference-dependencies-path /Users/zhangshaocong6/Library/Developer/Xcode/DerivedData/liuyao-folvvhbzvbykjcfspkzmaozmsnto/Build/Intermediates.noindex/liuyao.build/Debug-iphonesimulator/liuyao.build/Objects-normal/arm64/ChatMasterView.swiftdeps -serialize-diagnostics-path /Users/zhangshaocong6/Library/Developer/Xcode/DerivedData/liuyao-folvvhbzvbykjcfspkzmaozmsnto/Build/Intermediates.noindex/liuyao.build/Debug-iphonesimulator/liuyao.build/Objects-normal/arm64/ChatMasterView.dia -emit-localized-strings -emit-localized-strings-path /Users/zhangshaocong6/Library/Developer/Xcode/DerivedData/liuyao-folvvhbzvbykjcfspkzmaozmsnto/Build/Intermediates.noindex/liuyao.build/Debug-iphonesimulator/liuyao.build/Objects-normal/arm64 -target arm64-apple-ios16-simulator -Xllvm -aarch64-use-tbi -enable-objc-interop -sdk /Applications/Xcode.app/Contents/Developer/Platforms/iPhoneSimulator.platform/Developer/SDKs/iPhoneSimulator18.2.sdk -I /Users/zhangshaocong6/Library/Developer/Xcode/DerivedData/liuyao-folvvhbzvbykjcfspkzmaozmsnto/Build/Products/Debug-iphonesimulator -F /Users/zhangshaocong6/Library/Developer/Xcode/DerivedData/liuyao-folvvhbzvbykjcfspkzmaozmsnto/Build/Products/Debug-iphonesimulator -no-color-diagnostics -enable-testing -g -debug-info-format\=dwarf -dwarf-version\=4 -module-cache-path /Users/zhangshaocong6/Library/Developer/Xcode/DerivedData/ModuleCache.noindex -profile-generate -profile-coverage-mapping -swift-version 5 -enforce-exclusivity\=checked -Onone -D DEBUG -serialize-debugging-options -const-gather-protocols-file /Users/zhangshaocong6/Library/Developer/Xcode/DerivedData/liuyao-folvvhbzvbykjcfspkzmaozmsnto/Build/Intermediates.noindex/liuyao.build/Debug-iphonesimulator/liuyao.build/Objects-normal/arm64/liuyao_const_extract_protocols.json -enable-experimental-feature DebugDescriptionMacro -enable-experimental-feature OpaqueTypeErasure -enable-bare-slash-regex -empty-abi-descriptor -validate-clang-modules-once -clang-build-session-file /Users/zhangshaocong6/Library/Developer/Xcode/DerivedData/ModuleCache.noindex/Session.modulevalidation -Xcc -working-directory -Xcc /Users/zhangshaocong6/Desktop/cs/AI/liuyao -resource-dir /Applications/Xcode.app/Contents/Developer/Toolchains/XcodeDefault.xctoolchain/usr/lib/swift -enable-anonymous-context-mangled-names -file-compilation-dir /Users/zhangshaocong6/Desktop/cs/AI/liuyao -Xcc -D_LIBCPP_HARDENING_MODE\=_LIBCPP_HARDENING_MODE_DEBUG -Xcc -ivfsstatcache -Xcc /Users/zhangshaocong6/Library/Developer/Xcode/DerivedData/SDKStatCaches.noindex/iphonesimulator18.2-22C146-07b28473f605e47e75261259d3ef3b5a.sdkstatcache -Xcc -I/Users/zhangshaocong6/Library/Developer/Xcode/DerivedData/liuyao-folvvhbzvbykjcfspkzmaozmsnto/Build/Intermediates.noindex/liuyao.build/Debug-iphonesimulator/liuyao.build/swift-overrides.hmap -Xcc -iquote -Xcc /Users/zhangshaocong6/Library/Developer/Xcode/DerivedData/liuyao-folvvhbzvbykjcfspkzmaozmsnto/Build/Intermediates.noindex/liuyao.build/Debug-iphonesimulator/liuyao.build/liuyao-generated-files.hmap -Xcc -I/Users/zhangshaocong6/Library/Developer/Xcode/DerivedData/liuyao-folvvhbzvbykjcfspkzmaozmsnto/Build/Intermediates.noindex/liuyao.build/Debug-iphonesimulator/liuyao.build/liuyao-own-target-headers.hmap -Xcc -I/Users/zhangshaocong6/Library/Developer/Xcode/DerivedData/liuyao-folvvhbzvbykjcfspkzmaozmsnto/Build/Intermediates.noindex/liuyao.build/Debug-iphonesimulator/liuyao.build/liuyao-all-target-headers.hmap -Xcc -iquote -Xcc /Users/zhangshaocong6/Library/Developer/Xcode/DerivedData/liuyao-folvvhbzvbykjcfspkzmaozmsnto/Build/Intermediates.noindex/liuyao.build/Debug-iphonesimulator/liuyao.build/liuyao-project-headers.hmap -Xcc -I/Users/zhangshaocong6/Library/Developer/Xcode/DerivedData/liuyao-folvvhbzvbykjcfspkzmaozmsnto/Build/Products/Debug-iphonesimulator/include -Xcc -I/Users/zhangshaocong6/Library/Developer/Xcode/DerivedData/liuyao-folvvhbzvbykjcfspkzmaozmsnto/Build/Intermediates.noindex/liuyao.build/Debug-iphonesimulator/liuyao.build/DerivedSources-normal/arm64 -Xcc -I/Users/zhangshaocong6/Library/Developer/Xcode/DerivedData/liuyao-folvvhbzvbykjcfspkzmaozmsnto/Build/Intermediates.noindex/liuyao.build/Debug-iphonesimulator/liuyao.build/DerivedSources/arm64 -Xcc -I/Users/zhangshaocong6/Library/Developer/Xcode/DerivedData/liuyao-folvvhbzvbykjcfspkzmaozmsnto/Build/Intermediates.noindex/liuyao.build/Debug-iphonesimulator/liuyao.build/DerivedSources -Xcc -DDEBUG\=1 -module-name liuyao -frontend-parseable-output -disable-clang-spi -target-sdk-version 18.2 -target-sdk-name iphonesimulator18.2 -external-plugin-path /Applications/Xcode.app/Contents/Developer/Platforms/iPhoneOS.platform/Developer/usr/lib/swift/host/plugins\#/Applications/Xcode.app/Contents/Developer/Platforms/iPhoneOS.platform/Developer/usr/bin/swift-plugin-server -external-plugin-path /Applications/Xcode.app/Contents/Developer/Platforms/iPhoneOS.platform/Developer/usr/local/lib/swift/host/plugins\#/Applications/Xcode.app/Contents/Developer/Platforms/iPhoneOS.platform/Developer/usr/bin/swift-plugin-server -plugin-path /Applications/Xcode.app/Contents/Developer/Toolchains/XcodeDefault.xctoolchain/usr/lib/swift/host/plugins -plugin-path /Applications/Xcode.app/Contents/Developer/Toolchains/XcodeDefault.xctoolchain/usr/local/lib/swift/host/plugins -o /Users/zhangshaocong6/Library/Developer/Xcode/DerivedData/liuyao-folvvhbzvbykjcfspkzmaozmsnto/Build/Intermediates.noindex/liuyao.build/Debug-iphonesimulator/liuyao.build/Objects-normal/arm64/ChatMasterView.o -index-unit-output-path /liuyao.build/Debug-iphonesimulator/liuyao.build/Objects-normal/arm64/ChatMasterView.o -index-store-path /Users/zhangshaocong6/Library/Developer/Xcode/DerivedData/liuyao-folvvhbzvbykjcfspkzmaozmsnto/Index.noindex/DataStore -index-system-modules

SwiftCompile normal arm64 /Users/zhangshaocong6/Desktop/cs/AI/liuyao/liuyao/ChatMasterView.swift (in target 'liuyao' from project 'liuyao')
    cd /Users/zhangshaocong6/Desktop/cs/AI/liuyao
    /Applications/Xcode.app/Contents/Developer/Toolchains/XcodeDefault.xctoolchain/usr/bin/swift-frontend -c /Users/zhangshaocong6/Desktop/cs/AI/liuyao/liuyao/AIModels.swift /Users/zhangshaocong6/Desktop/cs/AI/liuyao/liuyao/AIService.swift -primary-file /Users/zhangshaocong6/Desktop/cs/AI/liuyao/liuyao/ChatMasterView.swift /Users/zhangshaocong6/Desktop/cs/AI/liuyao/liuyao/CoinTossPageView.swift /Users/zhangshaocong6/Desktop/cs/AI/liuyao/liuyao/ContentView.swift /Users/zhangshaocong6/Desktop/cs/AI/liuyao/liuyao/DataModels.swift /Users/zhangshaocong6/Desktop/cs/AI/liuyao/liuyao/DivinationPageView.swift /Users/zhangshaocong6/Desktop/cs/AI/liuyao/liuyao/DivinationResultPageView.swift /Users/zhangshaocong6/Desktop/cs/AI/liuyao/liuyao/HistoryPageView.swift /Users/zhangshaocong6/Desktop/cs/AI/liuyao/liuyao/HistoryView.swift /Users/zhangshaocong6/Desktop/cs/AI/liuyao/liuyao/LearningPageView.swift /Users/zhangshaocong6/Desktop/cs/AI/liuyao/liuyao/LearningView.swift /Users/zhangshaocong6/Desktop/cs/AI/liuyao/liuyao/liuyaoApp.swift /Users/zhangshaocong6/Desktop/cs/AI/liuyao/liuyao/LocationManager.swift /Users/zhangshaocong6/Desktop/cs/AI/liuyao/liuyao/NetworkService.swift /Users/zhangshaocong6/Desktop/cs/AI/liuyao/liuyao/SharedComponents.swift /Users/zhangshaocong6/Library/Developer/Xcode/DerivedData/liuyao-folvvhbzvbykjcfspkzmaozmsnto/Build/Intermediates.noindex/liuyao.build/Debug-iphonesimulator/liuyao.build/DerivedSources/CoreDataGenerated/DivinationModel/DivinationRecord+CoreDataClass.swift /Users/zhangshaocong6/Library/Developer/Xcode/DerivedData/liuyao-folvvhbzvbykjcfspkzmaozmsnto/Build/Intermediates.noindex/liuyao.build/Debug-iphonesimulator/liuyao.build/DerivedSources/CoreDataGenerated/DivinationModel/DivinationRecord+CoreDataProperties.swift /Users/zhangshaocong6/Library/Developer/Xcode/DerivedData/liuyao-folvvhbzvbykjcfspkzmaozmsnto/Build/Intermediates.noindex/liuyao.build/Debug-iphonesimulator/liuyao.build/DerivedSources/CoreDataGenerated/DivinationModel/Entity1+CoreDataClass.swift /Users/zhangshaocong6/Library/Developer/Xcode/DerivedData/liuyao-folvvhbzvbykjcfspkzmaozmsnto/Build/Intermediates.noindex/liuyao.build/Debug-iphonesimulator/liuyao.build/DerivedSources/CoreDataGenerated/DivinationModel/Entity1+CoreDataProperties.swift /Users/zhangshaocong6/Library/Developer/Xcode/DerivedData/liuyao-folvvhbzvbykjcfspkzmaozmsnto/Build/Intermediates.noindex/liuyao.build/Debug-iphonesimulator/liuyao.build/DerivedSources/CoreDataGenerated/DivinationModel/DivinationModel+CoreDataModel.swift /Users/zhangshaocong6/Library/Developer/Xcode/DerivedData/liuyao-folvvhbzvbykjcfspkzmaozmsnto/Build/Intermediates.noindex/liuyao.build/Debug-iphonesimulator/liuyao.build/DerivedSources/GeneratedAssetSymbols.swift -emit-dependencies-path /Users/zhangshaocong6/Library/Developer/Xcode/DerivedData/liuyao-folvvhbzvbykjcfspkzmaozmsnto/Build/Intermediates.noindex/liuyao.build/Debug-iphonesimulator/liuyao.build/Objects-normal/arm64/ChatMasterView.d -emit-const-values-path /Users/zhangshaocong6/Library/Developer/Xcode/DerivedData/liuyao-folvvhbzvbykjcfspkzmaozmsnto/Build/Intermediates.noindex/liuyao.build/Debug-iphonesimulator/liuyao.build/Objects-normal/arm64/ChatMasterView.swiftconstvalues -emit-reference-dependencies-path /Users/zhangshaocong6/Library/Developer/Xcode/DerivedData/liuyao-folvvhbzvbykjcfspkzmaozmsnto/Build/Intermediates.noindex/liuyao.build/Debug-iphonesimulator/liuyao.build/Objects-normal/arm64/ChatMasterView.swiftdeps -serialize-diagnostics-path /Users/zhangshaocong6/Library/Developer/Xcode/DerivedData/liuyao-folvvhbzvbykjcfspkzmaozmsnto/Build/Intermediates.noindex/liuyao.build/Debug-iphonesimulator/liuyao.build/Objects-normal/arm64/ChatMasterView.dia -emit-localized-strings -emit-localized-strings-path /Users/zhangshaocong6/Library/Developer/Xcode/DerivedData/liuyao-folvvhbzvbykjcfspkzmaozmsnto/Build/Intermediates.noindex/liuyao.build/Debug-iphonesimulator/liuyao.build/Objects-normal/arm64 -target arm64-apple-ios16-simulator -Xllvm -aarch64-use-tbi -enable-objc-interop -sdk /Applications/Xcode.app/Contents/Developer/Platforms/iPhoneSimulator.platform/Developer/SDKs/iPhoneSimulator18.2.sdk -I /Users/zhangshaocong6/Library/Developer/Xcode/DerivedData/liuyao-folvvhbzvbykjcfspkzmaozmsnto/Build/Products/Debug-iphonesimulator -F /Users/zhangshaocong6/Library/Developer/Xcode/DerivedData/liuyao-folvvhbzvbykjcfspkzmaozmsnto/Build/Products/Debug-iphonesimulator -no-color-diagnostics -enable-testing -g -debug-info-format\=dwarf -dwarf-version\=4 -module-cache-path /Users/zhangshaocong6/Library/Developer/Xcode/DerivedData/ModuleCache.noindex -profile-generate -profile-coverage-mapping -swift-version 5 -enforce-exclusivity\=checked -Onone -D DEBUG -serialize-debugging-options -const-gather-protocols-file /Users/zhangshaocong6/Library/Developer/Xcode/DerivedData/liuyao-folvvhbzvbykjcfspkzmaozmsnto/Build/Intermediates.noindex/liuyao.build/Debug-iphonesimulator/liuyao.build/Objects-normal/arm64/liuyao_const_extract_protocols.json -enable-experimental-feature DebugDescriptionMacro -enable-experimental-feature OpaqueTypeErasure -enable-bare-slash-regex -empty-abi-descriptor -validate-clang-modules-once -clang-build-session-file /Users/zhangshaocong6/Library/Developer/Xcode/DerivedData/ModuleCache.noindex/Session.modulevalidation -Xcc -working-directory -Xcc /Users/zhangshaocong6/Desktop/cs/AI/liuyao -resource-dir /Applications/Xcode.app/Contents/Developer/Toolchains/XcodeDefault.xctoolchain/usr/lib/swift -enable-anonymous-context-mangled-names -file-compilation-dir /Users/zhangshaocong6/Desktop/cs/AI/liuyao -Xcc -D_LIBCPP_HARDENING_MODE\=_LIBCPP_HARDENING_MODE_DEBUG -Xcc -ivfsstatcache -Xcc /Users/zhangshaocong6/Library/Developer/Xcode/DerivedData/SDKStatCaches.noindex/iphonesimulator18.2-22C146-07b28473f605e47e75261259d3ef3b5a.sdkstatcache -Xcc -I/Users/zhangshaocong6/Library/Developer/Xcode/DerivedData/liuyao-folvvhbzvbykjcfspkzmaozmsnto/Build/Intermediates.noindex/liuyao.build/Debug-iphonesimulator/liuyao.build/swift-overrides.hmap -Xcc -iquote -Xcc /Users/zhangshaocong6/Library/Developer/Xcode/DerivedData/liuyao-folvvhbzvbykjcfspkzmaozmsnto/Build/Intermediates.noindex/liuyao.build/Debug-iphonesimulator/liuyao.build/liuyao-generated-files.hmap -Xcc -I/Users/zhangshaocong6/Library/Developer/Xcode/DerivedData/liuyao-folvvhbzvbykjcfspkzmaozmsnto/Build/Intermediates.noindex/liuyao.build/Debug-iphonesimulator/liuyao.build/liuyao-own-target-headers.hmap -Xcc -I/Users/zhangshaocong6/Library/Developer/Xcode/DerivedData/liuyao-folvvhbzvbykjcfspkzmaozmsnto/Build/Intermediates.noindex/liuyao.build/Debug-iphonesimulator/liuyao.build/liuyao-all-target-headers.hmap -Xcc -iquote -Xcc /Users/zhangshaocong6/Library/Developer/Xcode/DerivedData/liuyao-folvvhbzvbykjcfspkzmaozmsnto/Build/Intermediates.noindex/liuyao.build/Debug-iphonesimulator/liuyao.build/liuyao-project-headers.hmap -Xcc -I/Users/zhangshaocong6/Library/Developer/Xcode/DerivedData/liuyao-folvvhbzvbykjcfspkzmaozmsnto/Build/Products/Debug-iphonesimulator/include -Xcc -I/Users/zhangshaocong6/Library/Developer/Xcode/DerivedData/liuyao-folvvhbzvbykjcfspkzmaozmsnto/Build/Intermediates.noindex/liuyao.build/Debug-iphonesimulator/liuyao.build/DerivedSources-normal/arm64 -Xcc -I/Users/zhangshaocong6/Library/Developer/Xcode/DerivedData/liuyao-folvvhbzvbykjcfspkzmaozmsnto/Build/Intermediates.noindex/liuyao.build/Debug-iphonesimulator/liuyao.build/DerivedSources/arm64 -Xcc -I/Users/zhangshaocong6/Library/Developer/Xcode/DerivedData/liuyao-folvvhbzvbykjcfspkzmaozmsnto/Build/Intermediates.noindex/liuyao.build/Debug-iphonesimulator/liuyao.build/DerivedSources -Xcc -DDEBUG\=1 -module-name liuyao -frontend-parseable-output -disable-clang-spi -target-sdk-version 18.2 -target-sdk-name iphonesimulator18.2 -external-plugin-path /Applications/Xcode.app/Contents/Developer/Platforms/iPhoneOS.platform/Developer/usr/lib/swift/host/plugins\#/Applications/Xcode.app/Contents/Developer/Platforms/iPhoneOS.platform/Developer/usr/bin/swift-plugin-server -external-plugin-path /Applications/Xcode.app/Contents/Developer/Platforms/iPhoneOS.platform/Developer/usr/local/lib/swift/host/plugins\#/Applications/Xcode.app/Contents/Developer/Platforms/iPhoneOS.platform/Developer/usr/bin/swift-plugin-server -plugin-path /Applications/Xcode.app/Contents/Developer/Toolchains/XcodeDefault.xctoolchain/usr/lib/swift/host/plugins -plugin-path /Applications/Xcode.app/Contents/Developer/Toolchains/XcodeDefault.xctoolchain/usr/local/lib/swift/host/plugins -o /Users/zhangshaocong6/Library/Developer/Xcode/DerivedData/liuyao-folvvhbzvbykjcfspkzmaozmsnto/Build/Intermediates.noindex/liuyao.build/Debug-iphonesimulator/liuyao.build/Objects-normal/arm64/ChatMasterView.o -index-unit-output-path /liuyao.build/Debug-iphonesimulator/liuyao.build/Objects-normal/arm64/ChatMasterView.o -index-store-path /Users/zhangshaocong6/Library/Developer/Xcode/DerivedData/liuyao-folvvhbzvbykjcfspkzmaozmsnto/Index.noindex/DataStore -index-system-modules
/Users/zhangshaocong6/Desktop/cs/AI/liuyao/liuyao/ChatMasterView.swift:12:9: warning: immutable property will not be decoded because it is declared with an initial value which cannot be overwritten
    let id = UUID()
        ^
/Users/zhangshaocong6/Desktop/cs/AI/liuyao/liuyao/ChatMasterView.swift:12:9: note: set the initial value via the initializer or explicitly define a CodingKeys enum including a 'id' case to silence this warning
    let id = UUID()
        ^
/Users/zhangshaocong6/Desktop/cs/AI/liuyao/liuyao/ChatMasterView.swift:12:9: note: make the property mutable instead
    let id = UUID()
    ~~~ ^
    var
/Users/zhangshaocong6/Desktop/cs/AI/liuyao/liuyao/ChatMasterView.swift:208:46: error: function declares an opaque return type 'some ShapeStyle', but the return statements in its body do not have matching underlying types
    private var bubbleColor: some ShapeStyle {
                             ~~~~~~~~~~~~~~~ ^
/Users/zhangshaocong6/Desktop/cs/AI/liuyao/liuyao/ChatMasterView.swift:210:33: note: return statement has underlying type 'Color'
            return Color.orange.opacity(0.8)
                                ^
/Users/zhangshaocong6/Desktop/cs/AI/liuyao/liuyao/ChatMasterView.swift:212:20: note: return statement has underlying type 'LinearGradient'
            return LinearGradient(
                   ^

SwiftCompile normal arm64 Compiling\ DivinationResultPageView.swift /Users/zhangshaocong6/Desktop/cs/AI/liuyao/liuyao/DivinationResultPageView.swift (in target 'liuyao' from project 'liuyao')
    cd /Users/zhangshaocong6/Desktop/cs/AI/liuyao
    builtin-swiftTaskExecution -- /Applications/Xcode.app/Contents/Developer/Toolchains/XcodeDefault.xctoolchain/usr/bin/swift-frontend -frontend -c /Users/zhangshaocong6/Desktop/cs/AI/liuyao/liuyao/AIModels.swift /Users/zhangshaocong6/Desktop/cs/AI/liuyao/liuyao/AIService.swift /Users/zhangshaocong6/Desktop/cs/AI/liuyao/liuyao/ChatMasterView.swift /Users/zhangshaocong6/Desktop/cs/AI/liuyao/liuyao/CoinTossPageView.swift /Users/zhangshaocong6/Desktop/cs/AI/liuyao/liuyao/ContentView.swift /Users/zhangshaocong6/Desktop/cs/AI/liuyao/liuyao/DataModels.swift /Users/zhangshaocong6/Desktop/cs/AI/liuyao/liuyao/DivinationPageView.swift -primary-file /Users/zhangshaocong6/Desktop/cs/AI/liuyao/liuyao/DivinationResultPageView.swift /Users/zhangshaocong6/Desktop/cs/AI/liuyao/liuyao/HistoryPageView.swift /Users/zhangshaocong6/Desktop/cs/AI/liuyao/liuyao/HistoryView.swift /Users/zhangshaocong6/Desktop/cs/AI/liuyao/liuyao/LearningPageView.swift /Users/zhangshaocong6/Desktop/cs/AI/liuyao/liuyao/LearningView.swift /Users/zhangshaocong6/Desktop/cs/AI/liuyao/liuyao/liuyaoApp.swift /Users/zhangshaocong6/Desktop/cs/AI/liuyao/liuyao/LocationManager.swift /Users/zhangshaocong6/Desktop/cs/AI/liuyao/liuyao/NetworkService.swift /Users/zhangshaocong6/Desktop/cs/AI/liuyao/liuyao/SharedComponents.swift /Users/zhangshaocong6/Library/Developer/Xcode/DerivedData/liuyao-folvvhbzvbykjcfspkzmaozmsnto/Build/Intermediates.noindex/liuyao.build/Debug-iphonesimulator/liuyao.build/DerivedSources/CoreDataGenerated/DivinationModel/DivinationRecord+CoreDataClass.swift /Users/zhangshaocong6/Library/Developer/Xcode/DerivedData/liuyao-folvvhbzvbykjcfspkzmaozmsnto/Build/Intermediates.noindex/liuyao.build/Debug-iphonesimulator/liuyao.build/DerivedSources/CoreDataGenerated/DivinationModel/DivinationRecord+CoreDataProperties.swift /Users/zhangshaocong6/Library/Developer/Xcode/DerivedData/liuyao-folvvhbzvbykjcfspkzmaozmsnto/Build/Intermediates.noindex/liuyao.build/Debug-iphonesimulator/liuyao.build/DerivedSources/CoreDataGenerated/DivinationModel/Entity1+CoreDataClass.swift /Users/zhangshaocong6/Library/Developer/Xcode/DerivedData/liuyao-folvvhbzvbykjcfspkzmaozmsnto/Build/Intermediates.noindex/liuyao.build/Debug-iphonesimulator/liuyao.build/DerivedSources/CoreDataGenerated/DivinationModel/Entity1+CoreDataProperties.swift /Users/zhangshaocong6/Library/Developer/Xcode/DerivedData/liuyao-folvvhbzvbykjcfspkzmaozmsnto/Build/Intermediates.noindex/liuyao.build/Debug-iphonesimulator/liuyao.build/DerivedSources/CoreDataGenerated/DivinationModel/DivinationModel+CoreDataModel.swift /Users/zhangshaocong6/Library/Developer/Xcode/DerivedData/liuyao-folvvhbzvbykjcfspkzmaozmsnto/Build/Intermediates.noindex/liuyao.build/Debug-iphonesimulator/liuyao.build/DerivedSources/GeneratedAssetSymbols.swift -emit-dependencies-path /Users/zhangshaocong6/Library/Developer/Xcode/DerivedData/liuyao-folvvhbzvbykjcfspkzmaozmsnto/Build/Intermediates.noindex/liuyao.build/Debug-iphonesimulator/liuyao.build/Objects-normal/arm64/DivinationResultPageView.d -emit-const-values-path /Users/zhangshaocong6/Library/Developer/Xcode/DerivedData/liuyao-folvvhbzvbykjcfspkzmaozmsnto/Build/Intermediates.noindex/liuyao.build/Debug-iphonesimulator/liuyao.build/Objects-normal/arm64/DivinationResultPageView.swiftconstvalues -emit-reference-dependencies-path /Users/zhangshaocong6/Library/Developer/Xcode/DerivedData/liuyao-folvvhbzvbykjcfspkzmaozmsnto/Build/Intermediates.noindex/liuyao.build/Debug-iphonesimulator/liuyao.build/Objects-normal/arm64/DivinationResultPageView.swiftdeps -serialize-diagnostics-path /Users/zhangshaocong6/Library/Developer/Xcode/DerivedData/liuyao-folvvhbzvbykjcfspkzmaozmsnto/Build/Intermediates.noindex/liuyao.build/Debug-iphonesimulator/liuyao.build/Objects-normal/arm64/DivinationResultPageView.dia -emit-localized-strings -emit-localized-strings-path /Users/zhangshaocong6/Library/Developer/Xcode/DerivedData/liuyao-folvvhbzvbykjcfspkzmaozmsnto/Build/Intermediates.noindex/liuyao.build/Debug-iphonesimulator/liuyao.build/Objects-normal/arm64 -target arm64-apple-ios16-simulator -Xllvm -aarch64-use-tbi -enable-objc-interop -sdk /Applications/Xcode.app/Contents/Developer/Platforms/iPhoneSimulator.platform/Developer/SDKs/iPhoneSimulator18.2.sdk -I /Users/zhangshaocong6/Library/Developer/Xcode/DerivedData/liuyao-folvvhbzvbykjcfspkzmaozmsnto/Build/Products/Debug-iphonesimulator -F /Users/zhangshaocong6/Library/Developer/Xcode/DerivedData/liuyao-folvvhbzvbykjcfspkzmaozmsnto/Build/Products/Debug-iphonesimulator -no-color-diagnostics -enable-testing -g -debug-info-format\=dwarf -dwarf-version\=4 -module-cache-path /Users/zhangshaocong6/Library/Developer/Xcode/DerivedData/ModuleCache.noindex -profile-generate -profile-coverage-mapping -swift-version 5 -enforce-exclusivity\=checked -Onone -D DEBUG -serialize-debugging-options -const-gather-protocols-file /Users/zhangshaocong6/Library/Developer/Xcode/DerivedData/liuyao-folvvhbzvbykjcfspkzmaozmsnto/Build/Intermediates.noindex/liuyao.build/Debug-iphonesimulator/liuyao.build/Objects-normal/arm64/liuyao_const_extract_protocols.json -enable-experimental-feature DebugDescriptionMacro -enable-experimental-feature OpaqueTypeErasure -enable-bare-slash-regex -empty-abi-descriptor -validate-clang-modules-once -clang-build-session-file /Users/zhangshaocong6/Library/Developer/Xcode/DerivedData/ModuleCache.noindex/Session.modulevalidation -Xcc -working-directory -Xcc /Users/zhangshaocong6/Desktop/cs/AI/liuyao -resource-dir /Applications/Xcode.app/Contents/Developer/Toolchains/XcodeDefault.xctoolchain/usr/lib/swift -enable-anonymous-context-mangled-names -file-compilation-dir /Users/zhangshaocong6/Desktop/cs/AI/liuyao -Xcc -D_LIBCPP_HARDENING_MODE\=_LIBCPP_HARDENING_MODE_DEBUG -Xcc -ivfsstatcache -Xcc /Users/zhangshaocong6/Library/Developer/Xcode/DerivedData/SDKStatCaches.noindex/iphonesimulator18.2-22C146-07b28473f605e47e75261259d3ef3b5a.sdkstatcache -Xcc -I/Users/zhangshaocong6/Library/Developer/Xcode/DerivedData/liuyao-folvvhbzvbykjcfspkzmaozmsnto/Build/Intermediates.noindex/liuyao.build/Debug-iphonesimulator/liuyao.build/swift-overrides.hmap -Xcc -iquote -Xcc /Users/zhangshaocong6/Library/Developer/Xcode/DerivedData/liuyao-folvvhbzvbykjcfspkzmaozmsnto/Build/Intermediates.noindex/liuyao.build/Debug-iphonesimulator/liuyao.build/liuyao-generated-files.hmap -Xcc -I/Users/zhangshaocong6/Library/Developer/Xcode/DerivedData/liuyao-folvvhbzvbykjcfspkzmaozmsnto/Build/Intermediates.noindex/liuyao.build/Debug-iphonesimulator/liuyao.build/liuyao-own-target-headers.hmap -Xcc -I/Users/zhangshaocong6/Library/Developer/Xcode/DerivedData/liuyao-folvvhbzvbykjcfspkzmaozmsnto/Build/Intermediates.noindex/liuyao.build/Debug-iphonesimulator/liuyao.build/liuyao-all-target-headers.hmap -Xcc -iquote -Xcc /Users/zhangshaocong6/Library/Developer/Xcode/DerivedData/liuyao-folvvhbzvbykjcfspkzmaozmsnto/Build/Intermediates.noindex/liuyao.build/Debug-iphonesimulator/liuyao.build/liuyao-project-headers.hmap -Xcc -I/Users/zhangshaocong6/Library/Developer/Xcode/DerivedData/liuyao-folvvhbzvbykjcfspkzmaozmsnto/Build/Products/Debug-iphonesimulator/include -Xcc -I/Users/zhangshaocong6/Library/Developer/Xcode/DerivedData/liuyao-folvvhbzvbykjcfspkzmaozmsnto/Build/Intermediates.noindex/liuyao.build/Debug-iphonesimulator/liuyao.build/DerivedSources-normal/arm64 -Xcc -I/Users/zhangshaocong6/Library/Developer/Xcode/DerivedData/liuyao-folvvhbzvbykjcfspkzmaozmsnto/Build/Intermediates.noindex/liuyao.build/Debug-iphonesimulator/liuyao.build/DerivedSources/arm64 -Xcc -I/Users/zhangshaocong6/Library/Developer/Xcode/DerivedData/liuyao-folvvhbzvbykjcfspkzmaozmsnto/Build/Intermediates.noindex/liuyao.build/Debug-iphonesimulator/liuyao.build/DerivedSources -Xcc -DDEBUG\=1 -module-name liuyao -frontend-parseable-output -disable-clang-spi -target-sdk-version 18.2 -target-sdk-name iphonesimulator18.2 -external-plugin-path /Applications/Xcode.app/Contents/Developer/Platforms/iPhoneOS.platform/Developer/usr/lib/swift/host/plugins\#/Applications/Xcode.app/Contents/Developer/Platforms/iPhoneOS.platform/Developer/usr/bin/swift-plugin-server -external-plugin-path /Applications/Xcode.app/Contents/Developer/Platforms/iPhoneOS.platform/Developer/usr/local/lib/swift/host/plugins\#/Applications/Xcode.app/Contents/Developer/Platforms/iPhoneOS.platform/Developer/usr/bin/swift-plugin-server -plugin-path /Applications/Xcode.app/Contents/Developer/Toolchains/XcodeDefault.xctoolchain/usr/lib/swift/host/plugins -plugin-path /Applications/Xcode.app/Contents/Developer/Toolchains/XcodeDefault.xctoolchain/usr/local/lib/swift/host/plugins -o /Users/zhangshaocong6/Library/Developer/Xcode/DerivedData/liuyao-folvvhbzvbykjcfspkzmaozmsnto/Build/Intermediates.noindex/liuyao.build/Debug-iphonesimulator/liuyao.build/Objects-normal/arm64/DivinationResultPageView.o -index-unit-output-path /liuyao.build/Debug-iphonesimulator/liuyao.build/Objects-normal/arm64/DivinationResultPageView.o -index-store-path /Users/zhangshaocong6/Library/Developer/Xcode/DerivedData/liuyao-folvvhbzvbykjcfspkzmaozmsnto/Index.noindex/DataStore -index-system-modules

SwiftDriverJobDiscovery normal arm64 Compiling DivinationRecord+CoreDataClass.swift (in target 'liuyao' from project 'liuyao')

SwiftDriverJobDiscovery normal arm64 Compiling DivinationRecord+CoreDataProperties.swift (in target 'liuyao' from project 'liuyao')

SwiftDriverJobDiscovery normal arm64 Compiling LearningPageView.swift (in target 'liuyao' from project 'liuyao')

** BUILD FAILED **


The following build commands failed:
	SwiftCompile normal arm64 Compiling\ ChatMasterView.swift /Users/zhangshaocong6/Desktop/cs/AI/liuyao/liuyao/ChatMasterView.swift (in target 'liuyao' from project 'liuyao')
	SwiftCompile normal arm64 /Users/zhangshaocong6/Desktop/cs/AI/liuyao/liuyao/ChatMasterView.swift (in target 'liuyao' from project 'liuyao')
	Building project liuyao with scheme liuyao
(3 failures)
